Component: ARM Compiler 5.05 update 1 (build 106) Tool: armlink [4d0efa]

==============================================================================

Section Cross References

    main.o(.text) refers to _printf_percent.o(.ARM.Collect$$_printf_percent$$00000000) for _printf_percent
    main.o(.text) refers to _printf_d.o(.ARM.Collect$$_printf_percent$$00000009) for _printf_d
    main.o(.text) refers to _printf_x.o(.ARM.Collect$$_printf_percent$$0000000C) for _printf_x
    main.o(.text) refers to _printf_dec.o(.text) for _printf_int_dec
    main.o(.text) refers to _printf_hex_int_ll_ptr.o(.text) for _printf_longlong_hex
    main.o(.text) refers to tiky_lcd.o(.text) for BlockWrite
    main.o(.text) refers to control.o(.text) for IDLE_Mode
    main.o(.text) refers to dflt_clz.o(x$fpl$dflt) for __aeabi_i2d
    main.o(.text) refers to ddiv.o(x$fpl$ddiv) for __aeabi_ddiv
    main.o(.text) refers to dfix.o(x$fpl$dfix) for __aeabi_d2iz
    main.o(.text) refers to pid.o(.text) for PID_Ctr
    main.o(.text) refers to os_time.o(.text) for OSTimeDlyHMSM
    main.o(.text) refers to camp.o(.constdata) for gImage_camp
    main.o(.text) refers to main.o(.data) for g_startup_mode_last
    main.o(.text) refers to guidemo.o(.data) for g_current_mode
    main.o(.text) refers to control.o(.data) for g_flame_update_status
    main.o(.text) refers to guidemo.o(.bss) for g_temp_val_new
    main.o(.text) refers to pid.o(.data) for Auger_On
    main.o(.text) refers to usart.o(.data) for USART_RX_STA
    main.o(.text) refers to usart.o(.text) for run_cmd_from_usart
    main.o(.text) refers to iap.o(.text) for iap_write_appbin
    main.o(.text) refers to __2printf.o(.text) for __2printf
    main.o(.text) refers to stm32f10x_dma.o(.text) for DMA_SetCurrDataCounter
    main.o(.text) refers to temp.o(.text) for Get_Temperature
    main.o(.text) refers to fmul.o(x$fpl$fmul) for __aeabi_fmul
    main.o(.text) refers to ffix.o(x$fpl$ffix) for __aeabi_f2iz
    main.o(.text) refers to ec11key.o(.text) for EC11_BUT_Scan
    main.o(.text) refers to rt_memcpy_w.o(.text) for __aeabi_memcpy4
    main.o(.text) refers to delay.o(.text) for delay_ms
    main.o(.text) refers to guidemo.o(.text) for GUIDEMO_MainMenu
    main.o(.text) refers to main.o(.constdata) for .constdata
    main.o(.text) refers to cpu_core.o(.text) for CPU_Init
    main.o(.text) refers to os_stat.o(.text) for OSStatTaskCPUUsageInit
    main.o(.text) refers to os_core.o(.text) for OSSchedRoundRobinCfg
    main.o(.text) refers to stm32f10x_rcc.o(.text) for RCC_AHBPeriphClockCmd
    main.o(.text) refers to wm_setcreateflags.o(i.WM_SetCreateFlags) for WM_SetCreateFlags
    main.o(.text) refers to gui_core.o(i.GUI_Init) for GUI_Init
    main.o(.text) refers to cpu_a.o(.text) for CPU_SR_Save
    main.o(.text) refers to os_task.o(.text) for OSTaskCreate
    main.o(.text) refers to os_var.o(.data) for OSSchedLockNestingCtr
    main.o(.text) refers to main.o(.bss) for EMWINDEMO_TASK_STK
    main.o(.text) refers to misc.o(.text) for NVIC_PriorityGroupConfig
    main.o(.text) refers to sram.o(.text) for FSMC_SRAM_Init
    main.o(.text) refers to led.o(.text) for LED_Init
    main.o(.text) refers to malloc.o(.text) for my_mem_init
    main.o(.text) refers to adc.o(.text) for Adc_Init
    main.o(.text) refers to timer.o(.text) for TIM3_Int_Init
    main.o(.text) refers to dma.o(.text) for Usart_DMA_Init
    system_stm32f10x.o(.text) refers to system_stm32f10x.o(.data) for SystemCoreClock
    led.o(.text) refers to stm32f10x_rcc.o(.text) for RCC_APB2PeriphClockCmd
    led.o(.text) refers to stm32f10x_gpio.o(.text) for GPIO_Init
    tiky_lcd.o(.text) refers to stm32f10x_rcc.o(.text) for RCC_AHBPeriphClockCmd
    tiky_lcd.o(.text) refers to stm32f10x_gpio.o(.text) for GPIO_Init
    tiky_lcd.o(.text) refers to stm32f10x_fsmc.o(.text) for FSMC_NORSRAMInit
    tiky_lcd.o(.text) refers to delay.o(.text) for delay_ms
    tiky_lcd.o(.text) refers to tiky_lcd.o(.bss) for lcddev
    tiky_lcd.o(.text) refers to tiky_lcd.o(.data) for POINT_COLOR
    ec11key.o(.text) refers to stm32f10x_rcc.o(.text) for RCC_APB2PeriphClockCmd
    ec11key.o(.text) refers to stm32f10x_gpio.o(.text) for GPIO_Init
    ec11key.o(.text) refers to stm32f10x_exti.o(.text) for EXTI_Init
    ec11key.o(.text) refers to misc.o(.text) for NVIC_PriorityGroupConfig
    ec11key.o(.text) refers to delay.o(.text) for delay_ms
    ec11key.o(.text) refers to ec11key.o(.data) for step_left_detection
    ec11key.o(.text) refers to control.o(.data) for g_idle_mode_counter
    adc.o(.text) refers to stm32f10x_rcc.o(.text) for RCC_APB2PeriphClockCmd
    adc.o(.text) refers to stm32f10x_gpio.o(.text) for GPIO_Init
    adc.o(.text) refers to stm32f10x_adc.o(.text) for ADC_DeInit
    adc.o(.text) refers to delay.o(.text) for delay_ms
    temp.o(.text) refers to fflt_clz.o(x$fpl$fflt) for __aeabi_i2f
    temp.o(.text) refers to fflt_clz.o(x$fpl$ffltu) for __aeabi_ui2f
[...]
    0x0800f1f0   0x00000006   Code   RO         3125    .ARM.Collect$$_printf_percent$$00000003  c_w.l(_printf_f.o)
    0x0800f1f6   0x00000006   Code   RO         3126    .ARM.Collect$$_printf_percent$$00000004  c_w.l(_printf_e.o)
    0x0800f1fc   0x00000006   Code   RO         3127    .ARM.Collect$$_printf_percent$$00000005  c_w.l(_printf_g.o)
    0x0800f202   0x00000006   Code   RO         3128    .ARM.Collect$$_printf_percent$$00000006  c_w.l(_printf_a.o)
    0x0800f208   0x0000000a   Code   RO         3133    .ARM.Collect$$_printf_percent$$00000007  c_w.l(_printf_ll.o)
    0x0800f212   0x00000006   Code   RO         3123    .ARM.Collect$$_printf_percent$$00000008  c_w.l(_printf_i.o)
    0x0800f218   0x00000006   Code   RO         2995    .ARM.Collect$$_printf_percent$$00000009  c_w.l(_printf_d.o)
    0x0800f21e   0x00000006   Code   RO         3124    .ARM.Collect$$_printf_percent$$0000000A  c_w.l(_printf_u.o)
    0x0800f224   0x00000006   Code   RO         3122    .ARM.Collect$$_printf_percent$$0000000B  c_w.l(_printf_o.o)
    0x0800f22a   0x00000006   Code   RO         2994    .ARM.Collect$$_printf_percent$$0000000C  c_w.l(_printf_x.o)
    0x0800f230   0x00000006   Code   RO         3130    .ARM.Collect$$_printf_percent$$0000000D  c_w.l(_printf_lli.o)
    0x0800f236   0x00000006   Code   RO         3131    .ARM.Collect$$_printf_percent$$0000000E  c_w.l(_printf_lld.o)
    0x0800f23c   0x00000006   Code   RO         3132    .ARM.Collect$$_printf_percent$$0000000F  c_w.l(_printf_llu.o)
    0x0800f242   0x00000006   Code   RO         3137    .ARM.Collect$$_printf_percent$$00000010  c_w.l(_printf_llo.o)
    0x0800f248   0x00000006   Code   RO         3138    .ARM.Collect$$_printf_percent$$00000011  c_w.l(_printf_llx.o)
    0x0800f24e   0x0000000a   Code   RO         3134    .ARM.Collect$$_printf_percent$$00000012  c_w.l(_printf_l.o)
    0x0800f258   0x00000006   Code   RO         3119    .ARM.Collect$$_printf_percent$$00000013  c_w.l(_printf_c.o)
    0x0800f25e   0x00000006   Code   RO         2993    .ARM.Collect$$_printf_percent$$00000014  c_w.l(_printf_s.o)
    0x0800f264   0x00000006   Code   RO         3135    .ARM.Collect$$_printf_percent$$00000015  c_w.l(_printf_lc.o)
    0x0800f26a   0x00000006   Code   RO         3136    .ARM.Collect$$_printf_percent$$00000016  c_w.l(_printf_ls.o)
    0x0800f270   0x00000004   Code   RO         3129    .ARM.Collect$$_printf_percent$$00000017  c_w.l(_printf_percent_end.o)
    0x0800f274   0x00000002   Code   RO         3241    .ARM.Collect$$libinit$$00000000  c_w.l(libinit.o)
    0x0800f276   0x00000000   Code   RO         3265    .ARM.Collect$$libinit$$00000002  c_w.l(libinit2.o)
    0x0800f276   0x00000000   Code   RO         3267    .ARM.Collect$$libinit$$00000004  c_w.l(libinit2.o)
    0x0800f276   0x00000000   Code   RO         3270    .ARM.Collect$$libinit$$0000000A  c_w.l(libinit2.o)
    0x0800f276   0x00000000   Code   RO         3272    .ARM.Collect$$libinit$$0000000C  c_w.l(libinit2.o)
    0x0800f276   0x00000000   Code   RO         3274    .ARM.Collect$$libinit$$0000000E  c_w.l(libinit2.o)
    0x0800f276   0x00000006   Code   RO         3275    .ARM.Collect$$libinit$$0000000F  c_w.l(libinit2.o)
    0x0800f27c   0x00000000   Code   RO         3277    .ARM.Collect$$libinit$$00000011  c_w.l(libinit2.o)
    0x0800f27c   0x0000000c   Code   RO         3278    .ARM.Collect$$libinit$$00000012  c_w.l(libinit2.o)
    0x0800f288   0x00000000   Code   RO         3279    .ARM.Collect$$libinit$$00000013  c_w.l(libinit2.o)
    0x0800f288   0x00000000   Code   RO         3281    .ARM.Collect$$libinit$$00000015  c_w.l(libinit2.o)
    0x0800f288   0x0000000a   Code   RO         3282    .ARM.Collect$$libinit$$00000016  c_w.l(libinit2.o)
    0x0800f292   0x00000000   Code   RO         3283    .ARM.Collect$$libinit$$00000017  c_w.l(libinit2.o)
    0x0800f292   0x00000000   Code   RO         3285    .ARM.Collect$$libinit$$00000019  c_w.l(libinit2.o)
    0x0800f292   0x00000000   Code   RO         3287    .ARM.Collect$$libinit$$0000001B  c_w.l(libinit2.o)
    0x0800f292   0x00000000   Code   RO         3289    .ARM.Collect$$libinit$$0000001D  c_w.l(libinit2.o)
    0x0800f292   0x00000000   Code   RO         3291    .ARM.Collect$$libinit$$0000001F  c_w.l(libinit2.o)
    0x0800f292   0x00000000   Code   RO         3293    .ARM.Collect$$libinit$$00000021  c_w.l(libinit2.o)
    0x0800f292   0x00000000   Code   RO         3295    .ARM.Collect$$libinit$$00000023  c_w.l(libinit2.o)
    0x0800f292   0x00000000   Code   RO         3297    .ARM.Collect$$libinit$$00000025  c_w.l(libinit2.o)
    0x0800f292   0x00000000   Code   RO         3301    .ARM.Collect$$libinit$$0000002C  c_w.l(libinit2.o)
    0x0800f292   0x00000000   Code   RO         3303    .ARM.Collect$$libinit$$0000002E  c_w.l(libinit2.o)
    0x0800f292   0x00000000   Code   RO         3305    .ARM.Collect$$libinit$$00000030  c_w.l(libinit2.o)
    0x0800f292   0x00000000   Code   RO         3307    .ARM.Collect$$libinit$$00000032  c_w.l(libinit2.o)
    0x0800f292   0x00000002   Code   RO         3308    .ARM.Collect$$libinit$$00000033  c_w.l(libinit2.o)
    0x0800f294   0x00000002   Code   RO         3334    .ARM.Collect$$libshutdown$$00000000  c_w.l(libshutdown.o)
    0x0800f296   0x00000000   Code   RO         3362    .ARM.Collect$$libshutdown$$00000003  c_w.l(libshutdown2.o)
    0x0800f296   0x00000000   Code   RO         3365    .ARM.Collect$$libshutdown$$00000006  c_w.l(libshutdown2.o)
    0x0800f296   0x00000000   Code   RO         3368    .ARM.Collect$$libshutdown$$00000009  c_w.l(libshutdown2.o)
    0x0800f296   0x00000000   Code   RO         3370    .ARM.Collect$$libshutdown$$0000000B  c_w.l(libshutdown2.o)
    0x0800f296   0x00000000   Code   RO         3373    .ARM.Collect$$libshutdown$$0000000E  c_w.l(libshutdown2.o)
    0x0800f296   0x00000002   Code   RO         3374    .ARM.Collect$$libshutdown$$0000000F  c_w.l(libshutdown2.o)
    0x0800f298   0x00000000   Code   RO         3089    .ARM.Collect$$rtentry$$00000000  c_w.l(__rtentry.o)
    0x0800f298   0x00000000   Code   RO         3159    .ARM.Collect$$rtentry$$00000002  c_w.l(__rtentry2.o)
    0x0800f298   0x00000006   Code   RO         3171    .ARM.Collect$$rtentry$$00000004  c_w.l(__rtentry4.o)
    0x0800f29e   0x00000000   Code   RO         3161    .ARM.Collect$$rtentry$$00000009  c_w.l(__rtentry2.o)
    0x0800f29e   0x00000004   Code   RO         3162    .ARM.Collect$$rtentry$$0000000A  c_w.l(__rtentry2.o)
    0x0800f2a2   0x00000000   Code   RO         3164    .ARM.Collect$$rtentry$$0000000C  c_w.l(__rtentry2.o)
    0x0800f2a2   0x00000008   Code   RO         3165    .ARM.Collect$$rtentry$$0000000D  c_w.l(__rtentry2.o)
    0x0800f2aa   0x00000002   Code   RO         3251    .ARM.Collect$$rtexit$$00000000  c_w.l(rtexit.o)
    0x0800f2ac   0x00000000   Code   RO         3310    .ARM.Collect$$rtexit$$00000002  c_w.l(rtexit2.o)
    0x0800f2ac   0x00000004   Code   RO         3311    .ARM.Collect$$rtexit$$00000003  c_w.l(rtexit2.o)
    0x0800f2b0   0x00000006   Code   RO         3312    .ARM.Collect$$rtexit$$00000004  c_w.l(rtexit2.o)
    0x0800f2b6   0x00000002   PAD
    0x0800f2b8   0x00000006   Code   RO          562    .emb_text           sys.o
    0x0800f2be   0x00000002   PAD
    0x0800f2c0   0x00001440   Code   RO            1    .text               main.o
    0x08010700   0x00000016   Code   RO          292    .text               stm32f10x_it.o
    0x08010716   0x00000002   PAD
    0x08010718   0x000001e0   Code   RO          327    .text               system_stm32f10x.o
    0x080108f8   0x00000034   Code   RO          345    .text               led.o
    0x0801092c   0x00000988   Code   RO          361    .text               tiky_lcd.o
    0x080112b4   0x00000218   Code   RO          384    .text               ec11key.o
    0x080114cc   0x000000e8   Code   RO          403    .text               adc.o
    0x080115b4   0x0000027c   Code   RO          415    .text               temp.o
    0x08011830   0x00000298   Code   RO          431    .text               control.o
    0x08011ac8   0x00000c68   Code   RO          450    .text               pid.o
    0x08012730   0x000001b4   Code   RO          473    .text               sram.o
    0x080128e4   0x00000290   Code   RO          485    .text               dma.o
    0x08012b74   0x0000021c   Code   RO          506    .text               timer.o
    0x08012d90   0x000000a4   Code   RO          519    .text               iap.o
    0x08012e34   0x0000018c   Code   RO          535    .text               stmflash.o
    0x08012fc0   0x0000014c   Code   RO          548    .text               delay.o
    0x0801310c   0x00000554   Code   RO          579    .text               usart.o
    0x08013660   0x00000040   Code   RO          619    .text               startup_stm32f10x_hd.o
    0x080136a0   0x0000022c   Code   RO          623    .text               malloc.o
    0x080138cc   0x000000dc   Code   RO          645    .text               misc.o
    0x080139a8   0x0000060c   Code   RO          672    .text               stm32f10x_fsmc.o
    0x08013fb4   0x0000035c   Code   RO          684    .text               stm32f10x_gpio.o
    0x08014310   0x000003a4   Code   RO          696    .text               stm32f10x_rcc.o
    0x080146b4   0x00000e1a   Code   RO          722    .text               stm32f10x_tim.o
    0x080154ce   0x00000002   PAD
    0x080154d0   0x00000408   Code   RO          734    .text               stm32f10x_usart.o
    0x080158d8   0x0000011c   Code   RO          746    .text               stm32f10x_exti.o
    0x080159f4   0x0000044e   Code   RO          758    .text               stm32f10x_adc.o
    0x08015e42   0x00000002   PAD
    0x08015e44   0x00000254   Code   RO          770    .text               stm32f10x_dma.o
    0x08016098   0x000008e8   Code   RO          782    .text               stm32f10x_flash.o
    0x08016980   0x0000002c   Code   RO          797    .text               guiconf.o
    0x080169ac   0x00000168   Code   RO          813    .text               gui_x_ucosiii.o
    0x08016b14   0x00000880   Code   RO          827    .text               guidrv_template.o
    0x08017394   0x00000050   Code   RO          891    .text               lcdconf_flexcolor_template.o
    0x080173e4   0x000049c8   Code   RO          910    .text               guidemo.o
    0x0801bdac   0x00000084   Code   RO          929    .text               bsp.o
    0x0801be30   0x000002a8   Code   RO          944    .text               cpu_core.o
    0x0801c0d8   0x00000034   Code   RO          982    .text               cpu_a.o
    0x0801c10c   0x00000256   Code   RO          985    .text               lib_ascii.o
    0x0801c362   0x00000002   PAD
    0x0801c364   0x000009c6   Code   RO         1018    .text               lib_mem.o
    0x0801cd2a   0x00000002   PAD
    0x0801cd2c   0x0000092c   Code   RO         1037    .text               lib_str.o
    0x0801d658   0x00000220   Code   RO         1054    .text               lib_mem_a.o
    0x0801d878   0x000000fc   Code   RO         1057    .text               os_cfg_app.o
    0x0801d974   0x00000e04   Code   RO         1080    .text               os_core.o
    0x0801e778   0x000001b0   Code   RO         1092    .text               os_dbg.o
    0x0801e928   0x00000e28   Code   RO         1107    .text               os_flag.o
    0x0801f750   0x00000444   Code   RO         1119    .text               os_int.o
    0x0801fb94   0x00000238   Code   RO         1131    .text               os_mem.o
    0x0801fdcc   0x0000022c   Code   RO         1143    .text               os_msg.o
    0x0801fff8   0x00000ad4   Code   RO         1155    .text               os_mutex.o
    0x08020acc   0x0000007c   Code   RO         1173    .text               os_prio.o
    0x08020b48   0x000008d8   Code   RO         1192    .text               os_q.o
    0x08021420   0x00000830   Code   RO         1204    .text               os_sem.o
    0x08021c50   0x00000638   Code   RO         1216    .text               os_stat.o
    0x08022288   0x00001bb4   Code   RO         1228    .text               os_task.o
    0x08023e3c   0x000004fc   Code   RO         1240    .text               os_tick.o
    0x08024338   0x00000564   Code   RO         1252    .text               os_time.o
    0x0802489c   0x00000818   Code   RO         1264    .text               os_tmr.o
    0x080250b4   0x0000026c   Code   RO         1290    .text               os_cpu_c.o
    0x08025320   0x00000002   Code   RO         2930    .text               c_w.l(use_no_semi_2.o)
    0x08025322   0x000000ee   Code   RO         2932    .text               c_w.l(lludivv7m.o)
    0x08025410   0x00000024   Code   RO         2934    .text               c_w.l(c89vsprintf.o)
    0x08025434   0x00000018   Code   RO         2936    .text               c_w.l(__2printf.o)
    0x0802544c   0x0000002c   Code   RO         2938    .text               c_w.l(__2sprintf.o)
    0x08025478   0x0000004e   Code   RO         2946    .text               c_w.l(_printf_pad.o)
    0x080254c6   0x00000052   Code   RO         2948    .text               c_w.l(_printf_str.o)
    0x08025518   0x00000078   Code   RO         2950    .text               c_w.l(_printf_dec.o)
    0x08025590   0x00000094   Code   RO         2970    .text               c_w.l(_printf_hex_int_ll_ptr.o)
    0x08025624   0x00000188   Code   RO         2990    .text               c_w.l(__printf_flags_ss_wp.o)
    0x080257ac   0x0000003e   Code   RO         2997    .text               c_w.l(strlen.o)
    0x080257ea   0x0000008a   Code   RO         2999    .text               c_w.l(rt_memcpy_v6.o)
    0x08025874   0x00000084   Code   RO         3001    .text               c_w.l(rt_memmove_v6.o)
    0x080258f8   0x00000064   Code   RO         3003    .text               c_w.l(rt_memcpy_w.o)
    0x0802595c   0x00000010   Code   RO         3005    .text               c_w.l(aeabi_memset.o)
    0x0802596c   0x00000044   Code   RO         3007    .text               c_w.l(rt_memclr.o)
    0x080259b0   0x0000004e   Code   RO         3009    .text               c_w.l(rt_memclr_w.o)
    0x080259fe   0x00000006   Code   RO         3011    .text               c_w.l(heapauxi.o)
    0x08025a04   0x00000002   Code   RO         3087    .text               c_w.l(use_no_semi.o)
    0x08025a06   0x00000024   Code   RO         3094    .text               c_w.l(_printf_truncate.o)
    0x08025a2a   0x000000b2   Code   RO         3096    .text               c_w.l(_printf_intcommon.o)
    0x08025adc   0x00000028   Code   RO         3098    .text               c_w.l(_printf_charcount.o)
    0x08025b04   0x00000030   Code   RO         3100    .text               c_w.l(_printf_char_common.o)
    0x08025b34   0x0000000a   Code   RO         3102    .text               c_w.l(_sputc.o)
    0x08025b3e   0x0000002c   Code   RO         3104    .text               c_w.l(_printf_char.o)
    0x08025b6a   0x00000002   PAD
    0x08025b6c   0x00000024   Code   RO         3106    .text               c_w.l(_printf_char_file.o)
    0x08025b90   0x000000bc   Code   RO         3108    .text               c_w.l(_printf_wctomb.o)
    0x08025c4c   0x0000007c   Code   RO         3111    .text               c_w.l(_printf_longlong_dec.o)
    0x08025cc8   0x00000070   Code   RO         3117    .text               c_w.l(_printf_oct_int_ll.o)
    0x08025d38   0x0000007a   Code   RO         3139    .text               c_w.l(rt_memmove_w.o)
    0x08025db2   0x0000008a   Code   RO         3175    .text               c_w.l(lludiv10.o)
    0x08025e3c   0x0000041a   Code   RO         3177    .text               c_w.l(_printf_fp_dec.o)
    0x08026256   0x0000002c   Code   RO         3181    .text               c_w.l(_printf_wchar.o)
    0x08026282   0x00000008   Code   RO         3183    .text               c_w.l(ferror.o)
    0x0802628a   0x00000040   Code   RO         3187    .text               c_w.l(_wcrtomb.o)
    0x080262ca   0x0000004a   Code   RO         3191    .text               c_w.l(sys_stackheap_outer.o)
    0x08026314   0x00000010   Code   RO         3193    .text               c_w.l(rt_ctype_table.o)
    0x08026324   0x00000008   Code   RO         3198    .text               c_w.l(rt_locale_intlibspace.o)
    0x0802632c   0x00000080   Code   RO         3200    .text               c_w.l(_printf_fp_infnan.o)
    0x080263ac   0x000000dc   Code   RO         3202    .text               c_w.l(bigflt0.o)
    0x08026488   0x0000000c   Code   RO         3230    .text               c_w.l(exit.o)
    0x08026494   0x00000008   Code   RO         3248    .text               c_w.l(libspace.o)
    0x0802649c   0x00000080   Code   RO         3262    .text               c_w.l(strcmpv7m.o)
    0x0802651c   0x0000003e   Code   RO         3205    CL$$btod_d2e        c_w.l(btod.o)
    0x0802655a   0x00000046   Code   RO         3207    CL$$btod_d2e_denorm_low  c_w.l(btod.o)
    0x080265a0   0x00000060   Code   RO         3206    CL$$btod_d2e_norm_op1  c_w.l(btod.o)
    0x08026600   0x00000338   Code   RO         3215    CL$$btod_div_common  c_w.l(btod.o)
    0x08026938   0x000000c6   Code   RO         3212    CL$$btod_e2e        c_w.l(btod.o)
    0x080269fe   0x00000028   Code   RO         3209    CL$$btod_ediv       c_w.l(btod.o)
    0x08026a26   0x00000028   Code   RO         3208    CL$$btod_emul       c_w.l(btod.o)
    0x08026a4e   0x00000244   Code   RO         3214    CL$$btod_mult_common  c_w.l(btod.o)
    0x08026c92   0x00000002   PAD
    0x08026c94   0x00000098   Code   RO         1308    CODE                os_cpu_a.o
    0x08026d2c   0x00000008   Code   RO         1659    i.Abs               STemWin526_CM3_OS_Keil.lib(gui_drawline.o)
    0x08026d34   0x00000104   Code   RO         1561    i.GL_DrawArc        STemWin526_CM3_OS_Keil.lib(gui_arc.o)
    0x08026e38   0x000000d0   Code   RO         1585    i.GL_DrawEllipse    STemWin526_CM3_OS_Keil.lib(gui_circ.o)
    0x08026f08   0x00000010   Code   RO         1660    i.GL_DrawLine       STemWin526_CM3_OS_Keil.lib(gui_drawline.o)
    0x08026f18   0x000001cc   Code   RO         1662    i.GL_DrawLine1Ex    STemWin526_CM3_OS_Keil.lib(gui_drawline.o)
    0x080270e4   0x0000010c   Code   RO         1663    i.GL_DrawLineEx     STemWin526_CM3_OS_Keil.lib(gui_drawline.o)
    0x080271f0   0x0000000e   Code   RO         1664    i.GL_DrawLineTo     STemWin526_CM3_OS_Keil.lib(gui_drawline.o)
    0x080271fe   0x00000002   PAD
    0x08027200   0x00000028   Code   RO         1665    i.GL_DrawLineToEx   STemWin526_CM3_OS_Keil.lib(gui_drawline.o)
    0x08027228   0x00000020   Code   RO         1690    i.GL_DrawPoint      STemWin526_CM3_OS_Keil.lib(gui_drawpoint.o)
    0x08027248   0x00000068   Code   RO         1694    i.GL_DrawPolygon    STemWin526_CM3_OS_Keil.lib(gui_drawpolygon.o)
    0x080272b0   0x000000bc   Code   RO         1586    i.GL_FillCircle     STemWin526_CM3_OS_Keil.lib(gui_circ.o)
    0x0802736c   0x0000007e   Code   RO         1587    i.GL_FillEllipse    STemWin526_CM3_OS_Keil.lib(gui_circ.o)
    0x080273ea   0x00000002   PAD
    0x080273ec   0x000001dc   Code   RO         1708    i.GL_FillPolygon    STemWin526_CM3_OS_Keil.lib(gui_fillpolygon.o)
    0x080275c8   0x00000010   Code   RO         1957    i.GL_MoveTo         STemWin526_CM3_OS_Keil.lib(gui_2dlib.o)
    0x080275d8   0x00000134   Code   RO         1980    i.GUIMONO_DispChar  STemWin526_CM3_OS_Keil.lib(gui_charm.o)
    0x0802770c   0x00000018   Code   RO         1981    i.GUIMONO_GetCharDistX  STemWin526_CM3_OS_Keil.lib(gui_charm.o)
    0x08027724   0x00000006   Code   RO         1982    i.GUIMONO_GetFontInfo  STemWin526_CM3_OS_Keil.lib(gui_charm.o)
    0x0802772a   0x00000038   Code   RO         1983    i.GUIMONO_IsInFont  STemWin526_CM3_OS_Keil.lib(gui_charm.o)
    0x08027762   0x00000002   PAD
    0x08027764   0x0000009c   Code   RO         1571    i.GUIPROP_EXT_DispChar  STemWin526_CM3_OS_Keil.lib(gui_charpext.o)
    0x08027800   0x00000044   Code   RO         1572    i.GUIPROP_EXT_GetCharDistX  STemWin526_CM3_OS_Keil.lib(gui_charpext.o)
    0x08027844   0x00000038   Code   RO         1573    i.GUIPROP_EXT_GetCharInfo  STemWin526_CM3_OS_Keil.lib(gui_charpext.o)
    0x0802787c   0x00000006   Code   RO         1574    i.GUIPROP_EXT_GetFontInfo  STemWin526_CM3_OS_Keil.lib(gui_charpext.o)
    0x08027882   0x00000010   Code   RO         1575    i.GUIPROP_EXT_IsInFont  STemWin526_CM3_OS_Keil.lib(gui_charpext.o)
    0x08027892   0x00000002   PAD
    0x08027894   0x0000007c   Code   RO         1698    i.GUIPROP_EXT__ClearLine  STemWin526_CM3_OS_Keil.lib(gui_encext.o)
    0x08027910   0x00000044   Code   RO         1699    i.GUIPROP_EXT__DispLine  STemWin526_CM3_OS_Keil.lib(gui_encext.o)
    0x08027954   0x00000016   Code   RO         1576    i.GUIPROP_EXT__FindChar  STemWin526_CM3_OS_Keil.lib(gui_charpext.o)
    0x0802796a   0x00000002   PAD
    0x0802796c   0x0000004c   Code   RO         2035    i.GUITASK_CopyContext  STemWin526_CM3_OS_Keil.lib(gui_task.o)
    0x080279b8   0x00000040   Code   RO         2037    i.GUITASK_Init      STemWin526_CM3_OS_Keil.lib(gui_task.o)
    0x080279f8   0x0000001e   Code   RO         1491    i.GUI_ALLOC_AllocNoInit  STemWin526_CM3_OS_Keil.lib(gui_alloc.o)
    0x08027a16   0x0000002e   Code   RO         1965    i.GUI_ALLOC_AllocZero  STemWin526_CM3_OS_Keil.lib(gui_alloc_alloczero.o)
    0x08027a44   0x00000010   Code   RO         1492    i.GUI_ALLOC_AssignMemory  STemWin526_CM3_OS_Keil.lib(gui_alloc.o)
    0x08027a54   0x0000003c   Code   RO         1493    i.GUI_ALLOC_Free    STemWin526_CM3_OS_Keil.lib(gui_alloc.o)
    0x08027a90   0x00000018   Code   RO         1494    i.GUI_ALLOC_FreeFixedBlock  STemWin526_CM3_OS_Keil.lib(gui_alloc.o)
    0x08027aa8   0x000000b0   Code   RO         1497    i.GUI_ALLOC_GetFixedBlock  STemWin526_CM3_OS_Keil.lib(gui_alloc.o)
    0x08027b58   0x00000040   Code   RO         1498    i.GUI_ALLOC_GetMaxSize  STemWin526_CM3_OS_Keil.lib(gui_alloc.o)
    0x08027b98   0x0000001c   Code   RO         1505    i.GUI_ALLOC_LockH   STemWin526_CM3_OS_Keil.lib(gui_alloc.o)
    0x08027bb4   0x00000034   Code   RO         1506    i.GUI_ALLOC_RequestSize  STemWin526_CM3_OS_Keil.lib(gui_alloc.o)
    0x08027be8   0x0000001c   Code   RO         1507    i.GUI_ALLOC_SetAvBlockSize  STemWin526_CM3_OS_Keil.lib(gui_alloc.o)
    0x08027c04   0x00000030   Code   RO         1510    i.GUI_ALLOC_UnlockH  STemWin526_CM3_OS_Keil.lib(gui_alloc.o)
    0x08027c34   0x00000018   Code   RO         1511    i.GUI_ALLOC_h2p     STemWin526_CM3_OS_Keil.lib(gui_alloc.o)
    0x08027c4c   0x0000003c   Code   RO         2484    i.GUI_CalcColorDist  STemWin526_CM3_OS_Keil.lib(gui_calccolordist.o)
    0x08027c88   0x0000001c   Code   RO         1601    i.GUI_Clear         STemWin526_CM3_OS_Keil.lib(gui_core.o)
    0x08027ca4   0x00000068   Code   RO         1602    i.GUI_ClearRect     STemWin526_CM3_OS_Keil.lib(gui_core.o)
    0x08027d0c   0x00000050   Code   RO         1634    i.GUI_DEVICE_Create  STemWin526_CM3_OS_Keil.lib(gui_device.o)
    0x08027d5c   0x00000028   Code   RO         1635    i.GUI_DEVICE_CreateAndLink  STemWin526_CM3_OS_Keil.lib(gui_device.o)
    0x08027d84   0x00000004   Code   RO         1636    i.GUI_DEVICE_Delete  STemWin526_CM3_OS_Keil.lib(gui_device.o)
    0x08027d88   0x00000088   Code   RO         1637    i.GUI_DEVICE_Link   STemWin526_CM3_OS_Keil.lib(gui_device.o)
    0x08027e10   0x00000012   Code   RO         1638    i.GUI_DEVICE_LinkDevices  STemWin526_CM3_OS_Keil.lib(gui_device.o)
    0x08027e22   0x00000004   Code   RO         1639    i.GUI_DEVICE_Unlink  STemWin526_CM3_OS_Keil.lib(gui_device.o)
    0x08027e26   0x00000002   PAD
    0x08027e28   0x00000044   Code   RO         1640    i.GUI_DEVICE_UnlinkTaskDevices  STemWin526_CM3_OS_Keil.lib(gui_device.o)
    0x08027e6c   0x00000024   Code   RO         1642    i.GUI_DEVICE__GetpDriver  STemWin526_CM3_OS_Keil.lib(gui_device.o)
    0x08027e90   0x00000108   Code   RO         1988    i.GUI_DispString    STemWin526_CM3_OS_Keil.lib(gui_dispstring.o)
    0x08027f98   0x00000028   Code   RO         1655    i.GUI_DispStringAt  STemWin526_CM3_OS_Keil.lib(gui_dispstringat.o)
    0x08027fc0   0x00000034   Code   RO         1657    i.GUI_DispStringHCenterAt  STemWin526_CM3_OS_Keil.lib(gui_dispstringhcenter.o)
    0x08027ff4   0x0000004c   Code   RO         1562    i.GUI_DrawArc       STemWin526_CM3_OS_Keil.lib(gui_arc.o)
    0x08028040   0x00000094   Code   RO         1589    i.GUI_DrawEllipse   STemWin526_CM3_OS_Keil.lib(gui_circ.o)
    0x080280d4   0x00000048   Code   RO         1666    i.GUI_DrawLine      STemWin526_CM3_OS_Keil.lib(gui_drawline.o)
    0x0802811c   0x0000003c   Code   RO         1691    i.GUI_DrawPoint     STemWin526_CM3_OS_Keil.lib(gui_drawpoint.o)
    0x08028158   0x00000044   Code   RO         1695    i.GUI_DrawPolygon   STemWin526_CM3_OS_Keil.lib(gui_drawpolygon.o)
    0x0802819c   0x00000074   Code   RO         1709    i.GUI_FillPolygon   STemWin526_CM3_OS_Keil.lib(gui_fillpolygon.o)
    0x08028210   0x00000058   Code   RO         1716    i.GUI_FillRect      STemWin526_CM3_OS_Keil.lib(gui_fillrect.o)
    0x08028268   0x00000014   Code   RO         1746    i.GUI_GetBitsPerPixelEx  STemWin526_CM3_OS_Keil.lib(lcd_getex.o)
    0x0802827c   0x00000018   Code   RO         1990    i.GUI_GetBkColor    STemWin526_CM3_OS_Keil.lib(gui_getcolor.o)
    0x08028294   0x00000024   Code   RO         2304    i.GUI_GetCharDistX  STemWin526_CM3_OS_Keil.lib(gui_char.o)
    0x080282b8   0x00000028   Code   RO         2305    i.GUI_GetCharDistXEx  STemWin526_CM3_OS_Keil.lib(gui_char.o)
    0x080282e0   0x00000018   Code   RO         1992    i.GUI_GetColor      STemWin526_CM3_OS_Keil.lib(gui_getcolor.o)
    0x080282f8   0x0000001c   Code   RO         2306    i.GUI_GetFontDistY  STemWin526_CM3_OS_Keil.lib(gui_char.o)
    0x08028314   0x00000018   Code   RO         1719    i.GUI_GetPenSize    STemWin526_CM3_OS_Keil.lib(gui_pen.o)
    0x0802832c   0x0000003c   Code   RO         2307    i.GUI_GetYAdjust    STemWin526_CM3_OS_Keil.lib(gui_char.o)
    0x08028368   0x00000010   Code   RO         1747    i.GUI_GetpfColor2IndexEx  STemWin526_CM3_OS_Keil.lib(lcd_getex.o)
    0x08028378   0x00000010   Code   RO         1748    i.GUI_GetpfIndex2ColorEx  STemWin526_CM3_OS_Keil.lib(lcd_getex.o)
    0x08028388   0x00000022   Code   RO         1999    i.GUI_GotoXY        STemWin526_CM3_OS_Keil.lib(gui_goto.o)
    0x080283aa   0x00000002   PAD
    0x080283ac   0x00000068   Code   RO         1604    i.GUI_Init          STemWin526_CM3_OS_Keil.lib(gui_core.o)
    0x08028414   0x00000090   Code   RO         2039    i.GUI_Lock          STemWin526_CM3_OS_Keil.lib(gui_task.o)
    0x080284a4   0x000000a8   Code   RO         1881    i.GUI_MEMDEV_CopyToLCDAt  STemWin526_CM3_OS_Keil.lib(guidev.o)
    0x0802854c   0x0000000c   Code   RO         1882    i.GUI_MEMDEV_Create  STemWin526_CM3_OS_Keil.lib(guidev.o)
    0x08028558   0x00000080   Code   RO         1883    i.GUI_MEMDEV_CreateEx  STemWin526_CM3_OS_Keil.lib(guidev.o)
    0x080285d8   0x00000048   Code   RO         1884    i.GUI_MEMDEV_Delete  STemWin526_CM3_OS_Keil.lib(guidev.o)
    0x08028620   0x00000032   Code   RO         1885    i.GUI_MEMDEV_GetBitsPerPixel  STemWin526_CM3_OS_Keil.lib(guidev.o)
    0x08028652   0x00000022   Code   RO         2391    i.GUI_MEMDEV_GetDataPtr  STemWin526_CM3_OS_Keil.lib(guidev_getdataptr.o)
    0x08028674   0x00000050   Code   RO         1887    i.GUI_MEMDEV_Select  STemWin526_CM3_OS_Keil.lib(guidev.o)
    0x080286c4   0x000000ec   Code   RO         1888    i.GUI_MEMDEV__CreateFixed  STemWin526_CM3_OS_Keil.lib(guidev.o)
    0x080287b0   0x0000003c   Code   RO         2159    i.GUI_MEMDEV__WriteToActiveOpaque  STemWin526_CM3_OS_Keil.lib(guidev_writetoactiveopaque.o)
    0x080287ec   0x00000058   Code   RO         2314    i.GUI_MergeRect     STemWin526_CM3_OS_Keil.lib(gui_mergerect.o)
    0x08028844   0x0000001e   Code   RO         2316    i.GUI_MoveRect      STemWin526_CM3_OS_Keil.lib(gui_moverect.o)
    0x08028862   0x00000038   Code   RO         2338    i.GUI_RectsIntersect  STemWin526_CM3_OS_Keil.lib(gui_rectsintersect.o)
    0x0802889a   0x0000001a   Code   RO         2027    i.GUI_SelectLCD     STemWin526_CM3_OS_Keil.lib(gui_selectlcd.o)
    0x080288b4   0x00000030   Code   RO         2012    i.GUI_SelectLayer   STemWin526_CM3_OS_Keil.lib(gui_selectlayer.o)
    0x080288e4   0x00000016   Code   RO         1726    i.GUI_SetBkColor    STemWin526_CM3_OS_Keil.lib(gui_setcolor.o)
    0x080288fa   0x00000016   Code   RO         1727    i.GUI_SetColor      STemWin526_CM3_OS_Keil.lib(gui_setcolor.o)
    0x08028910   0x0000000c   Code   RO         1605    i.GUI_SetDefaultFont  STemWin526_CM3_OS_Keil.lib(gui_core.o)
    0x0802891c   0x00000018   Code   RO         2029    i.GUI_SetDrawMode   STemWin526_CM3_OS_Keil.lib(gui_setdrawmode.o)
    0x08028934   0x00000020   Code   RO         1730    i.GUI_SetFont       STemWin526_CM3_OS_Keil.lib(gui_setfont.o)
    0x08028954   0x00000040   Code   RO         2031    i.GUI_SetOrg        STemWin526_CM3_OS_Keil.lib(gui_setorg.o)
    0x08028994   0x0000001c   Code   RO         1721    i.GUI_SetPenSize    STemWin526_CM3_OS_Keil.lib(gui_pen.o)
    0x080289b0   0x00000020   Code   RO         2033    i.GUI_SetTextAlign  STemWin526_CM3_OS_Keil.lib(gui_settextalign.o)
    0x080289d0   0x00000010   Code   RO         2351    i.GUI_SignalEvent   STemWin526_CM3_OS_Keil.lib(gui_waitevent.o)
    0x080289e0   0x00000010   Code   RO         2323    i.GUI_StoreKey      STemWin526_CM3_OS_Keil.lib(gui_onkey.o)
    0x080289f0   0x0000002c   Code   RO         2054    i.GUI_UC__GetCharCodeInc  STemWin526_CM3_OS_Keil.lib(gui_uc.o)
    0x08028a1c   0x00000028   Code   RO         2056    i.GUI_UC__NumChars2NumBytes  STemWin526_CM3_OS_Keil.lib(gui_uc.o)
    0x08028a44   0x00000028   Code   RO         2140    i.GUI_USAGE_AddRect  STemWin526_CM3_OS_Keil.lib(guidev_usage.o)
    0x08028a6c   0x00000074   Code   RO         2146    i.GUI_USAGE_BM_AddHLine  STemWin526_CM3_OS_Keil.lib(guidev_usagebm.o)
    0x08028ae0   0x0000002c   Code   RO         2147    i.GUI_USAGE_BM_AddPixel  STemWin526_CM3_OS_Keil.lib(guidev_usagebm.o)
    0x08028b0c   0x0000000e   Code   RO         2148    i.GUI_USAGE_BM_Clear  STemWin526_CM3_OS_Keil.lib(guidev_usagebm.o)
    0x08028b1a   0x00000002   PAD
    0x08028b1c   0x0000005c   Code   RO         2149    i.GUI_USAGE_BM_Create  STemWin526_CM3_OS_Keil.lib(guidev_usagebm.o)
    0x08028b78   0x0000009a   Code   RO         2150    i.GUI_USAGE_BM_GetNextDirty  STemWin526_CM3_OS_Keil.lib(guidev_usagebm.o)
    0x08028c12   0x0000002c   Code   RO         2141    i.GUI_USAGE_DecUseCnt  STemWin526_CM3_OS_Keil.lib(guidev_usage.o)
    0x08028c3e   0x00000002   PAD
    0x08028c40   0x00000014   Code   RO         2040    i.GUI_Unlock        STemWin526_CM3_OS_Keil.lib(gui_task.o)
    0x08028c54   0x00000124   Code   RO         2285    i.GUI__CompactPixelIndices  STemWin526_CM3_OS_Keil.lib(gui__compactpixelindices.o)
    0x08028d78   0x00000038   Code   RO         1607    i.GUI__Config       STemWin526_CM3_OS_Keil.lib(gui_core.o)
    0x08028db0   0x0000000c   Code   RO         1948    i.GUI__CosHQ        STemWin526_CM3_OS_Keil.lib(gui__sinhq.o)
    0x08028dbc   0x000000b0   Code   RO         1967    i.GUI__DispLine     STemWin526_CM3_OS_Keil.lib(gui_charline.o)
    0x08028e6c   0x00000054   Code   RO         1968    i.GUI__GetLineDistX  STemWin526_CM3_OS_Keil.lib(gui_charline.o)
    0x08028ec0   0x00000038   Code   RO         1969    i.GUI__GetLineNumChars  STemWin526_CM3_OS_Keil.lib(gui_charline.o)
    0x08028ef8   0x00000018   Code   RO         1970    i.GUI__GetOverlap   STemWin526_CM3_OS_Keil.lib(gui_charline.o)
    0x08028f10   0x0000003a   Code   RO         2289    i.GUI__IntersectRect  STemWin526_CM3_OS_Keil.lib(gui__intersectrect.o)
    0x08028f4a   0x00000052   Code   RO         2291    i.GUI__IntersectRects  STemWin526_CM3_OS_Keil.lib(gui__intersectrects.o)
    0x08028f9c   0x00000010   Code   RO         2294    i.GUI__ManageCache  STemWin526_CM3_OS_Keil.lib(gui__managecache.o)
    0x08028fac   0x000000c8   Code   RO         2295    i.GUI__ManageCacheEx  STemWin526_CM3_OS_Keil.lib(gui__managecache.o)
    0x08029074   0x00000010   Code   RO         1608    i.GUI__RegisterExit  STemWin526_CM3_OS_Keil.lib(gui_core.o)
    0x08029084   0x00000074   Code   RO         1949    i.GUI__SinHQ        STemWin526_CM3_OS_Keil.lib(gui__sinhq.o)
    0x080290f8   0x0000004c   Code   RO         1942    i.GUI__memset       STemWin526_CM3_OS_Keil.lib(gui__memset.o)
    0x08029144   0x0000003c   Code   RO         1944    i.GUI__memset16     STemWin526_CM3_OS_Keil.lib(gui__memset16.o)
    0x08029180   0x0000001a   Code   RO         1955    i.GUI__sqrt32       STemWin526_CM3_OS_Keil.lib(gui__sqrt32.o)
    0x0802919a   0x00000008   Code   RO         1669    i.GUI_cos           STemWin526_CM3_OS_Keil.lib(gui_drawline.o)
    0x080291a2   0x00000002   PAD
    0x080291a4   0x00000058   Code   RO         1670    i.GUI_sin           STemWin526_CM3_OS_Keil.lib(gui_drawline.o)
    0x080291fc   0x0000001c   Code   RO         2084    i.LCD_Color2Index   STemWin526_CM3_OS_Keil.lib(lcd.o)
    0x08029218   0x00000204   Code   RO         2085    i.LCD_DrawBitmap    STemWin526_CM3_OS_Keil.lib(lcd.o)
    0x0802941c   0x00000058   Code   RO         2086    i.LCD_DrawHLine     STemWin526_CM3_OS_Keil.lib(lcd.o)
    0x08029474   0x00000068   Code   RO         2087    i.LCD_DrawPixel     STemWin526_CM3_OS_Keil.lib(lcd.o)
    0x080294dc   0x00000054   Code   RO         2088    i.LCD_DrawVLine     STemWin526_CM3_OS_Keil.lib(lcd.o)
    0x08029530   0x00000058   Code   RO         2089    i.LCD_FillRect      STemWin526_CM3_OS_Keil.lib(lcd.o)
    0x08029588   0x00000006   Code   RO         1750    i.LCD_GetBitsPerPixelEx  STemWin526_CM3_OS_Keil.lib(lcd_getex.o)
    0x0802958e   0x00000002   PAD
    0x08029590   0x00000010   Code   RO         2374    i.LCD_GetBkColorIndex  STemWin526_CM3_OS_Keil.lib(lcd_getcolorindex.o)
    0x080295a0   0x00000010   Code   RO         2375    i.LCD_GetColorIndex  STemWin526_CM3_OS_Keil.lib(lcd_getcolorindex.o)
    0x080295b0   0x00000010   Code   RO         1757    i.LCD_GetNumColors  STemWin526_CM3_OS_Keil.lib(lcd_getex.o)
    0x080295c0   0x00000006   Code   RO         1758    i.LCD_GetNumColorsEx  STemWin526_CM3_OS_Keil.lib(lcd_getex.o)
    0x080295c6   0x0000001a   Code   RO         2378    i.LCD_GetNumLayers  STemWin526_CM3_OS_Keil.lib(lcd_getnumdisplays.o)
    0x080295e0   0x00000010   Code   RO         1759    i.LCD_GetPalette    STemWin526_CM3_OS_Keil.lib(lcd_getex.o)
    0x080295f0   0x00000018   Code   RO         1760    i.LCD_GetPaletteEx  STemWin526_CM3_OS_Keil.lib(lcd_getex.o)
    0x08029608   0x00000004   Code   RO         2123    i.LCD_GetpPalConvTableBM  STemWin526_CM3_OS_Keil.lib(lcd_color.o)
    0x0802960c   0x00000048   Code   RO         2124    i.LCD_GetpPalConvTableUncached  STemWin526_CM3_OS_Keil.lib(lcd_color.o)
    0x08029654   0x0000001c   Code   RO         2090    i.LCD_Index2Color   STemWin526_CM3_OS_Keil.lib(lcd.o)
    0x08029670   0x00000002   Code   RO         2372    i.LCD_Index2Color_8888  STemWin526_CM3_OS_Keil.lib(guicc_8888_index2color.o)
    0x08029672   0x00000002   PAD
    0x08029674   0x0000002c   Code   RO         1733    i.LCD_Index2Color_M565  STemWin526_CM3_OS_Keil.lib(guicc_m565.o)
    0x080296a0   0x00000034   Code   RO         2125    i.LCD_InitColors    STemWin526_CM3_OS_Keil.lib(lcd_color.o)
    0x080296d4   0x00000070   Code   RO         2126    i.LCD_InitLUT       STemWin526_CM3_OS_Keil.lib(lcd_color.o)
    0x08029744   0x00000040   Code   RO         2380    i.LCD_SelectLCD     STemWin526_CM3_OS_Keil.lib(lcd_selectlcd.o)
    0x08029784   0x0000000c   Code   RO         2091    i.LCD_SetBkColor    STemWin526_CM3_OS_Keil.lib(lcd.o)
    0x08029790   0x00000018   Code   RO         2092    i.LCD_SetBkColorIndex  STemWin526_CM3_OS_Keil.lib(lcd.o)
    0x080297a8   0x00000030   Code   RO         2382    i.LCD_SetClipRectEx  STemWin526_CM3_OS_Keil.lib(lcd_setcliprectex.o)
    0x080297d8   0x0000001c   Code   RO         2093    i.LCD_SetClipRectMax  STemWin526_CM3_OS_Keil.lib(lcd.o)
    0x080297f4   0x0000000c   Code   RO         2094    i.LCD_SetColor      STemWin526_CM3_OS_Keil.lib(lcd.o)
    0x08029800   0x00000018   Code   RO         2095    i.LCD_SetColorIndex  STemWin526_CM3_OS_Keil.lib(lcd.o)
    0x08029818   0x0000000c   Code   RO         2096    i.LCD_SetDrawMode   STemWin526_CM3_OS_Keil.lib(lcd.o)
    0x08029824   0x0000002c   Code   RO         1838    i.LCD_SetLUTEntryEx  STemWin526_CM3_OS_Keil.lib(lcd_set.o)
    0x08029850   0x0000002c   Code   RO         1842    i.LCD_SetSizeEx     STemWin526_CM3_OS_Keil.lib(lcd_set.o)
    0x0802987c   0x0000002c   Code   RO         1846    i.LCD_SetVSizeEx    STemWin526_CM3_OS_Keil.lib(lcd_set.o)
    0x080298a8   0x00000024   Code   RO         2138    i.LCD_UpdateColorIndices  STemWin526_CM3_OS_Keil.lib(lcd_updatecolorindices.o)
    0x080298cc   0x000001b4   Code   RO         2097    i.LCD__DrawBitmap_1bpp  STemWin526_CM3_OS_Keil.lib(lcd.o)
    0x08029a80   0x0000005c   Code   RO         1781    i.LCD__GetBPP       STemWin526_CM3_OS_Keil.lib(lcd_getex.o)
    0x08029adc   0x00000032   Code   RO         1782    i.LCD__GetBPPDevice  STemWin526_CM3_OS_Keil.lib(lcd_getex.o)
    0x08029b0e   0x00000002   PAD
    0x08029b10   0x00000010   Code   RO         2170    i.WM_Activate       STemWin526_CM3_OS_Keil.lib(wm.o)
    0x08029b20   0x00000088   Code   RO         2415    i.WM_BringToBottom  STemWin526_CM3_OS_Keil.lib(wm_bringtobottom.o)
    0x08029ba8   0x00000150   Code   RO         2172    i.WM_CreateWindowAsChild  STemWin526_CM3_OS_Keil.lib(wm.o)
    0x08029cf8   0x00000020   Code   RO         2173    i.WM_Deactivate     STemWin526_CM3_OS_Keil.lib(wm.o)
    0x08029d18   0x00000046   Code   RO         2174    i.WM_DefaultProc    STemWin526_CM3_OS_Keil.lib(wm.o)
    0x08029d5e   0x00000002   PAD
    0x08029d60   0x00000018   Code   RO         2283    i.WM_GetDesktopWindow  STemWin526_CM3_OS_Keil.lib(wm_getdesktopwindow.o)
    0x08029d78   0x0000001a   Code   RO         2427    i.WM_GetFirstChild  STemWin526_CM3_OS_Keil.lib(wm_getfirstchild.o)
    0x08029d92   0x0000001a   Code   RO         2732    i.WM_GetParent      STemWin526_CM3_OS_Keil.lib(wm_getparent.o)
    0x08029dac   0x000000d4   Code   RO         2178    i.WM_Init           STemWin526_CM3_OS_Keil.lib(wm.o)
    0x08029e80   0x00000080   Code   RO         2179    i.WM_InvalidateRect  STemWin526_CM3_OS_Keil.lib(wm.o)
    0x08029f00   0x00000006   Code   RO         2180    i.WM_InvalidateWindow  STemWin526_CM3_OS_Keil.lib(wm.o)
    0x08029f06   0x0000005e   Code   RO         2181    i.WM_InvalidateWindowAndDescsEx  STemWin526_CM3_OS_Keil.lib(wm.o)
    0x08029f64   0x00000044   Code   RO         2182    i.WM_SelectWindow   STemWin526_CM3_OS_Keil.lib(wm.o)
    0x08029fa8   0x00000026   Code   RO         2433    i.WM_SendToParent   STemWin526_CM3_OS_Keil.lib(wm_sendtoparent.o)
    0x08029fce   0x00000002   PAD
    0x08029fd0   0x00000010   Code   RO         1936    i.WM_SetCreateFlags  STemWin526_CM3_OS_Keil.lib(wm_setcreateflags.o)
    0x08029fe0   0x00000048   Code   RO         2185    i.WM__ActivateClipRect  STemWin526_CM3_OS_Keil.lib(wm.o)
    0x0802a028   0x00000010   Code   RO         2417    i.WM__AddCriticalHandle  STemWin526_CM3_OS_Keil.lib(wm_criticalhandle.o)
    0x0802a038   0x00000010   Code   RO         2186    i.WM__Client2Screen  STemWin526_CM3_OS_Keil.lib(wm.o)
    0x0802a048   0x0000004e   Code   RO         2187    i.WM__ClipAtParentBorders  STemWin526_CM3_OS_Keil.lib(wm.o)
    0x0802a096   0x00000020   Code   RO         2423    i.WM__GetClientRectEx  STemWin526_CM3_OS_Keil.lib(wm_getclientrect.o)
    0x0802a0b6   0x00000018   Code   RO         2190    i.WM__GetClientRectWin  STemWin526_CM3_OS_Keil.lib(wm.o)
    0x0802a0ce   0x00000012   Code   RO         2897    i.WM__GetFirstSibling  STemWin526_CM3_OS_Keil.lib(wm__getfirstsibling.o)
    0x0802a0e0   0x00000040   Code   RO         2191    i.WM__GetNextIVR    STemWin526_CM3_OS_Keil.lib(wm.o)
    0x0802a120   0x00000024   Code   RO         2712    i.WM__GetPrevSibling  STemWin526_CM3_OS_Keil.lib(wm__getprevsibling.o)
    0x0802a144   0x00000018   Code   RO         2192    i.WM__GetTopLevelLayer  STemWin526_CM3_OS_Keil.lib(wm.o)
    0x0802a15c   0x000000f0   Code   RO         2193    i.WM__InitIVRSearch  STemWin526_CM3_OS_Keil.lib(wm.o)
    0x0802a24c   0x000000a4   Code   RO         2194    i.WM__InsertWindowIntoList  STemWin526_CM3_OS_Keil.lib(wm.o)
    0x0802a2f0   0x00000006   Code   RO         2195    i.WM__Invalidate1Abs  STemWin526_CM3_OS_Keil.lib(wm.o)
    0x0802a2f6   0x00000002   PAD
    0x0802a2f8   0x00000054   Code   RO         2196    i.WM__InvalidateDrawAndDescs  STemWin526_CM3_OS_Keil.lib(wm.o)
    0x0802a34c   0x00000076   Code   RO         2198    i.WM__InvalidateRect  STemWin526_CM3_OS_Keil.lib(wm.o)
    0x0802a3c2   0x00000006   Code   RO         2199    i.WM__InvalidateRectEx  STemWin526_CM3_OS_Keil.lib(wm.o)
    0x0802a3c8   0x00000020   Code   RO         2204    i.WM__RectIsNZ      STemWin526_CM3_OS_Keil.lib(wm.o)
    0x0802a3e8   0x00000014   Code   RO         2207    i.WM__SelectTopLevelLayer  STemWin526_CM3_OS_Keil.lib(wm.o)
    0x0802a3fc   0x0000003c   Code   RO         2412    i.WM__SendMessage   STemWin526_CM3_OS_Keil.lib(wm__sendmessage.o)
    0x0802a438   0x0000000e   Code   RO         2208    i.WM__SendMsgNoData  STemWin526_CM3_OS_Keil.lib(wm.o)
    0x0802a446   0x00000002   PAD
    0x0802a448   0x00000038   Code   RO         1710    i._Add              STemWin526_CM3_OS_Keil.lib(gui_fillpolygon.o)
    0x0802a480   0x00000078   Code   RO         1513    i._AddFreeMemory    STemWin526_CM3_OS_Keil.lib(gui_alloc.o)
    0x0802a4f8   0x000000bc   Code   RO         1514    i._Alloc            STemWin526_CM3_OS_Keil.lib(gui_alloc.o)
    0x0802a5b4   0x0000004e   Code   RO         1563    i._CalcInterSectLin  STemWin526_CM3_OS_Keil.lib(gui_arc.o)
    0x0802a602   0x00000004   Code   RO         2065    i._CalcSizeOfChar   STemWin526_CM3_OS_Keil.lib(gui_uc_encodenone.o)
    0x0802a606   0x00000022   Code   RO         1564    i._CalcX            STemWin526_CM3_OS_Keil.lib(gui_arc.o)
    0x0802a628   0x00000074   Code   RO         1701    i._ClearTextBackground  STemWin526_CM3_OS_Keil.lib(gui_encext.o)
    0x0802a69c   0x00000048   Code   RO         1734    i._Color2IndexBulk  STemWin526_CM3_OS_Keil.lib(guicc_m565.o)
    0x0802a6e4   0x0000000e   Code   RO         2075    i._Color2IndexBulk  STemWin526_CM3_OS_Keil.lib(guicc_8888.o)
    0x0802a6f2   0x00000002   PAD
    0x0802a6f4   0x00000054   Code   RO         2363    i._Color2Index_0    STemWin526_CM3_OS_Keil.lib(guicc_0.o)
    0x0802a748   0x00000002   Code   RO         2076    i._Color2Index_8888  STemWin526_CM3_OS_Keil.lib(guicc_8888.o)
    0x0802a74a   0x00000002   PAD
    0x0802a74c   0x00000028   Code   RO         1735    i._Color2Index_M565  STemWin526_CM3_OS_Keil.lib(guicc_m565.o)
    0x0802a774   0x0000003e   Code   RO         2160    i._Convert16        STemWin526_CM3_OS_Keil.lib(guidev_writetoactiveopaque.o)
    0x0802a7b2   0x0000003e   Code   RO         2161    i._Convert8         STemWin526_CM3_OS_Keil.lib(guidev_writetoactiveopaque.o)
    0x0802a7f0   0x00000020   Code   RO         2210    i._DesktopHandle2Index  STemWin526_CM3_OS_Keil.lib(wm.o)
    0x0802a810   0x00000074   Code   RO         1971    i._DispLine         STemWin526_CM3_OS_Keil.lib(gui_charline.o)
    0x0802a884   0x00000260   Code   RO         1565    i._DrawArc          STemWin526_CM3_OS_Keil.lib(gui_arc.o)
    0x0802aae4   0x00000148   Code   RO         1901    i._DrawBitLine1BPP  STemWin526_CM3_OS_Keil.lib(guidev_16.o)
    0x0802ac2c   0x000000e0   Code   RO         1902    i._DrawBitLine2BPP  STemWin526_CM3_OS_Keil.lib(guidev_16.o)
    0x0802ad0c   0x00000160   Code   RO         1903    i._DrawBitLine4BPP  STemWin526_CM3_OS_Keil.lib(guidev_16.o)
    0x0802ae6c   0x000002d8   Code   RO         1904    i._DrawBitmap       STemWin526_CM3_OS_Keil.lib(guidev_16.o)
    0x0802b144   0x0000000a   Code   RO         1905    i._DrawHLine        STemWin526_CM3_OS_Keil.lib(guidev_16.o)
    0x0802b14e   0x00000002   PAD
    0x0802b150   0x00000014   Code   RO         1671    i._DrawLineEnd      STemWin526_CM3_OS_Keil.lib(gui_drawline.o)
    0x0802b164   0x000000b8   Code   RO         1906    i._DrawVLine        STemWin526_CM3_OS_Keil.lib(guidev_16.o)
    0x0802b21c   0x00000006   Code   RO         2066    i._Encode           STemWin526_CM3_OS_Keil.lib(gui_uc_encodenone.o)
    0x0802b222   0x00000002   PAD
    0x0802b224   0x00000098   Code   RO         1515    i._EnlargeBlocks    STemWin526_CM3_OS_Keil.lib(gui_alloc.o)
    0x0802b2bc   0x000000ac   Code   RO         1907    i._FillRect         STemWin526_CM3_OS_Keil.lib(guidev_16.o)
    0x0802b368   0x00000148   Code   RO         2213    i._FindNext_IVR     STemWin526_CM3_OS_Keil.lib(wm.o)
    0x0802b4b0   0x0000007c   Code   RO         2214    i._Findx0           STemWin526_CM3_OS_Keil.lib(wm.o)
    0x0802b52c   0x00000072   Code   RO         2215    i._Findx1           STemWin526_CM3_OS_Keil.lib(wm.o)
    0x0802b59e   0x000000a6   Code   RO         2216    i._Findy1           STemWin526_CM3_OS_Keil.lib(wm.o)
    0x0802b644   0x00000004   Code   RO         2151    i._GUI_USAGE_BM_Delete  STemWin526_CM3_OS_Keil.lib(guidev_usagebm.o)
    0x0802b648   0x00000004   Code   RO         2067    i._GetCharCode      STemWin526_CM3_OS_Keil.lib(gui_uc_encodenone.o)
    0x0802b64c   0x00000004   Code   RO         2068    i._GetCharSize      STemWin526_CM3_OS_Keil.lib(gui_uc_encodenone.o)
    0x0802b650   0x00000010   Code   RO         1908    i._GetDevData       STemWin526_CM3_OS_Keil.lib(guidev_16.o)
    0x0802b660   0x00000010   Code   RO         1909    i._GetDevFunc       STemWin526_CM3_OS_Keil.lib(guidev_16.o)
    0x0802b670   0x0000001e   Code   RO         1783    i._GetDevProp       STemWin526_CM3_OS_Keil.lib(lcd_getex.o)
    0x0802b68e   0x00000008   Code   RO         1910    i._GetDevProp       STemWin526_CM3_OS_Keil.lib(guidev_16.o)
    0x0802b696   0x00000052   Code   RO         2364    i._GetIndexMask_0   STemWin526_CM3_OS_Keil.lib(guicc_0.o)
    0x0802b6e8   0x00000006   Code   RO         2077    i._GetIndexMask_8888  STemWin526_CM3_OS_Keil.lib(guicc_8888.o)
    0x0802b6ee   0x00000006   Code   RO         1736    i._GetIndexMask_M565  STemWin526_CM3_OS_Keil.lib(guicc_m565.o)
    0x0802b6f4   0x0000001c   Code   RO         1516    i._GetMinIndex      STemWin526_CM3_OS_Keil.lib(gui_alloc.o)
    0x0802b710   0x0000000e   Code   RO         1911    i._GetPixelIndex    STemWin526_CM3_OS_Keil.lib(guidev_16.o)
    0x0802b71e   0x00000030   Code   RO         1912    i._GetRect          STemWin526_CM3_OS_Keil.lib(guidev_16.o)
    0x0802b74e   0x00000002   PAD
    0x0802b750   0x00000010   Code   RO         2001    i._GotoX            STemWin526_CM3_OS_Keil.lib(gui_goto.o)
    0x0802b760   0x00000010   Code   RO         2002    i._GotoY            STemWin526_CM3_OS_Keil.lib(gui_goto.o)
    0x0802b770   0x00000058   Code   RO         1737    i._Index2ColorBulk  STemWin526_CM3_OS_Keil.lib(guicc_m565.o)
    0x0802b7c8   0x0000000e   Code   RO         2078    i._Index2ColorBulk  STemWin526_CM3_OS_Keil.lib(guicc_8888.o)
    0x0802b7d6   0x00000020   Code   RO         2365    i._Index2Color_0    STemWin526_CM3_OS_Keil.lib(guicc_0.o)
    0x0802b7f6   0x00000002   PAD
    0x0802b7f8   0x00000070   Code   RO         1609    i._InitContext      STemWin526_CM3_OS_Keil.lib(gui_core.o)
    0x0802b868   0x000000a8   Code   RO         1517    i._InitOnce         STemWin526_CM3_OS_Keil.lib(gui_alloc.o)
    0x0802b910   0x00000080   Code   RO         2217    i._Invalidate1Abs   STemWin526_CM3_OS_Keil.lib(wm.o)
    0x0802b990   0x00000002   Code   RO         1972    i._Log2VisBuffered  STemWin526_CM3_OS_Keil.lib(gui_charline.o)
    0x0802b992   0x00000002   PAD
    0x0802b994   0x00000034   Code   RO         1518    i._OnExit           STemWin526_CM3_OS_Keil.lib(gui_alloc.o)
    0x0802b9c8   0x0000002c   Code   RO         1610    i._OnExit           STemWin526_CM3_OS_Keil.lib(gui_core.o)
    0x0802b9f4   0x00000014   Code   RO         2041    i._OnExit           STemWin526_CM3_OS_Keil.lib(gui_task.o)
    0x0802ba08   0x00000014   Code   RO         2128    i._OnExit           STemWin526_CM3_OS_Keil.lib(lcd_color.o)
    0x0802ba1c   0x00000034   Code   RO         2218    i._OnExit           STemWin526_CM3_OS_Keil.lib(wm.o)
    0x0802ba50   0x00000040   Code   RO         1519    i._PopFreeBlock     STemWin526_CM3_OS_Keil.lib(gui_alloc.o)
    0x0802ba90   0x00000028   Code   RO         1520    i._PushFreeBlock    STemWin526_CM3_OS_Keil.lib(gui_alloc.o)
    0x0802bab8   0x00000034   Code   RO         1521    i._RemoveFreeBlock  STemWin526_CM3_OS_Keil.lib(gui_alloc.o)
    0x0802baec   0x000000a0   Code   RO         1522    i._RemoveHoles      STemWin526_CM3_OS_Keil.lib(gui_alloc.o)
    0x0802bb8c   0x00000020   Code   RO         2098    i._SetBkColor       STemWin526_CM3_OS_Keil.lib(lcd.o)
    0x0802bbac   0x0000004c   Code   RO         2222    i._SetClipRectUserIntersect  STemWin526_CM3_OS_Keil.lib(wm.o)
    0x0802bbf8   0x00000020   Code   RO         2099    i._SetColor         STemWin526_CM3_OS_Keil.lib(lcd.o)
    0x0802bc18   0x0000002c   Code   RO         2100    i._SetDrawMode      STemWin526_CM3_OS_Keil.lib(lcd.o)
    0x0802bc44   0x00000078   Code   RO         1672    i._SetLineColor     STemWin526_CM3_OS_Keil.lib(gui_drawline.o)
    0x0802bcbc   0x00000008   Code   RO         1913    i._SetOrg           STemWin526_CM3_OS_Keil.lib(guidev_16.o)
    0x0802bcc4   0x00000048   Code   RO         1914    i._SetPixelIndex    STemWin526_CM3_OS_Keil.lib(guidev_16.o)
    0x0802bd0c   0x000000ea   Code   RO         1523    i._TestRAM          STemWin526_CM3_OS_Keil.lib(gui_alloc.o)
    0x0802bdf6   0x00000002   PAD
    0x0802bdf8   0x00000030   Code   RO         1643    i._UnlinkDevice     STemWin526_CM3_OS_Keil.lib(gui_device.o)
    0x0802be28   0x0000000e   Code   RO         1524    i._WriteTagData     STemWin526_CM3_OS_Keil.lib(gui_alloc.o)
    0x0802be36   0x00000002   PAD
    0x0802be38   0x00000340   Code   RO         2162    i._WriteToActiveOpaque_8  STemWin526_CM3_OS_Keil.lib(guidev_writetoactiveopaque.o)
    0x0802c178   0x00000354   Code   RO         2163    i._WriteToActiveOpaque_HT  STemWin526_CM3_OS_Keil.lib(guidev_writetoactiveopaque.o)
    0x0802c4cc   0x0000003c   Code   RO         1915    i._XY2PTR           STemWin526_CM3_OS_Keil.lib(guidev_16.o)
    0x0802c508   0x00000054   Code   RO         1916    i._XorPixel         STemWin526_CM3_OS_Keil.lib(guidev_16.o)
    0x0802c55c   0x00000028   Code   RO         3246    i.__ARM_fpclassify  m_ws.l(fpclassify.o)
    0x0802c584   0x00000084   Code   RO         1673    i._atan2            STemWin526_CM3_OS_Keil.lib(gui_drawline.o)
    0x0802c608   0x0000000e   Code   RO         2983    i._is_digit         c_w.l(__printf_wp.o)
    0x0802c616   0x00000002   PAD
    0x0802c618   0x00000050   Code   RO         2224    i.cbBackWin         STemWin526_CM3_OS_Keil.lib(wm.o)
    0x0802c668   0x000000dc   Code   RO         3080    i.ceil              m_ws.l(ceil.o)
    0x0802c744   0x0000008a   Code   RO         2101    i.emWin_LCD_Init    STemWin526_CM3_OS_Keil.lib(lcd.o)
    0x0802c7ce   0x00000002   PAD
    0x0802c7d0   0x000000dc   Code   RO         3084    i.floor             m_ws.l(floor.o)
    0x0802c8ac   0x0000002c   Code   RO         3228    locale$$code        c_w.l(lc_numeric_c.o)
    0x0802c8d8   0x0000002c   Code   RO         3256    locale$$code        c_w.l(lc_ctype_c.o)
    0x0802c904   0x00000062   Code   RO         3015    x$fpl$d2f           fz_ws.l(d2f.o)
    0x0802c966   0x00000002   PAD
    0x0802c968   0x00000150   Code   RO         3017    x$fpl$dadd          fz_ws.l(daddsub_clz.o)
    0x0802cab8   0x00000018   Code   RO         3141    x$fpl$dcmpinf       fz_ws.l(dcmpi.o)
    0x0802cad0   0x000002b0   Code   RO         3024    x$fpl$ddiv          fz_ws.l(ddiv.o)
    0x0802cd80   0x0000005e   Code   RO         3027    x$fpl$dfix          fz_ws.l(dfix.o)
    0x0802cdde   0x0000002e   Code   RO         3032    x$fpl$dflt          fz_ws.l(dflt_clz.o)
    0x0802ce0c   0x00000026   Code   RO         3031    x$fpl$dfltu         fz_ws.l(dflt_clz.o)
    0x0802ce32   0x00000002   PAD
    0x0802ce34   0x00000078   Code   RO         3037    x$fpl$dleqf         fz_ws.l(dleqf.o)
    0x0802ceac   0x00000154   Code   RO         3039    x$fpl$dmul          fz_ws.l(dmul.o)
    0x0802d000   0x0000009c   Code   RO         3143    x$fpl$dnaninf       fz_ws.l(dnaninf.o)
    0x0802d09c   0x0000000c   Code   RO         3145    x$fpl$dretinf       fz_ws.l(dretinf.o)
    0x0802d0a8   0x0000006c   Code   RO         3041    x$fpl$drleqf        fz_ws.l(drleqf.o)
    0x0802d114   0x00000016   Code   RO         3018    x$fpl$drsb          fz_ws.l(daddsub_clz.o)
    0x0802d12a   0x00000002   PAD
    0x0802d12c   0x000001d4   Code   RO         3019    x$fpl$dsub          fz_ws.l(daddsub_clz.o)
    0x0802d300   0x00000056   Code   RO         3043    x$fpl$f2d           fz_ws.l(f2d.o)
    0x0802d356   0x00000002   PAD
    0x0802d358   0x000000c4   Code   RO         3045    x$fpl$fadd          fz_ws.l(faddsub_clz.o)
    0x0802d41c   0x0000000c   Code   RO         3147    x$fpl$fcheck1       fz_ws.l(fcheck1.o)
    0x0802d428   0x00000018   Code   RO         3149    x$fpl$fcmpinf       fz_ws.l(fcmpi.o)
    0x0802d440   0x00000184   Code   RO         3052    x$fpl$fdiv          fz_ws.l(fdiv.o)
    0x0802d5c4   0x00000068   Code   RO         3055    x$fpl$feqf          fz_ws.l(feqf.o)
    0x0802d62c   0x00000036   Code   RO         3057    x$fpl$ffix          fz_ws.l(ffix.o)
    0x0802d662   0x00000002   PAD
    0x0802d664   0x0000003e   Code   RO         3061    x$fpl$ffixu         fz_ws.l(ffixu.o)
    0x0802d6a2   0x00000002   PAD
    0x0802d6a4   0x00000030   Code   RO         3066    x$fpl$fflt          fz_ws.l(fflt_clz.o)
    0x0802d6d4   0x00000026   Code   RO         3065    x$fpl$ffltu         fz_ws.l(fflt_clz.o)
    0x0802d6fa   0x00000002   PAD
    0x0802d6fc   0x00000068   Code   RO         3071    x$fpl$fleqf         fz_ws.l(fleqf.o)
    0x0802d764   0x00000102   Code   RO         3073    x$fpl$fmul          fz_ws.l(fmul.o)
    0x0802d866   0x0000008c   Code   RO         3151    x$fpl$fnaninf       fz_ws.l(fnaninf.o)
    0x0802d8f2   0x0000000a   Code   RO         3153    x$fpl$fretinf       fz_ws.l(fretinf.o)
    0x0802d8fc   0x00000062   Code   RO         3075    x$fpl$frleqf        fz_ws.l(frleqf.o)
    0x0802d95e   0x00000014   Code   RO         3046    x$fpl$frsb          fz_ws.l(faddsub_clz.o)
    0x0802d972   0x00000002   PAD
    0x0802d974   0x000000ea   Code   RO         3047    x$fpl$fsub          fz_ws.l(faddsub_clz.o)
    0x0802da5e   0x00000004   Code   RO         3155    x$fpl$printf1       fz_ws.l(printf1.o)
    0x0802da62   0x00000064   Code   RO         3189    x$fpl$retnan        fz_ws.l(retnan.o)
    0x0802dac6   0x0000004c   Code   RO         3077    x$fpl$scalbnf       fz_ws.l(scalbnf.o)
    0x0802db12   0x00000030   Code   RO         3244    x$fpl$trapveneer    fz_ws.l(trapv.o)
    0x0802db42   0x00000000   Code   RO         3157    x$fpl$usenofp       fz_ws.l(usenofp.o)
    0x0802db42   0x00000002   PAD
    0x0802db44   0x00000014   Data   RO            3    .constdata          main.o
    0x0802db58   0x00000230   Data   RO          416    .constdata          temp.o
    0x0802dd88   0x00000018   Data   RO          627    .constdata          malloc.o
    0x0802dda0   0x00000034   Data   RO          828    .constdata          guidrv_template.o
    0x0802ddd4   0x000002f4   Data   RO          912    .constdata          guidemo.o
    0x0802e0c8   0x00000104   Data   RO          946    .constdata          cpu_core.o
    0x0802e1cc   0x00000094   Data   RO         1038    .constdata          lib_str.o
    0x0802e260   0x000000a4   Data   RO         1059    .constdata          os_cfg_app.o
    0x0802e304   0x0000016c   Data   RO         1093    .constdata          os_dbg.o
    0x0802e470   0x00000b00   Data   RO         1326    .constdata          helveticaneuelt std cn25.o
    0x0802ef70   0x00000eb4   Data   RO         1335    .constdata          helveticaneuelt std cn34.o
    0x0802fe24   0x00002164   Data   RO         1344    .constdata          helveticaneuelt std cn60.o
    0x08031f88   0x0000901c   Data   RO         1353    .constdata          helveticaneuelt std cn134.o
    0x0803afa4   0x000036e4   Data   RO         1362    .constdata          helveticaneuelt std cn79.o
    0x0803e688   0x00000c6c   Data   RO         1371    .constdata          helveticaneuelt std cn28.o
    0x0803f2f4   0x000069e0   Data   RO         1380    .constdata          helveticaneuelt std cn114.o
    0x08045cd4   0x000014e4   Data   RO         1389    .constdata          helveticaneuelt std cn44.o
    0x080471b8   0x00007310   Data   RO         1398    .constdata          helveticaneuelt std cn120.o
    0x0804e4c8   0x00001040   Data   RO         1416    .constdata          helveticaneuelt std cn38.o
    0x0804f508   0x000043bc   Data   RO         1434    .constdata          helveticaneuelt std cn89.o
    0x080538c4   0x000007c0   Data   RO         1443    .constdata          helveticaneuelt std cn20.o
    0x08054084   0x000006ac   Data   RO         1452    .constdata          helveticaneuelt std cn15.o
    0x08054730   0x000009f4   Data   RO         1461    .constdata          helveticaneuelt std cn23.o
    0x08055124   0x000132d4   Data   RO         1470    .constdata          camp.o
    0x080683f8   0x00003868   Data   RO         1477    .constdata          logo_day.o
    0x0806bc60   0x000037b8   Data   RO         1484    .constdata          logo_night.o
    0x0806f418   0x00000008   Data   RO         1612    .constdata          STemWin526_CM3_OS_Keil.lib(gui_core.o)
    0x0806f420   0x00000008   Data   RO         1644    .constdata          STemWin526_CM3_OS_Keil.lib(gui_device.o)
    0x0806f428   0x00000044   Data   RO         1674    .constdata          STemWin526_CM3_OS_Keil.lib(gui_drawline.o)
    0x0806f46c   0x0000000c   Data   RO         1702    .constdata          STemWin526_CM3_OS_Keil.lib(gui_encext.o)
    0x0806f478   0x00000018   Data   RO         1738    .constdata          STemWin526_CM3_OS_Keil.lib(guicc_m565.o)
    0x0806f490   0x00000518   Data   RO         1874    .constdata          STemWin526_CM3_OS_Keil.lib(f6x8.o)
    0x0806f9a8   0x000001c0   Data   RO         1875    .constdata          STemWin526_CM3_OS_Keil.lib(f6x8.o)
    0x0806fb68   0x00000008   Data   RO         1876    .constdata          STemWin526_CM3_OS_Keil.lib(f6x8.o)
    0x0806fb70   0x00000014   Data   RO         1877    .constdata          STemWin526_CM3_OS_Keil.lib(f6x8.o)
    0x0806fb84   0x00000024   Data   RO         1878    .constdata          STemWin526_CM3_OS_Keil.lib(f6x8.o)
    0x0806fba8   0x00000074   Data   RO         1917    .constdata          STemWin526_CM3_OS_Keil.lib(guidev_16.o)
    0x0806fc1c   0x00000020   Data   RO         1938    .constdata          STemWin526_CM3_OS_Keil.lib(gui__divtbl_31_255.o)
    0x0806fc3c   0x00000040   Data   RO         1939    .constdata          STemWin526_CM3_OS_Keil.lib(gui__divtbl_63_255.o)
    0x0806fc7c   0x00000100   Data   RO         1940    .constdata          STemWin526_CM3_OS_Keil.lib(gui__divtbl_255_31.o)
    0x0806fd7c   0x00000100   Data   RO         1941    .constdata          STemWin526_CM3_OS_Keil.lib(gui__divtbl_255_63.o)
    0x0806fe7c   0x0000016c   Data   RO         1950    .constdata          STemWin526_CM3_OS_Keil.lib(gui__sinhq.o)
    0x0806ffe8   0x00000010   Data   RO         2069    .constdata          STemWin526_CM3_OS_Keil.lib(gui_uc_encodenone.o)
    0x0806fff8   0x00000018   Data   RO         2079    .constdata          STemWin526_CM3_OS_Keil.lib(guicc_8888.o)
    0x08070010   0x0000000c   Data   RO         2102    .constdata          STemWin526_CM3_OS_Keil.lib(lcd.o)
    0x0807001c   0x00000100   Data   RO         2137    .constdata          STemWin526_CM3_OS_Keil.lib(lcd_mirror.o)
    0x0807011c   0x00000018   Data   RO         2152    .constdata          STemWin526_CM3_OS_Keil.lib(guidev_usagebm.o)
    0x08070134   0x00000008   Data   RO         2164    .constdata          STemWin526_CM3_OS_Keil.lib(guidev_writetoactiveopaque.o)
    0x0807013c   0x00000018   Data   RO         2366    .constdata          STemWin526_CM3_OS_Keil.lib(guicc_0.o)
    0x08070154   0x00000028   Data   RO         2971    .constdata          c_w.l(_printf_hex_int_ll_ptr.o)
    0x0807017c   0x00000011   Data   RO         2991    .constdata          c_w.l(__printf_flags_ss_wp.o)
    0x0807018d   0x00000003   PAD
    0x08070190   0x00000008   Data   RO         3109    .constdata          c_w.l(_printf_wctomb.o)
    0x08070198   0x00000094   Data   RO         3203    .constdata          c_w.l(bigflt0.o)
    0x0807022c   0x0000007d   Data   RO          913    .conststring        guidemo.o
    0x080702a9   0x00000003   PAD
    0x080702ac   0x00000020   Data   RO         3375    Region$$Table       anon$$obj.o
    0x080702cc   0x0000001c   Data   RO         3227    locale$$data        c_w.l(lc_numeric_c.o)
    0x080702e8   0x00000110   Data   RO         3255    locale$$data        c_w.l(lc_ctype_c.o)


    Execution Region RW_IRAM1 (Base: 0x20000000, Size: 0x0000f4b8, Max: 0x00018000, ABSOLUTE, COMPRESSED[0x000000c0])

    Base Addr    Size         Type   Attr      Idx    E Section Name        Object

    0x20000000   0x00000049   Data   RW            4    .data               main.o
    0x20000049   0x00000003   PAD
    0x2000004c   0x00000014   Data   RW          328    .data               system_stm32f10x.o
    0x20000060   0x00000004   Data   RW          363    .data               tiky_lcd.o
    0x20000064   0x00000007   Data   RW          385    .data               ec11key.o
    0x2000006b   0x00000001   PAD
    0x2000006c   0x00000012   Data   RW          432    .data               control.o
    0x2000007e   0x00000002   PAD
    0x20000080   0x00000084   Data   RW          451    .data               pid.o
    0x20000104   0x00000004   Data   RW          487    .data               dma.o
    0x20000108   0x00000004   Data   RW          520    .data               iap.o
    0x2000010c   0x00000004   Data   RW          549    .data               delay.o
    0x20000110   0x00000014   Data   RW          581    .data               usart.o
    0x20000124   0x0000001c   Data   RW          628    .data               malloc.o
    0x20000140   0x00000014   Data   RW          697    .data               stm32f10x_rcc.o
    0x20000154   0x00000011   Data   RW          814    .data               gui_x_ucosiii.o
    0x20000165   0x00000003   PAD
    0x20000168   0x000000e0   Data   RW          914    .data               guidemo.o
    0x20000248   0x00000004   Data   RW          947    .data               cpu_core.o
    0x2000024c   0x00000004   Data   RW         1020    .data               lib_mem.o
    0x20000250   0x00000008   Data   RW         1174    .data               os_prio.o
    0x20000258   0x000000c8   Data   RW         1277    .data               os_var.o
    0x20000320   0x00000004   Data   RW         1291    .data               os_cpu_c.o
    0x20000324   0x00000008   Data   RW         1526    .data               STemWin526_CM3_OS_Keil.lib(gui_alloc.o)
    0x2000032c   0x0000002c   Data   RW         1613    .data               STemWin526_CM3_OS_Keil.lib(gui_core.o)
    0x20000358   0x00000004   Data   RW         1616    .data               STemWin526_CM3_OS_Keil.lib(gui_core.o)
    0x2000035c   0x00000004   Data   RW         1620    .data               STemWin526_CM3_OS_Keil.lib(gui_core.o)
    0x20000360   0x00000002   Data   RW         1621    .data               STemWin526_CM3_OS_Keil.lib(gui_core.o)
    0x20000362   0x00000002   Data   RW         1622    .data               STemWin526_CM3_OS_Keil.lib(gui_core.o)
    0x20000364   0x00000008   Data   RW         1703    .data               STemWin526_CM3_OS_Keil.lib(gui_encext.o)
    0x2000036c   0x00000004   Data   RW         1712    .data               STemWin526_CM3_OS_Keil.lib(gui_fillpolygon.o)
    0x20000370   0x00000008   Data   RW         1739    .data               STemWin526_CM3_OS_Keil.lib(guicc_m565.o)
    0x20000378   0x00000004   Data   RW         1918    .data               STemWin526_CM3_OS_Keil.lib(guidev_16.o)
    0x2000037c   0x00000004   Data   RW         1973    .data               STemWin526_CM3_OS_Keil.lib(gui_charline.o)
    0x20000380   0x0000001c   Data   RW         2042    .data               STemWin526_CM3_OS_Keil.lib(gui_task.o)
    0x2000039c   0x00000004   Data   RW         2103    .data               STemWin526_CM3_OS_Keil.lib(lcd.o)
    0x200003a0   0x00000010   Data   RW         2129    .data               STemWin526_CM3_OS_Keil.lib(lcd_color.o)
    0x200003b0   0x00000060   Data   RW         2226    .data               STemWin526_CM3_OS_Keil.lib(wm.o)
    0x20000410   0x00000014   Data   RW         2297    .data               STemWin526_CM3_OS_Keil.lib(gui__managecache.o)
    0x20000424   0x0000000c   Data   RW         2328    .data               STemWin526_CM3_OS_Keil.lib(gui_onkey.o)
    0x20000430   0x0000000c   Data   RW         2354    .data               STemWin526_CM3_OS_Keil.lib(gui_waitevent.o)
    0x2000043c   0x00000004   Data   RW         2413    .data               STemWin526_CM3_OS_Keil.lib(wm__sendmessage.o)
    0x20000440   0x00002c3c   Zero   RW            2    .bss                main.o
    0x2000307c   0x0000000e   Zero   RW          362    .bss                tiky_lcd.o
    0x2000308a   0x00000002   PAD
    0x2000308c   0x00000272   Zero   RW          486    .bss                dma.o
    0x200032fe   0x00000080   Zero   RW          580    .bss                usart.o
    0x2000337e   0x00000002   PAD
    0x20003380   0x000094c0   Zero   RW          626    .bss                malloc.o
    0x2000c840   0x00000048   Zero   RW          911    .bss                guidemo.o
    0x2000c888   0x00000010   Zero   RW          945    .bss                cpu_core.o
    0x2000c898   0x00000448   Zero   RW         1019    .bss                lib_mem.o
    0x2000cce0   0x00001490   Zero   RW         1058    .bss                os_cfg_app.o
    0x2000e170   0x000006e0   Zero   RW         1276    .bss                os_var.o
    0x2000e850   0x000000c8   Zero   RW         1525    .bss                STemWin526_CM3_OS_Keil.lib(gui_alloc.o)
    0x2000e918   0x00000070   Zero   RW         1611    .bss                STemWin526_CM3_OS_Keil.lib(gui_core.o)
    0x2000e988   0x00000018   Zero   RW         1711    .bss                STemWin526_CM3_OS_Keil.lib(gui_fillpolygon.o)
    0x2000e9a0   0x00000018   Zero   RW         2225    .bss                STemWin526_CM3_OS_Keil.lib(wm.o)
    0x2000e9b8   0x00000058   Zero   RW         2327    .bss                STemWin526_CM3_OS_Keil.lib(gui_onkey.o)
    0x2000ea10   0x00000048   Zero   RW         2454    .bss                STemWin526_CM3_OS_Keil.lib(wm_touch.o)
    0x2000ea58   0x00000060   Zero   RW         3249    .bss                c_w.l(libspace.o)
    0x2000eab8   0x00000200   Zero   RW          617    HEAP                startup_stm32f10x_hd.o
    0x2000ecb8   0x00000800   Zero   RW          616    STACK               startup_stm32f10x_hd.o



  Load Region LR$$.ARM.__AT_0x68000000 (Base: 0x68000000, Size: 0x00000000, Max: 0x000c8000, ABSOLUTE)

    Execution Region ER$$.ARM.__AT_0x68000000 (Base: 0x68000000, Size: 0x000c8000, Max: 0x000c8000, ABSOLUTE, UNINIT)

    Base Addr    Size         Type   Attr      Idx    E Section Name        Object

    0x68000000   0x000c8000   Zero   RW          624    .ARM.__AT_0x68000000  malloc.o



  Load Region LR$$.ARM.__AT_0x680C8000 (Base: 0x680c8000, Size: 0x00000000, Max: 0x0000c800, ABSOLUTE)

    Execution Region ER$$.ARM.__AT_0x680C8000 (Base: 0x680c8000, Size: 0x0000c800, Max: 0x0000c800, ABSOLUTE, UNINIT)

    Base Addr    Size         Type   Attr      Idx    E Section Name        Object

    0x680c8000   0x0000c800   Zero   RW          625    .ARM.__AT_0x680C8000  malloc.o


==============================================================================

Image component sizes


      Code (inc. data)   RO Data    RW Data    ZI Data      Debug   Object Name

       232          8          0          0          0       1107   adc.o
       132         12          0          0          0       1175   bsp.o
         0          0      78548          0          0        498   camp.o
       664         20          0         18          0       3353   control.o
        52          0          0          0          0        380   cpu_a.o
       680         14        260          4         16      14471   cpu_core.o
       332         28          0          4          0       1857   delay.o
       656         42          0          4        626       2851   dma.o
       536         34          0          7          0       5227   ec11key.o
       360         62          0         17          0       3171   gui_x_ucosiii.o
        44          6          0          0          0        607   guiconf.o
     18888       2198        881        224         72      29920   guidemo.o
      2176         68         52          0          0      58066   guidrv_template.o
         0          0      27104          0          0       9609   helveticaneuelt std cn114.o
         0          0      29456          0          0       9609   helveticaneuelt std cn120.o
         0          0      36892          0          0       9613   helveticaneuelt std cn134.o
         0          0       1708          0          0       9366   helveticaneuelt std cn15.o
         0          0       1984          0          0       9366   helveticaneuelt std cn20.o
         0          0       2548          0          0       9366   helveticaneuelt std cn23.o
         0          0       2816          0          0       9366   helveticaneuelt std cn25.o
         0          0       3180          0          0       9366   helveticaneuelt std cn28.o
         0          0       3764          0          0       9366   helveticaneuelt std cn34.o
         0          0       4160          0          0       9366   helveticaneuelt std cn38.o
         0          0       5348          0          0       9366   helveticaneuelt std cn44.o
         0          0       8548          0          0       9378   helveticaneuelt std cn60.o
         0          0      14052          0          0       9426   helveticaneuelt std cn79.o
         0          0      17340          0          0       9430   helveticaneuelt std cn89.o
       164         14          0          4          0       1869   iap.o
        80         14          0          0          0        915   lcdconf_flexcolor_template.o
        52          6          0          0          0        523   led.o
       598          0          0          0          0       3736   lib_ascii.o
      2502         32          0          4       1096      21900   lib_mem.o
       544          0          0          0          0        528   lib_mem_a.o
      2348          6        148          0          0      13178   lib_str.o
         0          0      14440          0          0        510   logo_day.o
         0          0      14264          0          0        520   logo_night.o
      5184        514         20         73      11324     398248   main.o
       556         18         24         28     908480       4688   malloc.o
       220         22          0          0          0       1901   misc.o
       252        166        164          0       5264      21058   os_cfg_app.o
      3588        294          0          0          0      12113   os_core.o
       152         32          0          0          0        440   os_cpu_a.o
       620         66          0          4          0       3909   os_cpu_c.o
       432        286        364          0          0       4869   os_dbg.o
      3624        110          0          0          0       7775   os_flag.o
      1092        146          0          0          0       2348   os_int.o
       568         20          0          0          0       2748   os_mem.o
       556         12          0          0          0       2807   os_msg.o
      2772        114          0          0          0       5466   os_mutex.o
       124          4          0          8          0       1864   os_prio.o
      2264         76          0          0          0       6144   os_q.o
      2096         70          0          0          0       6160   os_sem.o
      1592        180          0          0          0       2849   os_stat.o
      7092        270          0          0          0      13522   os_task.o
      1276         90          0          0          0       3305   os_tick.o
      1380         46          0          0          0       3245   os_time.o
      2072        140          0          0          0       6346   os_tmr.o
         0          0          0        200       1760      19437   os_var.o
      3176        370          0        132          0       2426   pid.o
       436         42          0          0          0       1925   sram.o
        64         26        304          0       2560        840   startup_stm32f10x_hd.o
      1102         26          0          0          0      10937   stm32f10x_adc.o
       596          8          0          0          0       4434   stm32f10x_dma.o
       284         10          0          0          0       2339   stm32f10x_exti.o
      2280         46          0          0          0      16571   stm32f10x_flash.o
      1548         18          0          0          0       5451   stm32f10x_fsmc.o
       860         38          0          0          0       5749   stm32f10x_gpio.o
        22          0          0          0          0       1035   stm32f10x_it.o
       932         36          0         20          0       8964   stm32f10x_rcc.o
      3610         88          0          0          0      22236   stm32f10x_tim.o
      1032         22          0          0          0       8472   stm32f10x_usart.o
       396         10          0          0          0       2715   stmflash.o
         6          0          0          0          0        412   sys.o
       480         40          0         20          0       1851   system_stm32f10x.o
       636         36        560          0          0       3026   temp.o
      2440         38          0          4         14       9248   tiky_lcd.o
       540         74          0          0          0       1386   timer.o
      1364        120          0         20        128       6210   usart.o

    ----------------------------------------------------------------------
     90368       6288     268964        804     931344     945824   Object Totals
         0          0         32          0          0          0   (incl. Generated)
        12          0          3          9          4          0   (incl. Padding)

    ----------------------------------------------------------------------

      Code (inc. data)   RO Data    RW Data    ZI Data      Debug   Library Member Name

         0          0       1816          0          0          0   f6x8.o
        16          6          0          0          0         68   gui_2dlib.o
       292          0          0          0          0         76   gui__compactpixelindices.o
         0          0        256          0          0          0   gui__divtbl_255_31.o
         0          0        256          0          0          0   gui__divtbl_255_63.o
         0          0         32          0          0          0   gui__divtbl_31_255.o
         0          0         64          0          0          0   gui__divtbl_63_255.o
        58          0          0          0          0         68   gui__intersectrect.o
        82          0          0          0          0         80   gui__intersectrects.o
       216          8          0         20          0        156   gui__managecache.o
        76          0          0          0          0         76   gui__memset.o
        60          0          0          0          0         76   gui__memset16.o
       128         16        364          0          0        148   gui__sinhq.o
        26          0          0          0          0         68   gui__sqrt32.o
      1822        108          0          8        200       1772   gui_alloc.o
        46          0          0          0          0         80   gui_alloc_alloczero.o
      1056         10          0          0          0        460   gui_arc.o
        60          0          0          0          0         76   gui_calccolordist.o
       164         20          0          0          0        308   gui_char.o
       458         36          0          4          0        472   gui_charline.o
       394         10          0          0          0        300   gui_charm.o
       324         18          0          0          0        456   gui_charpext.o
       670          8          0          0          0        368   gui_circ.o
       476         78          8         56        112        620   gui_core.o
       434         34          8          0          0        676   gui_device.o
       264          4          0          0          0         88   gui_dispstring.o
        40          6          0          0          0         88   gui_dispstringat.o
        52          4          0          0          0         92   gui_dispstringhcenter.o
      1246         38         68          0          0        992   gui_drawline.o
        92         10          0          0          0        156   gui_drawpoint.o
       172          4          0          0          0        188   gui_drawpolygon.o
       308         28         12          8          0        248   gui_encext.o
       648         32          0          4         24        264   gui_fillpolygon.o
        88          4          0          0          0         84   gui_fillrect.o
        48          0          0          0          0        152   gui_getcolor.o
        66         12          0          0          0        216   gui_goto.o
        88          0          0          0          0         76   gui_mergerect.o
        30          0          0          0          0         68   gui_moverect.o
        16          4          0         12         88         68   gui_onkey.o
        52          8          0          0          0        156   gui_pen.o
        56          0          0          0          0         68   gui_rectsintersect.o
        48         10          0          0          0         80   gui_selectlayer.o
        26          0          0          0          0         80   gui_selectlcd.o
        44          0          0          0          0        160   gui_setcolor.o
        24          0          0          0          0         76   gui_setdrawmode.o
        32          6          0          0          0         80   gui_setfont.o
        64         16          0          0          0         88   gui_setorg.o
        32          6          0          0          0         80   gui_settextalign.o
       324         32          0         28          0        392   gui_task.o
        84         10          0          0          0        168   gui_uc.o
        18          0         16          0          0        272   gui_uc_encodenone.o
        16          4          0         12          0         68   gui_waitevent.o
       198          0         24          0          0        244   guicc_0.o
        36          0         24          0          0        288   guicc_8888.o
         2          0          0          0          0         68   guicc_8888_index2color.o
       250         42         24          8          0        412   guicc_m565.o
       746         34          0          0          0        608   guidev.o
      2324         66        116          4          0       1336   guidev_16.o
        34          0          0          0          0         80   guidev_getdataptr.o
        84          0          0          0          0        164   guidev_usage.o
       424          4         24          0          0        460   guidev_usagebm.o
      1868         16          8          0          0        492   guidev_writetoactiveopaque.o
      1730        118         12          4          0       1436   lcd.o
       260         26          0         16          0        388   lcd_color.o
        32         12          0          0          0        136   lcd_getcolorindex.o
       292         24          0          0          0        784   lcd_getex.o
        26          0          0          0          0         80   lcd_getnumdisplays.o
         0          0        256          0          0          0   lcd_mirror.o
        64         10          0          0          0         80   lcd_selectlcd.o
       132          0          0          0          0        252   lcd_set.o
        48         10          0          0          0         80   lcd_setcliprectex.o
        36          4          0          0          0         80   lcd_updatecolorindices.o
      3024        136          0         96         24       2640   wm.o
        18          0          0          0          0         76   wm__getfirstsibling.o
        36          0          0          0          0         80   wm__getprevsibling.o
        60          6          0          4          0         88   wm__sendmessage.o
       136          0          0          0          0         92   wm_bringtobottom.o
        16          6          0          0          0         68   wm_criticalhandle.o
        32          0          0          0          0         80   wm_getclientrect.o
        24         10          0          0          0         68   wm_getdesktopwindow.o
        26          0          0          0          0         76   wm_getfirstchild.o
        26          0          0          0          0         76   wm_getparent.o
        38          0          0          0          0         92   wm_sendtoparent.o
        16          6          0          0          0         68   wm_setcreateflags.o
         0          0          0          0         72          0   wm_touch.o
        24          4          0          0          0         84   __2printf.o
        44          6          0          0          0         84   __2sprintf.o
        90          0          0          0          0          0   __dczerorl2.o
         8          0          0          0          0         68   __main.o
       392          4         17          0          0         92   __printf_flags_ss_wp.o
        14          0          0          0          0         68   __printf_wp.o
         0          0          0          0          0          0   __rtentry.o
        12          0          0          0          0          0   __rtentry2.o
         6          0          0          0          0          0   __rtentry4.o
        52          8          0          0          0          0   __scatter.o
        28          0          0          0          0          0   __scatter_zi.o
         6          0          0          0          0          0   _printf_a.o
         6          0          0          0          0          0   _printf_c.o
        44          0          0          0          0        108   _printf_char.o
        48          6          0          0          0         96   _printf_char_common.o
        36          4          0          0          0         80   _printf_char_file.o
        40          0          0          0          0         68   _printf_charcount.o
         6          0          0          0          0          0   _printf_d.o
       120         16          0          0          0         92   _printf_dec.o
         6          0          0          0          0          0   _printf_e.o
         6          0          0          0          0          0   _printf_f.o
      1050          0          0          0          0        216   _printf_fp_dec.o
       128         16          0          0          0         84   _printf_fp_infnan.o
         6          0          0          0          0          0   _printf_g.o
       148          4         40          0          0        160   _printf_hex_int_ll_ptr.o
         6          0          0          0          0          0   _printf_i.o
       178          0          0          0          0         88   _printf_intcommon.o
        10          0          0          0          0          0   _printf_l.o
         6          0          0          0          0          0   _printf_lc.o
        10          0          0          0          0          0   _printf_ll.o
         6          0          0          0          0          0   _printf_lld.o
         6          0          0          0          0          0   _printf_lli.o
         6          0          0          0          0          0   _printf_llo.o
         6          0          0          0          0          0   _printf_llu.o
         6          0          0          0          0          0   _printf_llx.o
       124         16          0          0          0         92   _printf_longlong_dec.o
         6          0          0          0          0          0   _printf_ls.o
         6          0          0          0          0          0   _printf_n.o
         6          0          0          0          0          0   _printf_o.o
       112          8          0          0          0        124   _printf_oct_int_ll.o
         6          0          0          0          0          0   _printf_p.o
        78          0          0          0          0        108   _printf_pad.o
         0          0          0          0          0          0   _printf_percent.o
         4          0          0          0          0          0   _printf_percent_end.o
         6          0          0          0          0          0   _printf_s.o
        82          0          0          0          0         80   _printf_str.o
        36          0          0          0          0         84   _printf_truncate.o
         6          0          0          0          0          0   _printf_u.o
        44          0          0          0          0        108   _printf_wchar.o
       188          6          8          0          0         92   _printf_wctomb.o
         6          0          0          0          0          0   _printf_x.o
        10          0          0          0          0         68   _sputc.o
        64          0          0          0          0         92   _wcrtomb.o
        16          0          0          0          0         68   aeabi_memset.o
       220          4        148          0          0         96   bigflt0.o
      1910        128          0          0          0        672   btod.o
        36          4          0          0          0         76   c89vsprintf.o
        12          0          0          0          0         72   exit.o
         8          0          0          0          0         68   ferror.o
         6          0          0          0          0        152   heapauxi.o
        44         10        272          0          0         76   lc_ctype_c.o
        44         10         28          0          0         76   lc_numeric_c.o
         2          0          0          0          0          0   libinit.o
        30          0          0          0          0          0   libinit2.o
         2          0          0          0          0          0   libshutdown.o
         2          0          0          0          0          0   libshutdown2.o
         8          4          0          0         96         68   libspace.o
       138          0          0          0          0         80   lludiv10.o
       238          0          0          0          0        100   lludivv7m.o
        16          4          0          0          0         76   rt_ctype_table.o
         8          4          0          0          0         68   rt_locale_intlibspace.o
        68          0          0          0          0         68   rt_memclr.o
        78          0          0          0          0         80   rt_memclr_w.o
       138          0          0          0          0         68   rt_memcpy_v6.o
       100          0          0          0          0         80   rt_memcpy_w.o
       132          0          0          0          0         68   rt_memmove_v6.o
       122          0          0          0          0         80   rt_memmove_w.o
         2          0          0          0          0          0   rtexit.o
        10          0          0          0          0          0   rtexit2.o
       128          0          0          0          0         68   strcmpv7m.o
        62          0          0          0          0         76   strlen.o
        74          0          0          0          0         80   sys_stackheap_outer.o
         2          0          0          0          0         68   use_no_semi.o
         2          0          0          0          0         68   use_no_semi_2.o
        98          4          0          0          0         92   d2f.o
       826         16          0          0          0        348   daddsub_clz.o
        24          0          0          0          0         68   dcmpi.o
       688        140          0          0          0        208   ddiv.o
        94          4          0          0          0         92   dfix.o
        84          0          0          0          0        136   dflt_clz.o
       120          4          0          0          0         92   dleqf.o
       340         12          0          0          0        104   dmul.o
       156          4          0          0          0         92   dnaninf.o
        12          0          0          0          0         68   dretinf.o
       108          0          0          0          0         80   drleqf.o
        86          4          0          0          0         84   f2d.o
       450          8          0          0          0        236   faddsub_clz.o
        12          4          0          0          0         68   fcheck1.o
        24          0          0          0          0         68   fcmpi.o
       388         76          0          0          0         96   fdiv.o
       104          4          0          0          0         84   feqf.o
        54          4          0          0          0         84   ffix.o
        62          4          0          0          0         84   ffixu.o
        86          0          0          0          0        136   fflt_clz.o
       104          4          0          0          0         84   fleqf.o
       258          4          0          0          0         84   fmul.o
       140          4          0          0          0         84   fnaninf.o
        10          0          0          0          0         68   fretinf.o
        98          0          0          0          0         68   frleqf.o
         4          0          0          0          0         68   printf1.o
       100          0          0          0          0         68   retnan.o
        76          0          0          0          0         68   scalbnf.o
        48          0          0          0          0         68   trapv.o
         0          0          0          0          0          0   usenofp.o
       220         16          0          0          0         84   ceil.o
       220         16          0          0          0         84   floor.o
        40          0          0          0          0         68   fpclassify.o

    ----------------------------------------------------------------------
     35092       1718       3904        284        616      29928   Library Totals
        82          0          3          0          0          0   (incl. Padding)

    ----------------------------------------------------------------------

      Code (inc. data)   RO Data    RW Data    ZI Data      Debug   Library Name

     22874       1120       3388        284        520      21924   STemWin526_CM3_OS_Keil.lib
      7002        266        513          0         96       4788   c_w.l
      4654        300          0          0          0       2980   fz_ws.l
       480         32          0          0          0        236   m_ws.l

    ----------------------------------------------------------------------
     35092       1718       3904        284        616      29928   Library Totals

    ----------------------------------------------------------------------

==============================================================================


      Code (inc. data)   RO Data    RW Data    ZI Data      Debug   

    125460       8006     272868       1088     931960     951308   Grand Totals
    125460       8006     272868        192     931960     951308   ELF Image Totals (compressed)
    125460       8006     272868        192          0          0   ROM Totals

==============================================================================

    Total RO  Size (Code + RO Data)               398328 ( 388.99kB)
    Total RW  Size (RW Data + ZI Data)            933048 ( 911.18kB)
    Total ROM Size (Code + RO Data + RW Data)     398520 ( 389.18kB)

==============================================================================

