Component: ARM Compiler 5.05 update 1 (build 106) Tool: armlink [4d0efa]

==============================================================================

Section Cross References

    main.o(.text) refers to tiky_lcd.o(.text) for BlockWrite
    main.o(.text) refers to control.o(.text) for IDLE_Mode
    main.o(.text) refers to os_time.o(.text) for OSTimeDlyHMSM
    main.o(.text) refers to temp.o(.text) for Get_Temperature
    main.o(.text) refers to pid.o(.text) for PID_Ctr
    main.o(.text) refers to camp.o(.constdata) for gImage_camp
    main.o(.text) refers to main.o(.data) for g_startup_mode_last
    main.o(.text) refers to guidemo.o(.data) for g_current_mode
    main.o(.text) refers to control.o(.data) for g_flame_update_status
    main.o(.text) refers to guidemo.o(.bss) for g_temp_val_new
    main.o(.text) refers to pid.o(.data) for Auger_On
    main.o(.text) refers to ec11key.o(.text) for EC11_BUT_Scan
    main.o(.text) refers to rt_memcpy_w.o(.text) for __aeabi_memcpy4
    main.o(.text) refers to delay.o(.text) for delay_ms
    main.o(.text) refers to guidemo.o(.text) for GUIDEMO_MainMenu
    main.o(.text) refers to main.o(.constdata) for .constdata
    main.o(.text) refers to cpu_core.o(.text) for CPU_Init
    main.o(.text) refers to os_stat.o(.text) for OSStatTaskCPUUsageInit
    main.o(.text) refers to os_core.o(.text) for OSSchedRoundRobinCfg
    main.o(.text) refers to stm32f10x_rcc.o(.text) for RCC_AHBPeriphClockCmd
    main.o(.text) refers to wm_setcreateflags.o(i.WM_SetCreateFlags) for WM_SetCreateFlags
    main.o(.text) refers to gui_core.o(i.GUI_Init) for GUI_Init
    main.o(.text) refers to cpu_a.o(.text) for CPU_SR_Save
    main.o(.text) refers to os_task.o(.text) for OSTaskCreate
    main.o(.text) refers to misc.o(.text) for NVIC_PriorityGroupConfig
    main.o(.text) refers to led.o(.text) for LED_Init
    main.o(.text) refers to malloc.o(.text) for my_mem_init
    main.o(.text) refers to adc.o(.text) for Adc_Init
    main.o(.text) refers to timer.o(.text) for TIM3_Int_Init
    main.o(.text) refers to usart.o(.text) for uart_init
    main.o(.text) refers to dma.o(.text) for Usart_DMA_Init
    main.o(.text) refers to os_var.o(.data) for OSSchedLockNestingCtr
    main.o(.text) refers to main.o(.bss) for EMWINDEMO_TASK_STK
    system_stm32f10x.o(.text) refers to system_stm32f10x.o(.data) for SystemCoreClock
    led.o(.text) refers to stm32f10x_rcc.o(.text) for RCC_APB2PeriphClockCmd
    led.o(.text) refers to stm32f10x_gpio.o(.text) for GPIO_Init
    tiky_lcd.o(.text) refers to stm32f10x_rcc.o(.text) for RCC_AHBPeriphClockCmd
    tiky_lcd.o(.text) refers to stm32f10x_gpio.o(.text) for GPIO_Init
    tiky_lcd.o(.text) refers to stm32f10x_fsmc.o(.text) for FSMC_NORSRAMInit
    tiky_lcd.o(.text) refers to delay.o(.text) for delay_ms
    tiky_lcd.o(.text) refers to tiky_lcd.o(.bss) for lcddev
    tiky_lcd.o(.text) refers to tiky_lcd.o(.data) for POINT_COLOR
    ec11key.o(.text) refers to stm32f10x_rcc.o(.text) for RCC_APB2PeriphClockCmd
    ec11key.o(.text) refers to stm32f10x_gpio.o(.text) for GPIO_Init
    ec11key.o(.text) refers to stm32f10x_exti.o(.text) for EXTI_Init
    ec11key.o(.text) refers to misc.o(.text) for NVIC_PriorityGroupConfig
    ec11key.o(.text) refers to delay.o(.text) for delay_ms
    ec11key.o(.text) refers to ec11key.o(.data) for step_left_detection
    adc.o(.text) refers to stm32f10x_rcc.o(.text) for RCC_APB2PeriphClockCmd
    adc.o(.text) refers to stm32f10x_gpio.o(.text) for GPIO_Init
    adc.o(.text) refers to stm32f10x_adc.o(.text) for ADC_DeInit
    adc.o(.text) refers to delay.o(.text) for delay_ms
    temp.o(.text) refers to fflt_clz.o(x$fpl$fflt) for __aeabi_i2f
    temp.o(.text) refers to fflt_clz.o(x$fpl$ffltu) for __aeabi_ui2f
    temp.o(.text) refers to faddsub_clz.o(x$fpl$fsub) for __aeabi_fsub
    temp.o(.text) refers to fmul.o(x$fpl$fmul) for __aeabi_fmul
    temp.o(.text) refers to fdiv.o(x$fpl$fdiv) for __aeabi_fdiv
    temp.o(.text) refers to faddsub_clz.o(x$fpl$fadd) for __aeabi_fadd
    temp.o(.text) refers to adc.o(.text) for Get_Adc_Average
    temp.o(.text) refers to ffix.o(x$fpl$ffix) for __aeabi_f2iz
    temp.o(.text) refers to temp.o(.constdata) for RTD_TAB_NTC4050
    temp.o(.text) refers to guidemo.o(.data) for g_temp1_error
    control.o(.text) refers to stm32f10x_rcc.o(.text) for RCC_APB2PeriphClockCmd
    control.o(.text) refers to stm32f10x_gpio.o(.text) for GPIO_PinRemapConfig
    control.o(.text) refers to pid.o(.data) for iTemp
    pid.o(.text) refers to dflt_clz.o(x$fpl$dflt) for __aeabi_i2d
    pid.o(.text) refers to dmul.o(x$fpl$dmul) for __aeabi_dmul
    pid.o(.text) refers to dfix.o(x$fpl$dfix) for __aeabi_d2iz
    pid.o(.text) refers to ffixu.o(x$fpl$ffixu) for __aeabi_f2uiz
    pid.o(.text) refers to faddsub_clz.o(x$fpl$fsub) for __aeabi_fsub
    pid.o(.text) refers to fdiv.o(x$fpl$fdiv) for __aeabi_fdiv
[...]
    target_temp_set                          0x20000218   Data           4  guidemo.o(.data)
    target_smoke_set                         0x2000021c   Data           4  guidemo.o(.data)
    CPU_TS_TmrFreq_Hz                        0x20000220   Data           4  cpu_core.o(.data)
    Mem_PoolTbl                              0x20000224   Data           4  lib_mem.o(.data)
    OSPrioTbl                                0x20000228   Data           8  os_prio.o(.data)
    OS_AppTaskCreateHookPtr                  0x20000230   Data           4  os_var.o(.data)
    OS_AppTaskDelHookPtr                     0x20000234   Data           4  os_var.o(.data)
    OS_AppTaskReturnHookPtr                  0x20000238   Data           4  os_var.o(.data)
    OS_AppIdleTaskHookPtr                    0x2000023c   Data           4  os_var.o(.data)
    OS_AppStatTaskHookPtr                    0x20000240   Data           4  os_var.o(.data)
    OS_AppTaskSwHookPtr                      0x20000244   Data           4  os_var.o(.data)
    OS_AppTimeTickHookPtr                    0x20000248   Data           4  os_var.o(.data)
    OSIdleTaskCtr                            0x2000024c   Data           4  os_var.o(.data)
    OSIntNestingCtr                          0x20000250   Data           1  os_var.o(.data)
    OSRunning                                0x20000251   Data           1  os_var.o(.data)
    OSIntQInPtr                              0x20000254   Data           4  os_var.o(.data)
    OSIntQOutPtr                             0x20000258   Data           4  os_var.o(.data)
    OSIntQNbrEntries                         0x2000025c   Data           2  os_var.o(.data)
    OSIntQNbrEntriesMax                      0x2000025e   Data           2  os_var.o(.data)
    OSIntQOvfCtr                             0x20000260   Data           2  os_var.o(.data)
    OSIntQTaskTimeMax                        0x20000264   Data           4  os_var.o(.data)
    OSFlagDbgListPtr                         0x20000268   Data           4  os_var.o(.data)
    OSFlagQty                                0x2000026c   Data           2  os_var.o(.data)
    OSMemDbgListPtr                          0x20000270   Data           4  os_var.o(.data)
    OSMemQty                                 0x20000274   Data           2  os_var.o(.data)
    OSMutexDbgListPtr                        0x20000278   Data           4  os_var.o(.data)
    OSMutexQty                               0x2000027c   Data           2  os_var.o(.data)
    OSPrioCur                                0x2000027e   Data           1  os_var.o(.data)
    OSPrioHighRdy                            0x2000027f   Data           1  os_var.o(.data)
    OSPrioSaved                              0x20000280   Data           1  os_var.o(.data)
    OSQDbgListPtr                            0x20000284   Data           4  os_var.o(.data)
    OSQQty                                   0x20000288   Data           2  os_var.o(.data)
    OSSchedLockTimeBegin                     0x2000028c   Data           4  os_var.o(.data)
    OSSchedLockTimeMax                       0x20000290   Data           4  os_var.o(.data)
    OSSchedLockTimeMaxCur                    0x20000294   Data           4  os_var.o(.data)
    OSSchedLockNestingCtr                    0x20000298   Data           1  os_var.o(.data)
    OSSchedRoundRobinDfltTimeQuanta          0x2000029c   Data           4  os_var.o(.data)
    OSSchedRoundRobinEn                      0x200002a0   Data           1  os_var.o(.data)
    OSSemDbgListPtr                          0x200002a4   Data           4  os_var.o(.data)
    OSSemQty                                 0x200002a8   Data           2  os_var.o(.data)
    OSStatResetFlag                          0x200002aa   Data           1  os_var.o(.data)
    OSStatTaskCPUUsage                       0x200002ac   Data           2  os_var.o(.data)
    OSStatTaskCPUUsageMax                    0x200002ae   Data           2  os_var.o(.data)
    OSStatTaskCtr                            0x200002b0   Data           4  os_var.o(.data)
    OSStatTaskCtrMax                         0x200002b4   Data           4  os_var.o(.data)
    OSStatTaskCtrRun                         0x200002b8   Data           4  os_var.o(.data)
    OSStatTaskRdy                            0x200002bc   Data           1  os_var.o(.data)
    OSStatTaskTimeMax                        0x200002c0   Data           4  os_var.o(.data)
    OSTaskCtxSwCtr                           0x200002c4   Data           4  os_var.o(.data)
    OSTaskDbgListPtr                         0x200002c8   Data           4  os_var.o(.data)
    OSTaskQty                                0x200002cc   Data           2  os_var.o(.data)
    OSTaskRegNextAvailID                     0x200002ce   Data           1  os_var.o(.data)
    OSTickCtr                                0x200002d0   Data           4  os_var.o(.data)
    OSTickTaskTimeMax                        0x200002d4   Data           4  os_var.o(.data)
    OSTmrDbgListPtr                          0x200002d8   Data           4  os_var.o(.data)
    OSTmrQty                                 0x200002dc   Data           2  os_var.o(.data)
    OSTmrTaskTimeMax                         0x200002e0   Data           4  os_var.o(.data)
    OSTmrTickCtr                             0x200002e4   Data           4  os_var.o(.data)
    OSTmrUpdateCnt                           0x200002e8   Data           4  os_var.o(.data)
    OSTmrUpdateCtr                           0x200002ec   Data           4  os_var.o(.data)
    OSTCBCurPtr                              0x200002f0   Data           4  os_var.o(.data)
    OSTCBHighRdyPtr                          0x200002f4   Data           4  os_var.o(.data)
    OS_CPU_ExceptStkBase                     0x200002f8   Data           4  os_cpu_c.o(.data)
    GUI_DecChar                              0x20000304   Data           1  gui_core.o(.data)
    GUI_pfGetpPalConvTable                   0x20000308   Data           4  gui_core.o(.data)
    GUI__pFontDefault                        0x2000030c   Data           4  gui_core.o(.data)
    GUI_pContext                             0x20000310   Data           4  gui_core.o(.data)
    GUI_pUC_API                              0x20000314   Data           4  gui_core.o(.data)
    GUI__apDevice                            0x20000328   Data           8  gui_core.o(.data)
    GUI_pfDispCharStyle                      0x20000330   Data           4  gui_core.o(.data)
    GUI_pLCD_APIList                         0x20000334   Data           4  gui_core.o(.data)
    GUI_OrgX                                 0x20000338   Data           2  gui_core.o(.data)
    GUI_OrgY                                 0x2000033a   Data           2  gui_core.o(.data)
    GUI__CharHasTrans                        0x2000033c   Data           1  gui_encext.o(.data)
    GUI_CharLine_pfLog2Vis                   0x20000354   Data           4  gui_charline.o(.data)
    GUITASK__EntranceCnt                     0x20000364   Data           4  gui_task.o(.data)
    LCD__pSetColorAPI                        0x20000374   Data           4  lcd.o(.data)
    LCD__aConvTable                          0x2000037c   Data           4  lcd_color.o(.data)
    WM__PaintCallbackCnt                     0x20000388   Data           1  wm.o(.data)
    WM__NumWindows                           0x2000038a   Data           2  wm.o(.data)
    WM__NumInvalidWindows                    0x2000038c   Data           2  wm.o(.data)
    WM__TouchedLayer                         0x20000390   Data           4  wm.o(.data)
    WM__FirstWin                             0x20000394   Data           4  wm.o(.data)
    WM__pFirstCriticalHandle                 0x20000398   Data           4  wm.o(.data)
    WM__CreateFlags                          0x2000039c   Data           4  wm.o(.data)
    WM_pfPollPID                             0x200003a0   Data           4  wm.o(.data)
    WM_MULTIBUF__pAPI                        0x200003a4   Data           4  wm.o(.data)
    WM__TransWindowCnt                       0x200003a8   Data           4  wm.o(.data)
    WM__hATransWindow                        0x200003ac   Data           4  wm.o(.data)
    WM__hCreateStatic                        0x200003b0   Data           4  wm.o(.data)
    WM__pExecGestures                        0x200003b4   Data           4  wm.o(.data)
    WM__ahDesktopWin                         0x200003c8   Data           8  wm.o(.data)
    WM__aBkColor                             0x200003d0   Data           8  wm.o(.data)
    WM__ahCapture                            0x200003d8   Data           8  wm.o(.data)
    WM__ahWinFocus                           0x200003e0   Data           8  wm.o(.data)
    StartTaskTCB                             0x20000418   Data         196  main.o(.bss)
    START_TASK_STK                           0x200004dc   Data        1024  main.o(.bss)
    TouchTaskTCB                             0x200008dc   Data         196  main.o(.bss)
    TOUCH_TASK_STK                           0x200009a0   Data         512  main.o(.bss)
    TempTaskTCB                              0x20000ba0   Data         196  main.o(.bss)
    TEMP_TASK_STK                            0x20000c64   Data         256  main.o(.bss)
    EmwindemoTaskTCB                         0x20000d64   Data         196  main.o(.bss)
    EMWINDEMO_TASK_STK                       0x20000e28   Data        8192  main.o(.bss)
    RUNTaskTCB                               0x20002e28   Data         196  main.o(.bss)
    RUN_TASK_STK                             0x20002eec   Data         256  main.o(.bss)
    tmr1                                     0x20002fec   Data          52  main.o(.bss)
    tmr2                                     0x20003020   Data          52  main.o(.bss)
    lcddev                                   0x20003054   Data          14  tiky_lcd.o(.bss)
    DMA_InitStructure                        0x20003064   Data          44  dma.o(.bss)
    U1_DMA_R_BUF                             0x20003090   Data          70  dma.o(.bss)
    U1_R_BUF                                 0x200030d6   Data          70  dma.o(.bss)
    U1_DMA_T_BUF                             0x2000311c   Data          70  dma.o(.bss)
    mem1base                                 0x20003180   Data       35840  malloc.o(.bss)
    mem1mapbase                              0x2000bd80   Data        2240  malloc.o(.bss)
    g_temp_val_new                           0x2000c640   Data          36  guidemo.o(.bss)
    g_temp_val_last                          0x2000c664   Data          36  guidemo.o(.bss)
    CPU_Name                                 0x2000c688   Data          16  cpu_core.o(.bss)
    Mem_PoolHeap                             0x2000c698   Data          72  lib_mem.o(.bss)
    Mem_Heap                                 0x2000c6e0   Data        1024  lib_mem.o(.bss)
    OSCfg_IdleTaskStk                        0x2000cae0   Data         512  os_cfg_app.o(.bss)
    OSCfg_IntQ                               0x2000cce0   Data         320  os_cfg_app.o(.bss)
    OSCfg_IntQTaskStk                        0x2000ce20   Data         512  os_cfg_app.o(.bss)
    OSCfg_ISRStk                             0x2000d020   Data         512  os_cfg_app.o(.bss)
    OSCfg_MsgPool                            0x2000d220   Data        1600  os_cfg_app.o(.bss)
    OSCfg_StatTaskStk                        0x2000d860   Data         512  os_cfg_app.o(.bss)
    OSCfg_TickTaskStk                        0x2000da60   Data         512  os_cfg_app.o(.bss)
    OSCfg_TickWheel                          0x2000dc60   Data         136  os_cfg_app.o(.bss)
    OSCfg_TmrTaskStk                         0x2000dce8   Data         512  os_cfg_app.o(.bss)
    OSCfg_TmrWheel                           0x2000dee8   Data         136  os_cfg_app.o(.bss)
    OSIdleTaskTCB                            0x2000df70   Data         196  os_var.o(.bss)
    OSIntQTaskTCB                            0x2000e034   Data         196  os_var.o(.bss)
    OSMsgPool                                0x2000e0f8   Data          12  os_var.o(.bss)
    OSRdyList                                0x2000e104   Data         768  os_var.o(.bss)
    OSStatTaskTCB                            0x2000e404   Data         196  os_var.o(.bss)
    OSTickTaskTCB                            0x2000e4c8   Data         196  os_var.o(.bss)
    OSTmrTaskTCB                             0x2000e58c   Data         196  os_var.o(.bss)
    GUI_ALLOC__Context                       0x2000e650   Data         188  gui_alloc.o(.bss)
    WM__aCHWinModal                          0x2000e828   Data          16  wm_touch.o(.bss)
    WM__aCHWinLast                           0x2000e838   Data          16  wm_touch.o(.bss)
    WM__aCHWinMouseOver                      0x2000e848   Data          16  wm_touch.o(.bss)
    __libspace_start                         0x2000e858   Data          96  libspace.o(.bss)
    __temporary_stack_top$libspace           0x2000e8b8   Data           0  libspace.o(.bss)
    mem2base                                 0x68000000   Data       819200  malloc.o(.ARM.__AT_0x68000000)
    mem2mapbase                              0x680c8000   Data       51200  malloc.o(.ARM.__AT_0x680C8000)



==============================================================================

Memory Map of the image

  Image Entry point : 0x08000131

  Load Region LR_IROM1 (Base: 0x08000000, Size: 0x0005e06c, Max: 0x00080000, ABSOLUTE, COMPRESSED[0x0005dd14])

    Execution Region ER_IROM1 (Base: 0x08000000, Size: 0x0005dc54, Max: 0x00080000, ABSOLUTE)

    Base Addr    Size         Type   Attr      Idx    E Section Name        Object

    0x08000000   0x00000130   Data   RO          573    RESET               startup_stm32f10x_hd.o
    0x08000130   0x00000008   Code   RO         2923  * !!!main             c_w.l(__main.o)
    0x08000138   0x00000034   Code   RO         3193    !!!scatter          c_w.l(__scatter.o)
    0x0800016c   0x0000005a   Code   RO         3191    !!dczerorl2         c_w.l(__dczerorl2.o)
    0x080001c6   0x00000002   PAD
    0x080001c8   0x0000001c   Code   RO         3195    !!handler_zi        c_w.l(__scatter_zi.o)
    0x080001e4   0x00000000   Code   RO         2908    .ARM.Collect$$_printf_percent$$00000000  c_w.l(_printf_percent.o)
    0x080001e4   0x00000006   Code   RO         2907    .ARM.Collect$$_printf_percent$$00000009  c_w.l(_printf_d.o)
    0x080001ea   0x00000006   Code   RO         2906    .ARM.Collect$$_printf_percent$$00000014  c_w.l(_printf_s.o)
    0x080001f0   0x00000004   Code   RO         3012    .ARM.Collect$$_printf_percent$$00000017  c_w.l(_printf_percent_end.o)
    0x080001f4   0x00000002   Code   RO         3064    .ARM.Collect$$libinit$$00000000  c_w.l(libinit.o)
    0x080001f6   0x00000000   Code   RO         3079    .ARM.Collect$$libinit$$00000002  c_w.l(libinit2.o)
    0x080001f6   0x00000000   Code   RO         3081    .ARM.Collect$$libinit$$00000004  c_w.l(libinit2.o)
    0x080001f6   0x00000000   Code   RO         3084    .ARM.Collect$$libinit$$0000000A  c_w.l(libinit2.o)
    0x080001f6   0x00000000   Code   RO         3086    .ARM.Collect$$libinit$$0000000C  c_w.l(libinit2.o)
    0x080001f6   0x00000000   Code   RO         3088    .ARM.Collect$$libinit$$0000000E  c_w.l(libinit2.o)
    0x080001f6   0x00000000   Code   RO         3091    .ARM.Collect$$libinit$$00000011  c_w.l(libinit2.o)
    0x080001f6   0x00000000   Code   RO         3093    .ARM.Collect$$libinit$$00000013  c_w.l(libinit2.o)
    0x080001f6   0x00000000   Code   RO         3095    .ARM.Collect$$libinit$$00000015  c_w.l(libinit2.o)
    0x080001f6   0x00000000   Code   RO         3097    .ARM.Collect$$libinit$$00000017  c_w.l(libinit2.o)
    0x080001f6   0x00000000   Code   RO         3099    .ARM.Collect$$libinit$$00000019  c_w.l(libinit2.o)
    0x080001f6   0x00000000   Code   RO         3101    .ARM.Collect$$libinit$$0000001B  c_w.l(libinit2.o)
    0x080001f6   0x00000000   Code   RO         3103    .ARM.Collect$$libinit$$0000001D  c_w.l(libinit2.o)
    0x080001f6   0x00000000   Code   RO         3105    .ARM.Collect$$libinit$$0000001F  c_w.l(libinit2.o)
    0x080001f6   0x00000000   Code   RO         3107    .ARM.Collect$$libinit$$00000021  c_w.l(libinit2.o)
    0x080001f6   0x00000000   Code   RO         3109    .ARM.Collect$$libinit$$00000023  c_w.l(libinit2.o)
    0x080001f6   0x00000000   Code   RO         3111    .ARM.Collect$$libinit$$00000025  c_w.l(libinit2.o)
    0x080001f6   0x00000000   Code   RO         3115    .ARM.Collect$$libinit$$0000002C  c_w.l(libinit2.o)
    0x080001f6   0x00000000   Code   RO         3117    .ARM.Collect$$libinit$$0000002E  c_w.l(libinit2.o)
    0x080001f6   0x00000000   Code   RO         3119    .ARM.Collect$$libinit$$00000030  c_w.l(libinit2.o)
    0x080001f6   0x00000000   Code   RO         3121    .ARM.Collect$$libinit$$00000032  c_w.l(libinit2.o)
    0x080001f6   0x00000002   Code   RO         3122    .ARM.Collect$$libinit$$00000033  c_w.l(libinit2.o)
    0x080001f8   0x00000002   Code   RO         3148    .ARM.Collect$$libshutdown$$00000000  c_w.l(libshutdown.o)
    0x080001fa   0x00000000   Code   RO         3176    .ARM.Collect$$libshutdown$$00000003  c_w.l(libshutdown2.o)
    0x080001fa   0x00000000   Code   RO         3179    .ARM.Collect$$libshutdown$$00000006  c_w.l(libshutdown2.o)
    0x080001fa   0x00000000   Code   RO         3182    .ARM.Collect$$libshutdown$$00000009  c_w.l(libshutdown2.o)
    0x080001fa   0x00000000   Code   RO         3184    .ARM.Collect$$libshutdown$$0000000B  c_w.l(libshutdown2.o)
    0x080001fa   0x00000000   Code   RO         3187    .ARM.Collect$$libshutdown$$0000000E  c_w.l(libshutdown2.o)
    0x080001fa   0x00000002   Code   RO         3188    .ARM.Collect$$libshutdown$$0000000F  c_w.l(libshutdown2.o)
    0x080001fc   0x00000000   Code   RO         2999    .ARM.Collect$$rtentry$$00000000  c_w.l(__rtentry.o)
    0x080001fc   0x00000000   Code   RO         3031    .ARM.Collect$$rtentry$$00000002  c_w.l(__rtentry2.o)
    0x080001fc   0x00000006   Code   RO         3043    .ARM.Collect$$rtentry$$00000004  c_w.l(__rtentry4.o)
    0x08000202   0x00000000   Code   RO         3033    .ARM.Collect$$rtentry$$00000009  c_w.l(__rtentry2.o)
    0x08000202   0x00000004   Code   RO         3034    .ARM.Collect$$rtentry$$0000000A  c_w.l(__rtentry2.o)
    0x08000206   0x00000000   Code   RO         3036    .ARM.Collect$$rtentry$$0000000C  c_w.l(__rtentry2.o)
    0x08000206   0x00000008   Code   RO         3037    .ARM.Collect$$rtentry$$0000000D  c_w.l(__rtentry2.o)
    0x0800020e   0x00000002   Code   RO         3070    .ARM.Collect$$rtexit$$00000000  c_w.l(rtexit.o)
    0x08000210   0x00000000   Code   RO         3124    .ARM.Collect$$rtexit$$00000002  c_w.l(rtexit2.o)
    0x08000210   0x00000004   Code   RO         3125    .ARM.Collect$$rtexit$$00000003  c_w.l(rtexit2.o)
    0x08000214   0x00000006   Code   RO         3126    .ARM.Collect$$rtexit$$00000004  c_w.l(rtexit2.o)
    0x0800021a   0x00000002   PAD
    0x0800021c   0x000012b8   Code   RO            1    .text               main.o
    0x080014d4   0x00000016   Code   RO          286    .text               stm32f10x_it.o
    0x080014ea   0x00000002   PAD
    0x080014ec   0x000001e0   Code   RO          321    .text               system_stm32f10x.o
    0x080016cc   0x00000034   Code   RO          339    .text               led.o
    0x08001700   0x00000988   Code   RO          351    .text               tiky_lcd.o
    0x08002088   0x00000204   Code   RO          374    .text               ec11key.o
    0x0800228c   0x000000e8   Code   RO          392    .text               adc.o
    0x08002374   0x0000027c   Code   RO          404    .text               temp.o
    0x080025f0   0x00000298   Code   RO          420    .text               control.o
    0x08002888   0x00000a50   Code   RO          439    .text               pid.o
    0x080032d8   0x00000214   Code   RO          474    .text               dma.o
    0x080034ec   0x000000ec   Code   RO          494    .text               timer.o
    0x080035d8   0x0000014c   Code   RO          506    .text               delay.o
    0x08003724   0x00000480   Code   RO          537    .text               usart.o
    0x08003ba4   0x00000040   Code   RO          574    .text               startup_stm32f10x_hd.o
    0x08003be4   0x0000022c   Code   RO          578    .text               malloc.o
    0x08003e10   0x000000dc   Code   RO          600    .text               misc.o
    0x08003eec   0x0000060c   Code   RO          627    .text               stm32f10x_fsmc.o
    0x080044f8   0x0000035c   Code   RO          639    .text               stm32f10x_gpio.o
    0x08004854   0x000003a4   Code   RO          651    .text               stm32f10x_rcc.o
    0x08004bf8   0x00000e1a   Code   RO          677    .text               stm32f10x_tim.o
    0x08005a12   0x00000002   PAD
    0x08005a14   0x00000408   Code   RO          689    .text               stm32f10x_usart.o
    0x08005e1c   0x0000011c   Code   RO          701    .text               stm32f10x_exti.o
    0x08005f38   0x0000044e   Code   RO          713    .text               stm32f10x_adc.o
    0x08006386   0x00000002   PAD
    0x08006388   0x00000254   Code   RO          725    .text               stm32f10x_dma.o
    0x080065dc   0x0000002c   Code   RO          737    .text               guiconf.o
    0x08006608   0x00000168   Code   RO          753    .text               gui_x_ucosiii.o
    0x08006770   0x00000880   Code   RO          767    .text               guidrv_template.o
    0x08006ff0   0x00000050   Code   RO          831    .text               lcdconf_flexcolor_template.o
    0x08007040   0x00003fe0   Code   RO          850    .text               guidemo.o
    0x0800b020   0x00000084   Code   RO          869    .text               bsp.o
    0x0800b0a4   0x000002a8   Code   RO          884    .text               cpu_core.o
    0x0800b34c   0x00000034   Code   RO          922    .text               cpu_a.o
    0x0800b380   0x00000256   Code   RO          925    .text               lib_ascii.o
    0x0800b5d6   0x00000002   PAD
    0x0800b5d8   0x000009c6   Code   RO          958    .text               lib_mem.o
    0x0800bf9e   0x00000002   PAD
    0x0800bfa0   0x0000092c   Code   RO          977    .text               lib_str.o
    0x0800c8cc   0x00000220   Code   RO          994    .text               lib_mem_a.o
    0x0800caec   0x000000fc   Code   RO          997    .text               os_cfg_app.o
    0x0800cbe8   0x00000e04   Code   RO         1020    .text               os_core.o
    0x0800d9ec   0x000001b0   Code   RO         1032    .text               os_dbg.o
    0x0800db9c   0x00000e28   Code   RO         1047    .text               os_flag.o
    0x0800e9c4   0x00000444   Code   RO         1059    .text               os_int.o
    0x0800ee08   0x00000238   Code   RO         1071    .text               os_mem.o
    0x0800f040   0x0000022c   Code   RO         1083    .text               os_msg.o
    0x0800f26c   0x00000ad4   Code   RO         1095    .text               os_mutex.o
    0x0800fd40   0x0000007c   Code   RO         1113    .text               os_prio.o
    0x0800fdbc   0x000008d8   Code   RO         1132    .text               os_q.o
    0x08010694   0x00000830   Code   RO         1144    .text               os_sem.o
    0x08010ec4   0x00000638   Code   RO         1156    .text               os_stat.o
    0x080114fc   0x00001bb4   Code   RO         1168    .text               os_task.o
    0x080130b0   0x000004fc   Code   RO         1180    .text               os_tick.o
    0x080135ac   0x00000564   Code   RO         1192    .text               os_time.o
    0x08013b10   0x00000818   Code   RO         1204    .text               os_tmr.o
    0x08014328   0x0000026c   Code   RO         1230    .text               os_cpu_c.o
    0x08014594   0x00000002   Code   RO         2870    .text               c_w.l(use_no_semi_2.o)
    0x08014596   0x000000ee   Code   RO         2872    .text               c_w.l(lludivv7m.o)
    0x08014684   0x00000028   Code   RO         2876    .text               c_w.l(noretval__2sprintf.o)
    0x080146ac   0x0000004e   Code   RO         2880    .text               c_w.l(_printf_pad.o)
    0x080146fa   0x00000052   Code   RO         2882    .text               c_w.l(_printf_str.o)
    0x0801474c   0x00000078   Code   RO         2884    .text               c_w.l(_printf_dec.o)
    0x080147c4   0x0000010e   Code   RO         2894    .text               c_w.l(__printf_wp.o)
    0x080148d2   0x0000008a   Code   RO         2909    .text               c_w.l(rt_memcpy_v6.o)
    0x0801495c   0x00000084   Code   RO         2911    .text               c_w.l(rt_memmove_v6.o)
    0x080149e0   0x00000064   Code   RO         2913    .text               c_w.l(rt_memcpy_w.o)
    0x08014a44   0x00000044   Code   RO         2917    .text               c_w.l(rt_memclr.o)
    0x08014a88   0x0000004e   Code   RO         2919    .text               c_w.l(rt_memclr_w.o)
    0x08014ad6   0x00000006   Code   RO         2921    .text               c_w.l(heapauxi.o)
    0x08014adc   0x00000002   Code   RO         2997    .text               c_w.l(use_no_semi.o)
    0x08014ade   0x000000b2   Code   RO         3004    .text               c_w.l(_printf_intcommon.o)
    0x08014b90   0x00000030   Code   RO         3006    .text               c_w.l(_printf_char_common.o)
    0x08014bc0   0x0000000a   Code   RO         3008    .text               c_w.l(_sputc.o)
    0x08014bca   0x0000002c   Code   RO         3010    .text               c_w.l(_printf_char.o)
    0x08014bf6   0x0000007a   Code   RO         3013    .text               c_w.l(rt_memmove_w.o)
    0x08014c70   0x0000004a   Code   RO         3051    .text               c_w.l(sys_stackheap_outer.o)
    0x08014cba   0x0000000c   Code   RO         3053    .text               c_w.l(exit.o)
    0x08014cc6   0x00000002   PAD
    0x08014cc8   0x00000008   Code   RO         3067    .text               c_w.l(libspace.o)
    0x08014cd0   0x00000098   Code   RO         1248    CODE                os_cpu_a.o
    0x08014d68   0x00000008   Code   RO         1599    i.Abs               STemWin526_CM3_OS_Keil.lib(gui_drawline.o)
    0x08014d70   0x00000104   Code   RO         1501    i.GL_DrawArc        STemWin526_CM3_OS_Keil.lib(gui_arc.o)
    0x08014e74   0x000000d0   Code   RO         1525    i.GL_DrawEllipse    STemWin526_CM3_OS_Keil.lib(gui_circ.o)
    0x08014f44   0x00000010   Code   RO         1600    i.GL_DrawLine       STemWin526_CM3_OS_Keil.lib(gui_drawline.o)
    0x08014f54   0x000001cc   Code   RO         1602    i.GL_DrawLine1Ex    STemWin526_CM3_OS_Keil.lib(gui_drawline.o)
    0x08015120   0x0000010c   Code   RO         1603    i.GL_DrawLineEx     STemWin526_CM3_OS_Keil.lib(gui_drawline.o)
    0x0801522c   0x0000000e   Code   RO         1604    i.GL_DrawLineTo     STemWin526_CM3_OS_Keil.lib(gui_drawline.o)
    0x0801523a   0x00000002   PAD
    0x0801523c   0x00000028   Code   RO         1605    i.GL_DrawLineToEx   STemWin526_CM3_OS_Keil.lib(gui_drawline.o)
    0x08015264   0x00000020   Code   RO         1630    i.GL_DrawPoint      STemWin526_CM3_OS_Keil.lib(gui_drawpoint.o)
    0x08015284   0x00000068   Code   RO         1634    i.GL_DrawPolygon    STemWin526_CM3_OS_Keil.lib(gui_drawpolygon.o)
    0x080152ec   0x000000bc   Code   RO         1526    i.GL_FillCircle     STemWin526_CM3_OS_Keil.lib(gui_circ.o)
    0x080153a8   0x0000007e   Code   RO         1527    i.GL_FillEllipse    STemWin526_CM3_OS_Keil.lib(gui_circ.o)
    0x08015426   0x00000002   PAD
    0x08015428   0x000001dc   Code   RO         1648    i.GL_FillPolygon    STemWin526_CM3_OS_Keil.lib(gui_fillpolygon.o)
    0x08015604   0x00000010   Code   RO         1877    i.GL_MoveTo         STemWin526_CM3_OS_Keil.lib(gui_2dlib.o)
    0x08015614   0x00000134   Code   RO         1898    i.GUIMONO_DispChar  STemWin526_CM3_OS_Keil.lib(gui_charm.o)
    0x08015748   0x00000018   Code   RO         1899    i.GUIMONO_GetCharDistX  STemWin526_CM3_OS_Keil.lib(gui_charm.o)
    0x08015760   0x00000006   Code   RO         1900    i.GUIMONO_GetFontInfo  STemWin526_CM3_OS_Keil.lib(gui_charm.o)
    0x08015766   0x00000038   Code   RO         1901    i.GUIMONO_IsInFont  STemWin526_CM3_OS_Keil.lib(gui_charm.o)
    0x0801579e   0x00000002   PAD
    0x080157a0   0x0000009c   Code   RO         1511    i.GUIPROP_EXT_DispChar  STemWin526_CM3_OS_Keil.lib(gui_charpext.o)
    0x0801583c   0x00000044   Code   RO         1512    i.GUIPROP_EXT_GetCharDistX  STemWin526_CM3_OS_Keil.lib(gui_charpext.o)
    0x08015880   0x00000038   Code   RO         1513    i.GUIPROP_EXT_GetCharInfo  STemWin526_CM3_OS_Keil.lib(gui_charpext.o)
    0x080158b8   0x00000006   Code   RO         1514    i.GUIPROP_EXT_GetFontInfo  STemWin526_CM3_OS_Keil.lib(gui_charpext.o)
    0x080158be   0x00000010   Code   RO         1515    i.GUIPROP_EXT_IsInFont  STemWin526_CM3_OS_Keil.lib(gui_charpext.o)
    0x080158ce   0x00000002   PAD
    0x080158d0   0x0000007c   Code   RO         1638    i.GUIPROP_EXT__ClearLine  STemWin526_CM3_OS_Keil.lib(gui_encext.o)
    0x0801594c   0x00000044   Code   RO         1639    i.GUIPROP_EXT__DispLine  STemWin526_CM3_OS_Keil.lib(gui_encext.o)
    0x08015990   0x00000016   Code   RO         1516    i.GUIPROP_EXT__FindChar  STemWin526_CM3_OS_Keil.lib(gui_charpext.o)
    0x080159a6   0x00000002   PAD
    0x080159a8   0x0000004c   Code   RO         1930    i.GUITASK_CopyContext  STemWin526_CM3_OS_Keil.lib(gui_task.o)
    0x080159f4   0x00000040   Code   RO         1932    i.GUITASK_Init      STemWin526_CM3_OS_Keil.lib(gui_task.o)
    0x08015a34   0x0000001e   Code   RO         1431    i.GUI_ALLOC_AllocNoInit  STemWin526_CM3_OS_Keil.lib(gui_alloc.o)
    0x08015a52   0x0000002e   Code   RO         2173    i.GUI_ALLOC_AllocZero  STemWin526_CM3_OS_Keil.lib(gui_alloc_alloczero.o)
    0x08015a80   0x00000010   Code   RO         1432    i.GUI_ALLOC_AssignMemory  STemWin526_CM3_OS_Keil.lib(gui_alloc.o)
    0x08015a90   0x0000003c   Code   RO         1433    i.GUI_ALLOC_Free    STemWin526_CM3_OS_Keil.lib(gui_alloc.o)
    0x08015acc   0x00000018   Code   RO         1434    i.GUI_ALLOC_FreeFixedBlock  STemWin526_CM3_OS_Keil.lib(gui_alloc.o)
    0x08015ae4   0x000000b0   Code   RO         1437    i.GUI_ALLOC_GetFixedBlock  STemWin526_CM3_OS_Keil.lib(gui_alloc.o)
    0x08015b94   0x0000001c   Code   RO         1445    i.GUI_ALLOC_LockH   STemWin526_CM3_OS_Keil.lib(gui_alloc.o)
    0x08015bb0   0x0000001c   Code   RO         1447    i.GUI_ALLOC_SetAvBlockSize  STemWin526_CM3_OS_Keil.lib(gui_alloc.o)
    0x08015bcc   0x00000030   Code   RO         1450    i.GUI_ALLOC_UnlockH  STemWin526_CM3_OS_Keil.lib(gui_alloc.o)
    0x08015bfc   0x00000018   Code   RO         1451    i.GUI_ALLOC_h2p     STemWin526_CM3_OS_Keil.lib(gui_alloc.o)
    0x08015c14   0x0000003c   Code   RO         2392    i.GUI_CalcColorDist  STemWin526_CM3_OS_Keil.lib(gui_calccolordist.o)
    0x08015c50   0x0000001c   Code   RO         1541    i.GUI_Clear         STemWin526_CM3_OS_Keil.lib(gui_core.o)
    0x08015c6c   0x00000068   Code   RO         1542    i.GUI_ClearRect     STemWin526_CM3_OS_Keil.lib(gui_core.o)
    0x08015cd4   0x00000050   Code   RO         1574    i.GUI_DEVICE_Create  STemWin526_CM3_OS_Keil.lib(gui_device.o)
    0x08015d24   0x00000028   Code   RO         1575    i.GUI_DEVICE_CreateAndLink  STemWin526_CM3_OS_Keil.lib(gui_device.o)
    0x08015d4c   0x00000004   Code   RO         1576    i.GUI_DEVICE_Delete  STemWin526_CM3_OS_Keil.lib(gui_device.o)
    0x08015d50   0x00000088   Code   RO         1577    i.GUI_DEVICE_Link   STemWin526_CM3_OS_Keil.lib(gui_device.o)
    0x08015dd8   0x00000012   Code   RO         1578    i.GUI_DEVICE_LinkDevices  STemWin526_CM3_OS_Keil.lib(gui_device.o)
    0x08015dea   0x00000004   Code   RO         1579    i.GUI_DEVICE_Unlink  STemWin526_CM3_OS_Keil.lib(gui_device.o)
    0x08015dee   0x00000002   PAD
    0x08015df0   0x00000044   Code   RO         1580    i.GUI_DEVICE_UnlinkTaskDevices  STemWin526_CM3_OS_Keil.lib(gui_device.o)
    0x08015e34   0x00000024   Code   RO         1582    i.GUI_DEVICE__GetpDriver  STemWin526_CM3_OS_Keil.lib(gui_device.o)
    0x08015e58   0x00000108   Code   RO         1906    i.GUI_DispString    STemWin526_CM3_OS_Keil.lib(gui_dispstring.o)
    0x08015f60   0x00000028   Code   RO         1595    i.GUI_DispStringAt  STemWin526_CM3_OS_Keil.lib(gui_dispstringat.o)
    0x08015f88   0x00000034   Code   RO         1597    i.GUI_DispStringHCenterAt  STemWin526_CM3_OS_Keil.lib(gui_dispstringhcenter.o)
    0x08015fbc   0x0000004c   Code   RO         1502    i.GUI_DrawArc       STemWin526_CM3_OS_Keil.lib(gui_arc.o)
    0x08016008   0x00000094   Code   RO         1529    i.GUI_DrawEllipse   STemWin526_CM3_OS_Keil.lib(gui_circ.o)
    0x0801609c   0x00000048   Code   RO         1606    i.GUI_DrawLine      STemWin526_CM3_OS_Keil.lib(gui_drawline.o)
    0x080160e4   0x0000003c   Code   RO         1631    i.GUI_DrawPoint     STemWin526_CM3_OS_Keil.lib(gui_drawpoint.o)
    0x08016120   0x00000044   Code   RO         1635    i.GUI_DrawPolygon   STemWin526_CM3_OS_Keil.lib(gui_drawpolygon.o)
    0x08016164   0x00000074   Code   RO         1649    i.GUI_FillPolygon   STemWin526_CM3_OS_Keil.lib(gui_fillpolygon.o)
    0x080161d8   0x00000058   Code   RO         1656    i.GUI_FillRect      STemWin526_CM3_OS_Keil.lib(gui_fillrect.o)
    0x08016230   0x00000014   Code   RO         1686    i.GUI_GetBitsPerPixelEx  STemWin526_CM3_OS_Keil.lib(lcd_getex.o)
    0x08016244   0x00000018   Code   RO         1908    i.GUI_GetBkColor    STemWin526_CM3_OS_Keil.lib(gui_getcolor.o)
    0x0801625c   0x00000024   Code   RO         2177    i.GUI_GetCharDistX  STemWin526_CM3_OS_Keil.lib(gui_char.o)
    0x08016280   0x00000028   Code   RO         2178    i.GUI_GetCharDistXEx  STemWin526_CM3_OS_Keil.lib(gui_char.o)
    0x080162a8   0x00000018   Code   RO         1910    i.GUI_GetColor      STemWin526_CM3_OS_Keil.lib(gui_getcolor.o)
    0x080162c0   0x0000001c   Code   RO         2179    i.GUI_GetFontDistY  STemWin526_CM3_OS_Keil.lib(gui_char.o)
    0x080162dc   0x00000018   Code   RO         1659    i.GUI_GetPenSize    STemWin526_CM3_OS_Keil.lib(gui_pen.o)
    0x080162f4   0x0000003c   Code   RO         2180    i.GUI_GetYAdjust    STemWin526_CM3_OS_Keil.lib(gui_char.o)
    0x08016330   0x00000010   Code   RO         1687    i.GUI_GetpfColor2IndexEx  STemWin526_CM3_OS_Keil.lib(lcd_getex.o)
    0x08016340   0x00000010   Code   RO         1688    i.GUI_GetpfIndex2ColorEx  STemWin526_CM3_OS_Keil.lib(lcd_getex.o)
    0x08016350   0x00000022   Code   RO         1917    i.GUI_GotoXY        STemWin526_CM3_OS_Keil.lib(gui_goto.o)
    0x08016372   0x00000002   PAD
    0x08016374   0x00000068   Code   RO         1544    i.GUI_Init          STemWin526_CM3_OS_Keil.lib(gui_core.o)
    0x080163dc   0x00000090   Code   RO         1934    i.GUI_Lock          STemWin526_CM3_OS_Keil.lib(gui_task.o)
    0x0801646c   0x00000048   Code   RO         2276    i.GUI_MEMDEV_Delete  STemWin526_CM3_OS_Keil.lib(guidev.o)
    0x080164b4   0x00000032   Code   RO         2277    i.GUI_MEMDEV_GetBitsPerPixel  STemWin526_CM3_OS_Keil.lib(guidev.o)
    0x080164e6   0x00000022   Code   RO         2299    i.GUI_MEMDEV_GetDataPtr  STemWin526_CM3_OS_Keil.lib(guidev_getdataptr.o)
    0x08016508   0x0000003c   Code   RO         2030    i.GUI_MEMDEV__WriteToActiveOpaque  STemWin526_CM3_OS_Keil.lib(guidev_writetoactiveopaque.o)
    0x08016544   0x00000058   Code   RO         2187    i.GUI_MergeRect     STemWin526_CM3_OS_Keil.lib(gui_mergerect.o)
    0x0801659c   0x0000001e   Code   RO         2189    i.GUI_MoveRect      STemWin526_CM3_OS_Keil.lib(gui_moverect.o)
    0x080165ba   0x00000038   Code   RO         2211    i.GUI_RectsIntersect  STemWin526_CM3_OS_Keil.lib(gui_rectsintersect.o)
    0x080165f2   0x0000001a   Code   RO         2450    i.GUI_SelectLCD     STemWin526_CM3_OS_Keil.lib(gui_selectlcd.o)
    0x0801660c   0x00000030   Code   RO         2221    i.GUI_SelectLayer   STemWin526_CM3_OS_Keil.lib(gui_selectlayer.o)
    0x0801663c   0x00000016   Code   RO         1666    i.GUI_SetBkColor    STemWin526_CM3_OS_Keil.lib(gui_setcolor.o)
    0x08016652   0x00000016   Code   RO         1667    i.GUI_SetColor      STemWin526_CM3_OS_Keil.lib(gui_setcolor.o)
    0x08016668   0x0000000c   Code   RO         1545    i.GUI_SetDefaultFont  STemWin526_CM3_OS_Keil.lib(gui_core.o)
    0x08016674   0x00000020   Code   RO         1670    i.GUI_SetFont       STemWin526_CM3_OS_Keil.lib(gui_setfont.o)
    0x08016694   0x00000040   Code   RO         1926    i.GUI_SetOrg        STemWin526_CM3_OS_Keil.lib(gui_setorg.o)
    0x080166d4   0x0000001c   Code   RO         1661    i.GUI_SetPenSize    STemWin526_CM3_OS_Keil.lib(gui_pen.o)
    0x080166f0   0x00000020   Code   RO         1928    i.GUI_SetTextAlign  STemWin526_CM3_OS_Keil.lib(gui_settextalign.o)
    0x08016710   0x00000010   Code   RO         2243    i.GUI_SignalEvent   STemWin526_CM3_OS_Keil.lib(gui_waitevent.o)
    0x08016720   0x00000010   Code   RO         2196    i.GUI_StoreKey      STemWin526_CM3_OS_Keil.lib(gui_onkey.o)
    0x08016730   0x0000002c   Code   RO         1949    i.GUI_UC__GetCharCodeInc  STemWin526_CM3_OS_Keil.lib(gui_uc.o)
    0x0801675c   0x00000028   Code   RO         1951    i.GUI_UC__NumChars2NumBytes  STemWin526_CM3_OS_Keil.lib(gui_uc.o)
    0x08016784   0x00000028   Code   RO         2024    i.GUI_USAGE_AddRect  STemWin526_CM3_OS_Keil.lib(guidev_usage.o)
    0x080167ac   0x0000002c   Code   RO         2025    i.GUI_USAGE_DecUseCnt  STemWin526_CM3_OS_Keil.lib(guidev_usage.o)
    0x080167d8   0x00000014   Code   RO         1935    i.GUI_Unlock        STemWin526_CM3_OS_Keil.lib(gui_task.o)
    0x080167ec   0x00000124   Code   RO         2156    i.GUI__CompactPixelIndices  STemWin526_CM3_OS_Keil.lib(gui__compactpixelindices.o)
    0x08016910   0x00000038   Code   RO         1547    i.GUI__Config       STemWin526_CM3_OS_Keil.lib(gui_core.o)
    0x08016948   0x0000000c   Code   RO         1868    i.GUI__CosHQ        STemWin526_CM3_OS_Keil.lib(gui__sinhq.o)
    0x08016954   0x000000b0   Code   RO         1885    i.GUI__DispLine     STemWin526_CM3_OS_Keil.lib(gui_charline.o)
    0x08016a04   0x00000054   Code   RO         1886    i.GUI__GetLineDistX  STemWin526_CM3_OS_Keil.lib(gui_charline.o)
    0x08016a58   0x00000038   Code   RO         1887    i.GUI__GetLineNumChars  STemWin526_CM3_OS_Keil.lib(gui_charline.o)
    0x08016a90   0x00000018   Code   RO         1888    i.GUI__GetOverlap   STemWin526_CM3_OS_Keil.lib(gui_charline.o)
    0x08016aa8   0x0000003a   Code   RO         2160    i.GUI__IntersectRect  STemWin526_CM3_OS_Keil.lib(gui__intersectrect.o)
    0x08016ae2   0x00000052   Code   RO         2162    i.GUI__IntersectRects  STemWin526_CM3_OS_Keil.lib(gui__intersectrects.o)
    0x08016b34   0x00000010   Code   RO         2165    i.GUI__ManageCache  STemWin526_CM3_OS_Keil.lib(gui__managecache.o)
    0x08016b44   0x000000c8   Code   RO         2166    i.GUI__ManageCacheEx  STemWin526_CM3_OS_Keil.lib(gui__managecache.o)
    0x08016c0c   0x00000010   Code   RO         1548    i.GUI__RegisterExit  STemWin526_CM3_OS_Keil.lib(gui_core.o)
    0x08016c1c   0x00000074   Code   RO         1869    i.GUI__SinHQ        STemWin526_CM3_OS_Keil.lib(gui__sinhq.o)
    0x08016c90   0x0000004c   Code   RO         1862    i.GUI__memset       STemWin526_CM3_OS_Keil.lib(gui__memset.o)
    0x08016cdc   0x0000003c   Code   RO         1864    i.GUI__memset16     STemWin526_CM3_OS_Keil.lib(gui__memset16.o)
    0x08016d18   0x0000001a   Code   RO         1875    i.GUI__sqrt32       STemWin526_CM3_OS_Keil.lib(gui__sqrt32.o)
    0x08016d32   0x00000008   Code   RO         1609    i.GUI_cos           STemWin526_CM3_OS_Keil.lib(gui_drawline.o)
    0x08016d3a   0x00000002   PAD
    0x08016d3c   0x00000058   Code   RO         1610    i.GUI_sin           STemWin526_CM3_OS_Keil.lib(gui_drawline.o)
    0x08016d94   0x0000001c   Code   RO         1970    i.LCD_Color2Index   STemWin526_CM3_OS_Keil.lib(lcd.o)
    0x08016db0   0x00000204   Code   RO         1971    i.LCD_DrawBitmap    STemWin526_CM3_OS_Keil.lib(lcd.o)
    0x08016fb4   0x00000058   Code   RO         1972    i.LCD_DrawHLine     STemWin526_CM3_OS_Keil.lib(lcd.o)
    0x0801700c   0x00000068   Code   RO         1973    i.LCD_DrawPixel     STemWin526_CM3_OS_Keil.lib(lcd.o)
    0x08017074   0x00000054   Code   RO         1974    i.LCD_DrawVLine     STemWin526_CM3_OS_Keil.lib(lcd.o)
    0x080170c8   0x00000058   Code   RO         1975    i.LCD_FillRect      STemWin526_CM3_OS_Keil.lib(lcd.o)
    0x08017120   0x00000006   Code   RO         1690    i.LCD_GetBitsPerPixelEx  STemWin526_CM3_OS_Keil.lib(lcd_getex.o)
    0x08017126   0x00000002   PAD
    0x08017128   0x00000010   Code   RO         2264    i.LCD_GetBkColorIndex  STemWin526_CM3_OS_Keil.lib(lcd_getcolorindex.o)
    0x08017138   0x00000010   Code   RO         2265    i.LCD_GetColorIndex  STemWin526_CM3_OS_Keil.lib(lcd_getcolorindex.o)
    0x08017148   0x00000010   Code   RO         1697    i.LCD_GetNumColors  STemWin526_CM3_OS_Keil.lib(lcd_getex.o)
    0x08017158   0x00000006   Code   RO         1698    i.LCD_GetNumColorsEx  STemWin526_CM3_OS_Keil.lib(lcd_getex.o)
    0x0801715e   0x0000001a   Code   RO         2268    i.LCD_GetNumLayers  STemWin526_CM3_OS_Keil.lib(lcd_getnumdisplays.o)
    0x08017178   0x00000010   Code   RO         1699    i.LCD_GetPalette    STemWin526_CM3_OS_Keil.lib(lcd_getex.o)
    0x08017188   0x00000018   Code   RO         1700    i.LCD_GetPaletteEx  STemWin526_CM3_OS_Keil.lib(lcd_getex.o)
    0x080171a0   0x00000004   Code   RO         2009    i.LCD_GetpPalConvTableBM  STemWin526_CM3_OS_Keil.lib(lcd_color.o)
    0x080171a4   0x00000048   Code   RO         2010    i.LCD_GetpPalConvTableUncached  STemWin526_CM3_OS_Keil.lib(lcd_color.o)
    0x080171ec   0x0000001c   Code   RO         1976    i.LCD_Index2Color   STemWin526_CM3_OS_Keil.lib(lcd.o)
    0x08017208   0x0000002c   Code   RO         1673    i.LCD_Index2Color_M565  STemWin526_CM3_OS_Keil.lib(guicc_m565.o)
    0x08017234   0x00000034   Code   RO         2011    i.LCD_InitColors    STemWin526_CM3_OS_Keil.lib(lcd_color.o)
    0x08017268   0x00000070   Code   RO         2012    i.LCD_InitLUT       STemWin526_CM3_OS_Keil.lib(lcd_color.o)
    0x080172d8   0x00000040   Code   RO         2833    i.LCD_SelectLCD     STemWin526_CM3_OS_Keil.lib(lcd_selectlcd.o)
    0x08017318   0x0000000c   Code   RO         1977    i.LCD_SetBkColor    STemWin526_CM3_OS_Keil.lib(lcd.o)
    0x08017324   0x00000018   Code   RO         1978    i.LCD_SetBkColorIndex  STemWin526_CM3_OS_Keil.lib(lcd.o)
    0x0801733c   0x00000030   Code   RO         2270    i.LCD_SetClipRectEx  STemWin526_CM3_OS_Keil.lib(lcd_setcliprectex.o)
    0x0801736c   0x0000001c   Code   RO         1979    i.LCD_SetClipRectMax  STemWin526_CM3_OS_Keil.lib(lcd.o)
    0x08017388   0x0000000c   Code   RO         1980    i.LCD_SetColor      STemWin526_CM3_OS_Keil.lib(lcd.o)
    0x08017394   0x00000018   Code   RO         1981    i.LCD_SetColorIndex  STemWin526_CM3_OS_Keil.lib(lcd.o)
    0x080173ac   0x0000000c   Code   RO         1982    i.LCD_SetDrawMode   STemWin526_CM3_OS_Keil.lib(lcd.o)
    0x080173b8   0x0000002c   Code   RO         1778    i.LCD_SetLUTEntryEx  STemWin526_CM3_OS_Keil.lib(lcd_set.o)
    0x080173e4   0x0000002c   Code   RO         1782    i.LCD_SetSizeEx     STemWin526_CM3_OS_Keil.lib(lcd_set.o)
    0x08017410   0x0000002c   Code   RO         1786    i.LCD_SetVSizeEx    STemWin526_CM3_OS_Keil.lib(lcd_set.o)
    0x0801743c   0x00000024   Code   RO         2576    i.LCD_UpdateColorIndices  STemWin526_CM3_OS_Keil.lib(lcd_updatecolorindices.o)
    0x08017460   0x000001b4   Code   RO         1983    i.LCD__DrawBitmap_1bpp  STemWin526_CM3_OS_Keil.lib(lcd.o)
    0x08017614   0x0000005c   Code   RO         1721    i.LCD__GetBPP       STemWin526_CM3_OS_Keil.lib(lcd_getex.o)
    0x08017670   0x00000032   Code   RO         1722    i.LCD__GetBPPDevice  STemWin526_CM3_OS_Keil.lib(lcd_getex.o)
    0x080176a2   0x00000002   PAD
    0x080176a4   0x00000010   Code   RO         2041    i.WM_Activate       STemWin526_CM3_OS_Keil.lib(wm.o)
    0x080176b4   0x00000088   Code   RO         2323    i.WM_BringToBottom  STemWin526_CM3_OS_Keil.lib(wm_bringtobottom.o)
    0x0801773c   0x00000150   Code   RO         2043    i.WM_CreateWindowAsChild  STemWin526_CM3_OS_Keil.lib(wm.o)
    0x0801788c   0x00000046   Code   RO         2045    i.WM_DefaultProc    STemWin526_CM3_OS_Keil.lib(wm.o)
    0x080178d2   0x00000002   PAD
    0x080178d4   0x00000018   Code   RO         2154    i.WM_GetDesktopWindow  STemWin526_CM3_OS_Keil.lib(wm_getdesktopwindow.o)
    0x080178ec   0x0000001a   Code   RO         2335    i.WM_GetFirstChild  STemWin526_CM3_OS_Keil.lib(wm_getfirstchild.o)
    0x08017906   0x0000001a   Code   RO         2668    i.WM_GetParent      STemWin526_CM3_OS_Keil.lib(wm_getparent.o)
    0x08017920   0x000000d4   Code   RO         2049    i.WM_Init           STemWin526_CM3_OS_Keil.lib(wm.o)
    0x080179f4   0x00000080   Code   RO         2050    i.WM_InvalidateRect  STemWin526_CM3_OS_Keil.lib(wm.o)
    0x08017a74   0x00000006   Code   RO         2051    i.WM_InvalidateWindow  STemWin526_CM3_OS_Keil.lib(wm.o)
    0x08017a7a   0x0000005e   Code   RO         2052    i.WM_InvalidateWindowAndDescsEx  STemWin526_CM3_OS_Keil.lib(wm.o)
    0x08017ad8   0x00000044   Code   RO         2053    i.WM_SelectWindow   STemWin526_CM3_OS_Keil.lib(wm.o)
    0x08017b1c   0x00000026   Code   RO         2341    i.WM_SendToParent   STemWin526_CM3_OS_Keil.lib(wm_sendtoparent.o)
    0x08017b42   0x00000002   PAD
    0x08017b44   0x00000010   Code   RO         1856    i.WM_SetCreateFlags  STemWin526_CM3_OS_Keil.lib(wm_setcreateflags.o)
    0x08017b54   0x00000048   Code   RO         2056    i.WM__ActivateClipRect  STemWin526_CM3_OS_Keil.lib(wm.o)
    0x08017b9c   0x00000010   Code   RO         2325    i.WM__AddCriticalHandle  STemWin526_CM3_OS_Keil.lib(wm_criticalhandle.o)
    0x08017bac   0x00000010   Code   RO         2057    i.WM__Client2Screen  STemWin526_CM3_OS_Keil.lib(wm.o)
    0x08017bbc   0x0000004e   Code   RO         2058    i.WM__ClipAtParentBorders  STemWin526_CM3_OS_Keil.lib(wm.o)
    0x08017c0a   0x00000020   Code   RO         2331    i.WM__GetClientRectEx  STemWin526_CM3_OS_Keil.lib(wm_getclientrect.o)
    0x08017c2a   0x00000018   Code   RO         2061    i.WM__GetClientRectWin  STemWin526_CM3_OS_Keil.lib(wm.o)
    0x08017c42   0x00000012   Code   RO         2837    i.WM__GetFirstSibling  STemWin526_CM3_OS_Keil.lib(wm__getfirstsibling.o)
    0x08017c54   0x00000040   Code   RO         2062    i.WM__GetNextIVR    STemWin526_CM3_OS_Keil.lib(wm.o)
    0x08017c94   0x00000024   Code   RO         2648    i.WM__GetPrevSibling  STemWin526_CM3_OS_Keil.lib(wm__getprevsibling.o)
    0x08017cb8   0x00000018   Code   RO         2063    i.WM__GetTopLevelLayer  STemWin526_CM3_OS_Keil.lib(wm.o)
    0x08017cd0   0x000000f0   Code   RO         2064    i.WM__InitIVRSearch  STemWin526_CM3_OS_Keil.lib(wm.o)
    0x08017dc0   0x000000a4   Code   RO         2065    i.WM__InsertWindowIntoList  STemWin526_CM3_OS_Keil.lib(wm.o)
    0x08017e64   0x00000006   Code   RO         2066    i.WM__Invalidate1Abs  STemWin526_CM3_OS_Keil.lib(wm.o)
    0x08017e6a   0x00000002   PAD
    0x08017e6c   0x00000054   Code   RO         2067    i.WM__InvalidateDrawAndDescs  STemWin526_CM3_OS_Keil.lib(wm.o)
    0x08017ec0   0x00000076   Code   RO         2069    i.WM__InvalidateRect  STemWin526_CM3_OS_Keil.lib(wm.o)
    0x08017f36   0x00000006   Code   RO         2070    i.WM__InvalidateRectEx  STemWin526_CM3_OS_Keil.lib(wm.o)
    0x08017f3c   0x00000020   Code   RO         2075    i.WM__RectIsNZ      STemWin526_CM3_OS_Keil.lib(wm.o)
    0x08017f5c   0x00000014   Code   RO         2078    i.WM__SelectTopLevelLayer  STemWin526_CM3_OS_Keil.lib(wm.o)
    0x08017f70   0x0000003c   Code   RO         2320    i.WM__SendMessage   STemWin526_CM3_OS_Keil.lib(wm__sendmessage.o)
    0x08017fac   0x0000000e   Code   RO         2079    i.WM__SendMsgNoData  STemWin526_CM3_OS_Keil.lib(wm.o)
    0x08017fba   0x00000002   PAD
    0x08017fbc   0x00000038   Code   RO         1650    i._Add              STemWin526_CM3_OS_Keil.lib(gui_fillpolygon.o)
    0x08017ff4   0x00000078   Code   RO         1453    i._AddFreeMemory    STemWin526_CM3_OS_Keil.lib(gui_alloc.o)
    0x0801806c   0x000000bc   Code   RO         1454    i._Alloc            STemWin526_CM3_OS_Keil.lib(gui_alloc.o)
    0x08018128   0x0000004e   Code   RO         1503    i._CalcInterSectLin  STemWin526_CM3_OS_Keil.lib(gui_arc.o)
    0x08018176   0x00000004   Code   RO         1960    i._CalcSizeOfChar   STemWin526_CM3_OS_Keil.lib(gui_uc_encodenone.o)
    0x0801817a   0x00000022   Code   RO         1504    i._CalcX            STemWin526_CM3_OS_Keil.lib(gui_arc.o)
    0x0801819c   0x00000074   Code   RO         1641    i._ClearTextBackground  STemWin526_CM3_OS_Keil.lib(gui_encext.o)
    0x08018210   0x00000048   Code   RO         1674    i._Color2IndexBulk  STemWin526_CM3_OS_Keil.lib(guicc_m565.o)
    0x08018258   0x00000054   Code   RO         2255    i._Color2Index_0    STemWin526_CM3_OS_Keil.lib(guicc_0.o)
    0x080182ac   0x00000028   Code   RO         1675    i._Color2Index_M565  STemWin526_CM3_OS_Keil.lib(guicc_m565.o)
    0x080182d4   0x0000003e   Code   RO         2031    i._Convert16        STemWin526_CM3_OS_Keil.lib(guidev_writetoactiveopaque.o)
    0x08018312   0x0000003e   Code   RO         2032    i._Convert8         STemWin526_CM3_OS_Keil.lib(guidev_writetoactiveopaque.o)
    0x08018350   0x00000020   Code   RO         2081    i._DesktopHandle2Index  STemWin526_CM3_OS_Keil.lib(wm.o)
    0x08018370   0x00000074   Code   RO         1889    i._DispLine         STemWin526_CM3_OS_Keil.lib(gui_charline.o)
    0x080183e4   0x00000260   Code   RO         1505    i._DrawArc          STemWin526_CM3_OS_Keil.lib(gui_arc.o)
    0x08018644   0x00000148   Code   RO         1821    i._DrawBitLine1BPP  STemWin526_CM3_OS_Keil.lib(guidev_16.o)
    0x0801878c   0x000000e0   Code   RO         1822    i._DrawBitLine2BPP  STemWin526_CM3_OS_Keil.lib(guidev_16.o)
    0x0801886c   0x00000160   Code   RO         1823    i._DrawBitLine4BPP  STemWin526_CM3_OS_Keil.lib(guidev_16.o)
    0x080189cc   0x000002d8   Code   RO         1824    i._DrawBitmap       STemWin526_CM3_OS_Keil.lib(guidev_16.o)
    0x08018ca4   0x0000000a   Code   RO         1825    i._DrawHLine        STemWin526_CM3_OS_Keil.lib(guidev_16.o)
    0x08018cae   0x00000002   PAD
    0x08018cb0   0x00000014   Code   RO         1611    i._DrawLineEnd      STemWin526_CM3_OS_Keil.lib(gui_drawline.o)
    0x08018cc4   0x000000b8   Code   RO         1826    i._DrawVLine        STemWin526_CM3_OS_Keil.lib(guidev_16.o)
    0x08018d7c   0x00000006   Code   RO         1961    i._Encode           STemWin526_CM3_OS_Keil.lib(gui_uc_encodenone.o)
    0x08018d82   0x00000002   PAD
    0x08018d84   0x00000098   Code   RO         1455    i._EnlargeBlocks    STemWin526_CM3_OS_Keil.lib(gui_alloc.o)
    0x08018e1c   0x000000ac   Code   RO         1827    i._FillRect         STemWin526_CM3_OS_Keil.lib(guidev_16.o)
    0x08018ec8   0x00000148   Code   RO         2084    i._FindNext_IVR     STemWin526_CM3_OS_Keil.lib(wm.o)
    0x08019010   0x0000007c   Code   RO         2085    i._Findx0           STemWin526_CM3_OS_Keil.lib(wm.o)
    0x0801908c   0x00000072   Code   RO         2086    i._Findx1           STemWin526_CM3_OS_Keil.lib(wm.o)
    0x080190fe   0x000000a6   Code   RO         2087    i._Findy1           STemWin526_CM3_OS_Keil.lib(wm.o)
    0x080191a4   0x00000004   Code   RO         1962    i._GetCharCode      STemWin526_CM3_OS_Keil.lib(gui_uc_encodenone.o)
    0x080191a8   0x00000004   Code   RO         1963    i._GetCharSize      STemWin526_CM3_OS_Keil.lib(gui_uc_encodenone.o)
    0x080191ac   0x00000010   Code   RO         1828    i._GetDevData       STemWin526_CM3_OS_Keil.lib(guidev_16.o)
    0x080191bc   0x00000010   Code   RO         1829    i._GetDevFunc       STemWin526_CM3_OS_Keil.lib(guidev_16.o)
    0x080191cc   0x0000001e   Code   RO         1723    i._GetDevProp       STemWin526_CM3_OS_Keil.lib(lcd_getex.o)
    0x080191ea   0x00000008   Code   RO         1830    i._GetDevProp       STemWin526_CM3_OS_Keil.lib(guidev_16.o)
    0x080191f2   0x00000052   Code   RO         2256    i._GetIndexMask_0   STemWin526_CM3_OS_Keil.lib(guicc_0.o)
    0x08019244   0x00000006   Code   RO         1676    i._GetIndexMask_M565  STemWin526_CM3_OS_Keil.lib(guicc_m565.o)
    0x0801924a   0x00000002   PAD
    0x0801924c   0x0000001c   Code   RO         1456    i._GetMinIndex      STemWin526_CM3_OS_Keil.lib(gui_alloc.o)
    0x08019268   0x0000000e   Code   RO         1831    i._GetPixelIndex    STemWin526_CM3_OS_Keil.lib(guidev_16.o)
    0x08019276   0x00000030   Code   RO         1832    i._GetRect          STemWin526_CM3_OS_Keil.lib(guidev_16.o)
    0x080192a6   0x00000002   PAD
    0x080192a8   0x00000010   Code   RO         1919    i._GotoX            STemWin526_CM3_OS_Keil.lib(gui_goto.o)
    0x080192b8   0x00000010   Code   RO         1920    i._GotoY            STemWin526_CM3_OS_Keil.lib(gui_goto.o)
    0x080192c8   0x00000058   Code   RO         1677    i._Index2ColorBulk  STemWin526_CM3_OS_Keil.lib(guicc_m565.o)
    0x08019320   0x00000020   Code   RO         2257    i._Index2Color_0    STemWin526_CM3_OS_Keil.lib(guicc_0.o)
    0x08019340   0x00000070   Code   RO         1549    i._InitContext      STemWin526_CM3_OS_Keil.lib(gui_core.o)
    0x080193b0   0x000000a8   Code   RO         1457    i._InitOnce         STemWin526_CM3_OS_Keil.lib(gui_alloc.o)
    0x08019458   0x00000080   Code   RO         2088    i._Invalidate1Abs   STemWin526_CM3_OS_Keil.lib(wm.o)
    0x080194d8   0x00000002   Code   RO         1890    i._Log2VisBuffered  STemWin526_CM3_OS_Keil.lib(gui_charline.o)
    0x080194da   0x00000002   PAD
    0x080194dc   0x00000034   Code   RO         1458    i._OnExit           STemWin526_CM3_OS_Keil.lib(gui_alloc.o)
    0x08019510   0x0000002c   Code   RO         1550    i._OnExit           STemWin526_CM3_OS_Keil.lib(gui_core.o)
    0x0801953c   0x00000014   Code   RO         1936    i._OnExit           STemWin526_CM3_OS_Keil.lib(gui_task.o)
    0x08019550   0x00000014   Code   RO         2014    i._OnExit           STemWin526_CM3_OS_Keil.lib(lcd_color.o)
    0x08019564   0x00000034   Code   RO         2089    i._OnExit           STemWin526_CM3_OS_Keil.lib(wm.o)
    0x08019598   0x00000040   Code   RO         1459    i._PopFreeBlock     STemWin526_CM3_OS_Keil.lib(gui_alloc.o)
    0x080195d8   0x00000028   Code   RO         1460    i._PushFreeBlock    STemWin526_CM3_OS_Keil.lib(gui_alloc.o)
    0x08019600   0x00000034   Code   RO         1461    i._RemoveFreeBlock  STemWin526_CM3_OS_Keil.lib(gui_alloc.o)
    0x08019634   0x000000a0   Code   RO         1462    i._RemoveHoles      STemWin526_CM3_OS_Keil.lib(gui_alloc.o)
    0x080196d4   0x00000020   Code   RO         1984    i._SetBkColor       STemWin526_CM3_OS_Keil.lib(lcd.o)
    0x080196f4   0x0000004c   Code   RO         2093    i._SetClipRectUserIntersect  STemWin526_CM3_OS_Keil.lib(wm.o)
    0x08019740   0x00000020   Code   RO         1985    i._SetColor         STemWin526_CM3_OS_Keil.lib(lcd.o)
    0x08019760   0x0000002c   Code   RO         1986    i._SetDrawMode      STemWin526_CM3_OS_Keil.lib(lcd.o)
    0x0801978c   0x00000078   Code   RO         1612    i._SetLineColor     STemWin526_CM3_OS_Keil.lib(gui_drawline.o)
    0x08019804   0x00000008   Code   RO         1833    i._SetOrg           STemWin526_CM3_OS_Keil.lib(guidev_16.o)
    0x0801980c   0x00000048   Code   RO         1834    i._SetPixelIndex    STemWin526_CM3_OS_Keil.lib(guidev_16.o)
    0x08019854   0x000000ea   Code   RO         1463    i._TestRAM          STemWin526_CM3_OS_Keil.lib(gui_alloc.o)
    0x0801993e   0x00000002   PAD
    0x08019940   0x00000030   Code   RO         1583    i._UnlinkDevice     STemWin526_CM3_OS_Keil.lib(gui_device.o)
    0x08019970   0x0000000e   Code   RO         1464    i._WriteTagData     STemWin526_CM3_OS_Keil.lib(gui_alloc.o)
    0x0801997e   0x00000002   PAD
    0x08019980   0x00000340   Code   RO         2033    i._WriteToActiveOpaque_8  STemWin526_CM3_OS_Keil.lib(guidev_writetoactiveopaque.o)
    0x08019cc0   0x00000354   Code   RO         2034    i._WriteToActiveOpaque_HT  STemWin526_CM3_OS_Keil.lib(guidev_writetoactiveopaque.o)
    0x0801a014   0x0000003c   Code   RO         1835    i._XY2PTR           STemWin526_CM3_OS_Keil.lib(guidev_16.o)
    0x0801a050   0x00000054   Code   RO         1836    i._XorPixel         STemWin526_CM3_OS_Keil.lib(guidev_16.o)
    0x0801a0a4   0x00000084   Code   RO         1613    i._atan2            STemWin526_CM3_OS_Keil.lib(gui_drawline.o)
    0x0801a128   0x0000000e   Code   RO         2896    i._is_digit         c_w.l(__printf_wp.o)
    0x0801a136   0x00000002   PAD
    0x0801a138   0x00000050   Code   RO         2095    i.cbBackWin         STemWin526_CM3_OS_Keil.lib(wm.o)
    0x0801a188   0x000000dc   Code   RO         2990    i.ceil              m_ws.l(ceil.o)
    0x0801a264   0x0000008a   Code   RO         1987    i.emWin_LCD_Init    STemWin526_CM3_OS_Keil.lib(lcd.o)
    0x0801a2ee   0x00000002   PAD
    0x0801a2f0   0x000000dc   Code   RO         2994    i.floor             m_ws.l(floor.o)
    0x0801a3cc   0x00000062   Code   RO         2925    x$fpl$d2f           fz_ws.l(d2f.o)
    0x0801a42e   0x00000002   PAD
    0x0801a430   0x00000150   Code   RO         2927    x$fpl$dadd          fz_ws.l(daddsub_clz.o)
    0x0801a580   0x00000018   Code   RO         3015    x$fpl$dcmpinf       fz_ws.l(dcmpi.o)
    0x0801a598   0x000002b0   Code   RO         2934    x$fpl$ddiv          fz_ws.l(ddiv.o)
    0x0801a848   0x0000005e   Code   RO         2937    x$fpl$dfix          fz_ws.l(dfix.o)
    0x0801a8a6   0x0000002e   Code   RO         2942    x$fpl$dflt          fz_ws.l(dflt_clz.o)
    0x0801a8d4   0x00000026   Code   RO         2941    x$fpl$dfltu         fz_ws.l(dflt_clz.o)
    0x0801a8fa   0x00000002   PAD
    0x0801a8fc   0x00000078   Code   RO         2947    x$fpl$dleqf         fz_ws.l(dleqf.o)
    0x0801a974   0x00000154   Code   RO         2949    x$fpl$dmul          fz_ws.l(dmul.o)
    0x0801aac8   0x0000009c   Code   RO         3017    x$fpl$dnaninf       fz_ws.l(dnaninf.o)
    0x0801ab64   0x0000000c   Code   RO         3019    x$fpl$dretinf       fz_ws.l(dretinf.o)
    0x0801ab70   0x0000006c   Code   RO         2951    x$fpl$drleqf        fz_ws.l(drleqf.o)
    0x0801abdc   0x00000016   Code   RO         2928    x$fpl$drsb          fz_ws.l(daddsub_clz.o)
    0x0801abf2   0x00000002   PAD
    0x0801abf4   0x000001d4   Code   RO         2929    x$fpl$dsub          fz_ws.l(daddsub_clz.o)
    0x0801adc8   0x00000056   Code   RO         2953    x$fpl$f2d           fz_ws.l(f2d.o)
    0x0801ae1e   0x00000002   PAD
    0x0801ae20   0x000000c4   Code   RO         2955    x$fpl$fadd          fz_ws.l(faddsub_clz.o)
    0x0801aee4   0x0000000c   Code   RO         3021    x$fpl$fcheck1       fz_ws.l(fcheck1.o)
    0x0801aef0   0x00000018   Code   RO         3023    x$fpl$fcmpinf       fz_ws.l(fcmpi.o)
    0x0801af08   0x00000184   Code   RO         2962    x$fpl$fdiv          fz_ws.l(fdiv.o)
    0x0801b08c   0x00000068   Code   RO         2965    x$fpl$feqf          fz_ws.l(feqf.o)
    0x0801b0f4   0x00000036   Code   RO         2967    x$fpl$ffix          fz_ws.l(ffix.o)
    0x0801b12a   0x00000002   PAD
    0x0801b12c   0x0000003e   Code   RO         2971    x$fpl$ffixu         fz_ws.l(ffixu.o)
    0x0801b16a   0x00000002   PAD
    0x0801b16c   0x00000030   Code   RO         2976    x$fpl$fflt          fz_ws.l(fflt_clz.o)
    0x0801b19c   0x00000026   Code   RO         2975    x$fpl$ffltu         fz_ws.l(fflt_clz.o)
    0x0801b1c2   0x00000002   PAD
    0x0801b1c4   0x00000068   Code   RO         2981    x$fpl$fleqf         fz_ws.l(fleqf.o)
    0x0801b22c   0x00000102   Code   RO         2983    x$fpl$fmul          fz_ws.l(fmul.o)
    0x0801b32e   0x0000008c   Code   RO         3025    x$fpl$fnaninf       fz_ws.l(fnaninf.o)
    0x0801b3ba   0x0000000a   Code   RO         3027    x$fpl$fretinf       fz_ws.l(fretinf.o)
    0x0801b3c4   0x00000062   Code   RO         2985    x$fpl$frleqf        fz_ws.l(frleqf.o)
    0x0801b426   0x00000014   Code   RO         2956    x$fpl$frsb          fz_ws.l(faddsub_clz.o)
    0x0801b43a   0x00000002   PAD
    0x0801b43c   0x000000ea   Code   RO         2957    x$fpl$fsub          fz_ws.l(faddsub_clz.o)
    0x0801b526   0x00000064   Code   RO         3049    x$fpl$retnan        fz_ws.l(retnan.o)
    0x0801b58a   0x0000004c   Code   RO         2987    x$fpl$scalbnf       fz_ws.l(scalbnf.o)
    0x0801b5d6   0x00000030   Code   RO         3065    x$fpl$trapveneer    fz_ws.l(trapv.o)
    0x0801b606   0x00000000   Code   RO         3029    x$fpl$usenofp       fz_ws.l(usenofp.o)
    0x0801b606   0x00000002   PAD
    0x0801b608   0x00000014   Data   RO            3    .constdata          main.o
    0x0801b61c   0x00000230   Data   RO          405    .constdata          temp.o
    0x0801b84c   0x00000018   Data   RO          582    .constdata          malloc.o
    0x0801b864   0x00000034   Data   RO          768    .constdata          guidrv_template.o
    0x0801b898   0x000002c0   Data   RO          852    .constdata          guidemo.o
    0x0801bb58   0x00000104   Data   RO          886    .constdata          cpu_core.o
    0x0801bc5c   0x00000094   Data   RO          978    .constdata          lib_str.o
    0x0801bcf0   0x000000a4   Data   RO          999    .constdata          os_cfg_app.o
    0x0801bd94   0x0000016c   Data   RO         1033    .constdata          os_dbg.o
    0x0801bf00   0x00000b00   Data   RO         1266    .constdata          helveticaneuelt std cn25.o
    0x0801ca00   0x00000eb4   Data   RO         1275    .constdata          helveticaneuelt std cn34.o
    0x0801d8b4   0x00002164   Data   RO         1284    .constdata          helveticaneuelt std cn60.o
    0x0801fa18   0x0000901c   Data   RO         1293    .constdata          helveticaneuelt std cn134.o
    0x08028a34   0x000036e4   Data   RO         1302    .constdata          helveticaneuelt std cn79.o
    0x0802c118   0x00000c6c   Data   RO         1311    .constdata          helveticaneuelt std cn28.o
    0x0802cd84   0x000069e0   Data   RO         1320    .constdata          helveticaneuelt std cn114.o
    0x08033764   0x000014e4   Data   RO         1329    .constdata          helveticaneuelt std cn44.o
    0x08034c48   0x00007310   Data   RO         1338    .constdata          helveticaneuelt std cn120.o
    0x0803bf58   0x00001040   Data   RO         1356    .constdata          helveticaneuelt std cn38.o
    0x0803cf98   0x000043bc   Data   RO         1374    .constdata          helveticaneuelt std cn89.o
    0x08041354   0x000007c0   Data   RO         1383    .constdata          helveticaneuelt std cn20.o
    0x08041b14   0x000006ac   Data   RO         1392    .constdata          helveticaneuelt std cn15.o
    0x080421c0   0x000009f4   Data   RO         1401    .constdata          helveticaneuelt std cn23.o
    0x08042bb4   0x000132d4   Data   RO         1410    .constdata          camp.o
    0x08055e88   0x00003868   Data   RO         1417    .constdata          logo_day.o
    0x080596f0   0x000037b8   Data   RO         1424    .constdata          logo_night.o
    0x0805cea8   0x00000008   Data   RO         1552    .constdata          STemWin526_CM3_OS_Keil.lib(gui_core.o)
    0x0805ceb0   0x00000008   Data   RO         1584    .constdata          STemWin526_CM3_OS_Keil.lib(gui_device.o)
    0x0805ceb8   0x00000044   Data   RO         1614    .constdata          STemWin526_CM3_OS_Keil.lib(gui_drawline.o)
    0x0805cefc   0x0000000c   Data   RO         1642    .constdata          STemWin526_CM3_OS_Keil.lib(gui_encext.o)
    0x0805cf08   0x00000018   Data   RO         1678    .constdata          STemWin526_CM3_OS_Keil.lib(guicc_m565.o)
    0x0805cf20   0x00000518   Data   RO         1814    .constdata          STemWin526_CM3_OS_Keil.lib(f6x8.o)
    0x0805d438   0x000001c0   Data   RO         1815    .constdata          STemWin526_CM3_OS_Keil.lib(f6x8.o)
    0x0805d5f8   0x00000008   Data   RO         1816    .constdata          STemWin526_CM3_OS_Keil.lib(f6x8.o)
    0x0805d600   0x00000014   Data   RO         1817    .constdata          STemWin526_CM3_OS_Keil.lib(f6x8.o)
    0x0805d614   0x00000024   Data   RO         1818    .constdata          STemWin526_CM3_OS_Keil.lib(f6x8.o)
    0x0805d638   0x00000074   Data   RO         1837    .constdata          STemWin526_CM3_OS_Keil.lib(guidev_16.o)
    0x0805d6ac   0x00000020   Data   RO         1858    .constdata          STemWin526_CM3_OS_Keil.lib(gui__divtbl_31_255.o)
    0x0805d6cc   0x00000040   Data   RO         1859    .constdata          STemWin526_CM3_OS_Keil.lib(gui__divtbl_63_255.o)
    0x0805d70c   0x00000100   Data   RO         1860    .constdata          STemWin526_CM3_OS_Keil.lib(gui__divtbl_255_31.o)
    0x0805d80c   0x00000100   Data   RO         1861    .constdata          STemWin526_CM3_OS_Keil.lib(gui__divtbl_255_63.o)
    0x0805d90c   0x0000016c   Data   RO         1870    .constdata          STemWin526_CM3_OS_Keil.lib(gui__sinhq.o)
    0x0805da78   0x00000010   Data   RO         1964    .constdata          STemWin526_CM3_OS_Keil.lib(gui_uc_encodenone.o)
    0x0805da88   0x0000000c   Data   RO         1988    .constdata          STemWin526_CM3_OS_Keil.lib(lcd.o)
    0x0805da94   0x00000100   Data   RO         2023    .constdata          STemWin526_CM3_OS_Keil.lib(lcd_mirror.o)
    0x0805db94   0x00000008   Data   RO         2035    .constdata          STemWin526_CM3_OS_Keil.lib(guidev_writetoactiveopaque.o)
    0x0805db9c   0x00000018   Data   RO         2258    .constdata          STemWin526_CM3_OS_Keil.lib(guicc_0.o)
    0x0805dbb4   0x0000007d   Data   RO          853    .conststring        guidemo.o
    0x0805dc31   0x00000003   PAD
    0x0805dc34   0x00000020   Data   RO         3189    Region$$Table       anon$$obj.o


    Execution Region RW_IRAM1 (Base: 0x20000000, Size: 0x0000f2b8, Max: 0x00010000, ABSOLUTE, COMPRESSED[0x000000c0])

    Base Addr    Size         Type   Attr      Idx    E Section Name        Object

    0x20000000   0x00000035   Data   RW            4    .data               main.o
    0x20000035   0x00000003   PAD
    0x20000038   0x00000014   Data   RW          322    .data               system_stm32f10x.o
    0x2000004c   0x00000004   Data   RW          353    .data               tiky_lcd.o
    0x20000050   0x00000007   Data   RW          375    .data               ec11key.o
    0x20000057   0x00000001   PAD
    0x20000058   0x0000000e   Data   RW          421    .data               control.o
    0x20000066   0x00000002   PAD
    0x20000068   0x00000084   Data   RW          440    .data               pid.o
    0x200000ec   0x00000004   Data   RW          476    .data               dma.o
    0x200000f0   0x00000004   Data   RW          507    .data               delay.o
    0x200000f4   0x00000006   Data   RW          539    .data               usart.o
    0x200000fa   0x00000002   PAD
    0x200000fc   0x0000001c   Data   RW          583    .data               malloc.o
    0x20000118   0x00000014   Data   RW          652    .data               stm32f10x_rcc.o
    0x2000012c   0x00000011   Data   RW          754    .data               gui_x_ucosiii.o
    0x2000013d   0x00000003   PAD
    0x20000140   0x000000e0   Data   RW          854    .data               guidemo.o
    0x20000220   0x00000004   Data   RW          887    .data               cpu_core.o
    0x20000224   0x00000004   Data   RW          960    .data               lib_mem.o
    0x20000228   0x00000008   Data   RW         1114    .data               os_prio.o
    0x20000230   0x000000c8   Data   RW         1217    .data               os_var.o
    0x200002f8   0x00000004   Data   RW         1231    .data               os_cpu_c.o
    0x200002fc   0x00000008   Data   RW         1466    .data               STemWin526_CM3_OS_Keil.lib(gui_alloc.o)
    0x20000304   0x0000002c   Data   RW         1553    .data               STemWin526_CM3_OS_Keil.lib(gui_core.o)
    0x20000330   0x00000004   Data   RW         1556    .data               STemWin526_CM3_OS_Keil.lib(gui_core.o)
    0x20000334   0x00000004   Data   RW         1560    .data               STemWin526_CM3_OS_Keil.lib(gui_core.o)
    0x20000338   0x00000002   Data   RW         1561    .data               STemWin526_CM3_OS_Keil.lib(gui_core.o)
    0x2000033a   0x00000002   Data   RW         1562    .data               STemWin526_CM3_OS_Keil.lib(gui_core.o)
    0x2000033c   0x00000008   Data   RW         1643    .data               STemWin526_CM3_OS_Keil.lib(gui_encext.o)
    0x20000344   0x00000004   Data   RW         1652    .data               STemWin526_CM3_OS_Keil.lib(gui_fillpolygon.o)
    0x20000348   0x00000008   Data   RW         1679    .data               STemWin526_CM3_OS_Keil.lib(guicc_m565.o)
    0x20000350   0x00000004   Data   RW         1838    .data               STemWin526_CM3_OS_Keil.lib(guidev_16.o)
    0x20000354   0x00000004   Data   RW         1891    .data               STemWin526_CM3_OS_Keil.lib(gui_charline.o)
    0x20000358   0x0000001c   Data   RW         1937    .data               STemWin526_CM3_OS_Keil.lib(gui_task.o)
    0x20000374   0x00000004   Data   RW         1989    .data               STemWin526_CM3_OS_Keil.lib(lcd.o)
    0x20000378   0x00000010   Data   RW         2015    .data               STemWin526_CM3_OS_Keil.lib(lcd_color.o)
    0x20000388   0x00000060   Data   RW         2097    .data               STemWin526_CM3_OS_Keil.lib(wm.o)
    0x200003e8   0x00000014   Data   RW         2168    .data               STemWin526_CM3_OS_Keil.lib(gui__managecache.o)
    0x200003fc   0x0000000c   Data   RW         2201    .data               STemWin526_CM3_OS_Keil.lib(gui_onkey.o)
    0x20000408   0x0000000c   Data   RW         2246    .data               STemWin526_CM3_OS_Keil.lib(gui_waitevent.o)
    0x20000414   0x00000004   Data   RW         2321    .data               STemWin526_CM3_OS_Keil.lib(wm__sendmessage.o)
    0x20000418   0x00002c3c   Zero   RW            2    .bss                main.o
    0x20003054   0x0000000e   Zero   RW          352    .bss                tiky_lcd.o
    0x20003062   0x00000002   PAD
    0x20003064   0x000000fe   Zero   RW          475    .bss                dma.o
    0x20003162   0x0000001e   PAD
    0x20003180   0x000094c0   Zero   RW          581    .bss                malloc.o
    0x2000c640   0x00000048   Zero   RW          851    .bss                guidemo.o
    0x2000c688   0x00000010   Zero   RW          885    .bss                cpu_core.o
    0x2000c698   0x00000448   Zero   RW          959    .bss                lib_mem.o
    0x2000cae0   0x00001490   Zero   RW          998    .bss                os_cfg_app.o
    0x2000df70   0x000006e0   Zero   RW         1216    .bss                os_var.o
    0x2000e650   0x000000c8   Zero   RW         1465    .bss                STemWin526_CM3_OS_Keil.lib(gui_alloc.o)
    0x2000e718   0x00000070   Zero   RW         1551    .bss                STemWin526_CM3_OS_Keil.lib(gui_core.o)
    0x2000e788   0x00000018   Zero   RW         1651    .bss                STemWin526_CM3_OS_Keil.lib(gui_fillpolygon.o)
    0x2000e7a0   0x00000018   Zero   RW         2096    .bss                STemWin526_CM3_OS_Keil.lib(wm.o)
    0x2000e7b8   0x00000058   Zero   RW         2200    .bss                STemWin526_CM3_OS_Keil.lib(gui_onkey.o)
    0x2000e810   0x00000048   Zero   RW         2362    .bss                STemWin526_CM3_OS_Keil.lib(wm_touch.o)
    0x2000e858   0x00000060   Zero   RW         3068    .bss                c_w.l(libspace.o)
    0x2000e8b8   0x00000200   Zero   RW          572    HEAP                startup_stm32f10x_hd.o
    0x2000eab8   0x00000800   Zero   RW          571    STACK               startup_stm32f10x_hd.o



  Load Region LR$$.ARM.__AT_0x68000000 (Base: 0x68000000, Size: 0x00000000, Max: 0x000c8000, ABSOLUTE)

    Execution Region ER$$.ARM.__AT_0x68000000 (Base: 0x68000000, Size: 0x000c8000, Max: 0x000c8000, ABSOLUTE, UNINIT)

    Base Addr    Size         Type   Attr      Idx    E Section Name        Object

    0x68000000   0x000c8000   Zero   RW          579    .ARM.__AT_0x68000000  malloc.o



  Load Region LR$$.ARM.__AT_0x680C8000 (Base: 0x680c8000, Size: 0x00000000, Max: 0x0000c800, ABSOLUTE)

    Execution Region ER$$.ARM.__AT_0x680C8000 (Base: 0x680c8000, Size: 0x0000c800, Max: 0x0000c800, ABSOLUTE, UNINIT)

    Base Addr    Size         Type   Attr      Idx    E Section Name        Object

    0x680c8000   0x0000c800   Zero   RW          580    .ARM.__AT_0x680C8000  malloc.o


==============================================================================

Image component sizes


      Code (inc. data)   RO Data    RW Data    ZI Data      Debug   Object Name

       232          8          0          0          0       1055   adc.o
       132         12          0          0          0       1127   bsp.o
         0          0      78548          0          0        394   camp.o
       664         20          0         14          0       3122   control.o
        52          0          0          0          0        332   cpu_a.o
       680         14        260          4         16      14219   cpu_core.o
       332         28          0          4          0       1761   delay.o
       532         38          0          4        254       2948   dma.o
       516         26          0          7          0       4878   ec11key.o
       360         62          0         17          0       3071   gui_x_ucosiii.o
        44          6          0          0          0        555   guiconf.o
     16352       2042        829        224         72      28155   guidemo.o
      2176         68         52          0          0      57762   guidrv_template.o
         0          0      27104          0          0       9509   helveticaneuelt std cn114.o
         0          0      29456          0          0       9513   helveticaneuelt std cn120.o
         0          0      36892          0          0       9513   helveticaneuelt std cn134.o
         0          0       1708          0          0       9266   helveticaneuelt std cn15.o
         0          0       1984          0          0       9266   helveticaneuelt std cn20.o
         0          0       2548          0          0       9266   helveticaneuelt std cn23.o
         0          0       2816          0          0       9266   helveticaneuelt std cn25.o
         0          0       3180          0          0       9266   helveticaneuelt std cn28.o
         0          0       3764          0          0       9266   helveticaneuelt std cn34.o
         0          0       4160          0          0       9266   helveticaneuelt std cn38.o
         0          0       5348          0          0       9266   helveticaneuelt std cn44.o
         0          0       8548          0          0       9278   helveticaneuelt std cn60.o
         0          0      14052          0          0       9326   helveticaneuelt std cn79.o
         0          0      17340          0          0       9330   helveticaneuelt std cn89.o
        80         14          0          0          0        863   lcdconf_flexcolor_template.o
        52          6          0          0          0        471   led.o
       598          0          0          0          0       3684   lib_ascii.o
      2502         32          0          4       1096      21700   lib_mem.o
       544          0          0          0          0        476   lib_mem_a.o
      2348          6        148          0          0      13022   lib_str.o
         0          0      14440          0          0        410   logo_day.o
         0          0      14264          0          0        416   logo_night.o
      4792        366         20         53      11324     379011   main.o
       556         18         24         28     908480       4496   malloc.o
       220         22          0          0          0       1801   misc.o
       252        166        164          0       5264      20858   os_cfg_app.o
      3588        294          0          0          0      12009   os_core.o
       152         32          0          0          0        388   os_cpu_a.o
       620         66          0          4          0       3705   os_cpu_c.o
       432        286        364          0          0       4713   os_dbg.o
      3624        110          0          0          0       7671   os_flag.o
      1092        146          0          0          0       2244   os_int.o
       568         20          0          0          0       2644   os_mem.o
       556         12          0          0          0       2707   os_msg.o
      2772        114          0          0          0       5366   os_mutex.o
       124          4          0          8          0       1716   os_prio.o
      2264         76          0          0          0       6044   os_q.o
      2096         70          0          0          0       6056   os_sem.o
      1592        180          0          0          0       2749   os_stat.o
      7092        270          0          0          0      13418   os_task.o
      1276         90          0          0          0       3201   os_tick.o
      1380         46          0          0          0       3141   os_time.o
      2072        140          0          0          0       6242   os_tmr.o
         0          0          0        200       1760      19333   os_var.o
      2640        370          0        132          0       2274   pid.o
        64         26        304          0       2560        788   startup_stm32f10x_hd.o
      1102         26          0          0          0      10833   stm32f10x_adc.o
       596          8          0          0          0       4330   stm32f10x_dma.o
       284         10          0          0          0       2235   stm32f10x_exti.o
      1548         18          0          0          0       5347   stm32f10x_fsmc.o
       860         38          0          0          0       5649   stm32f10x_gpio.o
        22          0          0          0          0        983   stm32f10x_it.o
       932         36          0         20          0       8808   stm32f10x_rcc.o
      3610         88          0          0          0      22132   stm32f10x_tim.o
      1032         22          0          0          0       8368   stm32f10x_usart.o
         0          0          0          0          0         32   sys.o
       480         38          0         20          0       1695   system_stm32f10x.o
       636         36        560          0          0       2874   temp.o
      2440         38          0          4         14       9044   tiky_lcd.o
       236         10          0          0          0       1186   timer.o
      1152         90          0          6          0       4831   usart.o

    ----------------------------------------------------------------------
     82960       5764     268912        764     930872     891940   Object Totals
         0          0         32          0          0          0   (incl. Generated)
        10          0          3         11         32          0   (incl. Padding)

    ----------------------------------------------------------------------

      Code (inc. data)   RO Data    RW Data    ZI Data      Debug   Library Member Name

         0          0       1816          0          0          0   f6x8.o
        16          6          0          0          0         68   gui_2dlib.o
       292          0          0          0          0         76   gui__compactpixelindices.o
         0          0        256          0          0          0   gui__divtbl_255_31.o
         0          0        256          0          0          0   gui__divtbl_255_63.o
         0          0         32          0          0          0   gui__divtbl_31_255.o
         0          0         64          0          0          0   gui__divtbl_63_255.o
        58          0          0          0          0         68   gui__intersectrect.o
        82          0          0          0          0         80   gui__intersectrects.o
       216          8          0         20          0        156   gui__managecache.o
        76          0          0          0          0         76   gui__memset.o
        60          0          0          0          0         76   gui__memset16.o
       128         16        364          0          0        148   gui__sinhq.o
        26          0          0          0          0         68   gui__sqrt32.o
      1706         96          0          8        200       1620   gui_alloc.o
        46          0          0          0          0         80   gui_alloc_alloczero.o
      1056         10          0          0          0        460   gui_arc.o
        60          0          0          0          0         76   gui_calccolordist.o
       164         20          0          0          0        308   gui_char.o
       458         36          0          4          0        472   gui_charline.o
       394         10          0          0          0        300   gui_charm.o
       324         18          0          0          0        456   gui_charpext.o
       670          8          0          0          0        368   gui_circ.o
       476         78          8         56        112        620   gui_core.o
       434         34          8          0          0        676   gui_device.o
       264          4          0          0          0         88   gui_dispstring.o
        40          6          0          0          0         88   gui_dispstringat.o
        52          4          0          0          0         92   gui_dispstringhcenter.o
      1246         38         68          0          0        992   gui_drawline.o
        92         10          0          0          0        156   gui_drawpoint.o
       172          4          0          0          0        188   gui_drawpolygon.o
       308         28         12          8          0        248   gui_encext.o
       648         32          0          4         24        264   gui_fillpolygon.o
        88          4          0          0          0         84   gui_fillrect.o
        48          0          0          0          0        152   gui_getcolor.o
        66         12          0          0          0        216   gui_goto.o
        88          0          0          0          0         76   gui_mergerect.o
        30          0          0          0          0         68   gui_moverect.o
        16          4          0         12         88         68   gui_onkey.o
        52          8          0          0          0        156   gui_pen.o
        56          0          0          0          0         68   gui_rectsintersect.o
        48         10          0          0          0         80   gui_selectlayer.o
        26          0          0          0          0         80   gui_selectlcd.o
        44          0          0          0          0        160   gui_setcolor.o
        32          6          0          0          0         80   gui_setfont.o
        64         16          0          0          0         88   gui_setorg.o
        32          6          0          0          0         80   gui_settextalign.o
       324         32          0         28          0        392   gui_task.o
        84         10          0          0          0        168   gui_uc.o
        18          0         16          0          0        272   gui_uc_encodenone.o
        16          4          0         12          0         68   gui_waitevent.o
       198          0         24          0          0        244   guicc_0.o
       250         42         24          8          0        412   guicc_m565.o
       122          6          0          0          0        160   guidev.o
      2324         66        116          4          0       1336   guidev_16.o
        34          0          0          0          0         80   guidev_getdataptr.o
        84          0          0          0          0        164   guidev_usage.o
      1868         16          8          0          0        492   guidev_writetoactiveopaque.o
      1730        118         12          4          0       1436   lcd.o
       260         26          0         16          0        388   lcd_color.o
        32         12          0          0          0        136   lcd_getcolorindex.o
       292         24          0          0          0        784   lcd_getex.o
        26          0          0          0          0         80   lcd_getnumdisplays.o
         0          0        256          0          0          0   lcd_mirror.o
        64         10          0          0          0         80   lcd_selectlcd.o
       132          0          0          0          0        252   lcd_set.o
        48         10          0          0          0         80   lcd_setcliprectex.o
        36          4          0          0          0         80   lcd_updatecolorindices.o
      2992        132          0         96         24       2560   wm.o
        18          0          0          0          0         76   wm__getfirstsibling.o
        36          0          0          0          0         80   wm__getprevsibling.o
        60          6          0          4          0         88   wm__sendmessage.o
       136          0          0          0          0         92   wm_bringtobottom.o
        16          6          0          0          0         68   wm_criticalhandle.o
        32          0          0          0          0         80   wm_getclientrect.o
        24         10          0          0          0         68   wm_getdesktopwindow.o
        26          0          0          0          0         76   wm_getfirstchild.o
        26          0          0          0          0         76   wm_getparent.o
        38          0          0          0          0         92   wm_sendtoparent.o
        16          6          0          0          0         68   wm_setcreateflags.o
         0          0          0          0         72          0   wm_touch.o
        90          0          0          0          0          0   __dczerorl2.o
         8          0          0          0          0         68   __main.o
       284          0          0          0          0        156   __printf_wp.o
         0          0          0          0          0          0   __rtentry.o
        12          0          0          0          0          0   __rtentry2.o
         6          0          0          0          0          0   __rtentry4.o
        52          8          0          0          0          0   __scatter.o
        28          0          0          0          0          0   __scatter_zi.o
        44          0          0          0          0        108   _printf_char.o
        48          6          0          0          0         96   _printf_char_common.o
         6          0          0          0          0          0   _printf_d.o
       120         16          0          0          0         92   _printf_dec.o
       178          0          0          0          0         88   _printf_intcommon.o
        78          0          0          0          0        108   _printf_pad.o
         0          0          0          0          0          0   _printf_percent.o
         4          0          0          0          0          0   _printf_percent_end.o
         6          0          0          0          0          0   _printf_s.o
        82          0          0          0          0         80   _printf_str.o
        10          0          0          0          0         68   _sputc.o
        12          0          0          0          0         72   exit.o
         6          0          0          0          0        152   heapauxi.o
         2          0          0          0          0          0   libinit.o
         2          0          0          0          0          0   libinit2.o
         2          0          0          0          0          0   libshutdown.o
         2          0          0          0          0          0   libshutdown2.o
         8          4          0          0         96         68   libspace.o
       238          0          0          0          0        100   lludivv7m.o
        40          6          0          0          0         84   noretval__2sprintf.o
        68          0          0          0          0         68   rt_memclr.o
        78          0          0          0          0         80   rt_memclr_w.o
       138          0          0          0          0         68   rt_memcpy_v6.o
       100          0          0          0          0         80   rt_memcpy_w.o
       132          0          0          0          0         68   rt_memmove_v6.o
       122          0          0          0          0         80   rt_memmove_w.o
         2          0          0          0          0          0   rtexit.o
        10          0          0          0          0          0   rtexit2.o
        74          0          0          0          0         80   sys_stackheap_outer.o
         2          0          0          0          0         68   use_no_semi.o
         2          0          0          0          0         68   use_no_semi_2.o
        98          4          0          0          0         92   d2f.o
       826         16          0          0          0        348   daddsub_clz.o
        24          0          0          0          0         68   dcmpi.o
       688        140          0          0          0        208   ddiv.o
        94          4          0          0          0         92   dfix.o
        84          0          0          0          0        136   dflt_clz.o
       120          4          0          0          0         92   dleqf.o
       340         12          0          0          0        104   dmul.o
       156          4          0          0          0         92   dnaninf.o
        12          0          0          0          0         68   dretinf.o
       108          0          0          0          0         80   drleqf.o
        86          4          0          0          0         84   f2d.o
       450          8          0          0          0        236   faddsub_clz.o
        12          4          0          0          0         68   fcheck1.o
        24          0          0          0          0         68   fcmpi.o
       388         76          0          0          0         96   fdiv.o
       104          4          0          0          0         84   feqf.o
        54          4          0          0          0         84   ffix.o
        62          4          0          0          0         84   ffixu.o
        86          0          0          0          0        136   fflt_clz.o
       104          4          0          0          0         84   fleqf.o
       258          4          0          0          0         84   fmul.o
       140          4          0          0          0         84   fnaninf.o
        10          0          0          0          0         68   fretinf.o
        98          0          0          0          0         68   frleqf.o
       100          0          0          0          0         68   retnan.o
        76          0          0          0          0         68   scalbnf.o
        48          0          0          0          0         68   trapv.o
         0          0          0          0          0          0   usenofp.o
       220         16          0          0          0         84   ceil.o
       220         16          0          0          0         84   floor.o

    ----------------------------------------------------------------------
     28872       1444       3340        284        616      25432   Library Totals
        70          0          0          0          0          0   (incl. Padding)

    ----------------------------------------------------------------------

      Code (inc. data)   RO Data    RW Data    ZI Data      Debug   Library Name

     21616       1072       3340        284        520      20352   STemWin526_CM3_OS_Keil.lib
      2096         40          0          0         96       2000   c_w.l
      4650        300          0          0          0       2912   fz_ws.l
       440         32          0          0          0        168   m_ws.l

    ----------------------------------------------------------------------
     28872       1444       3340        284        616      25432   Library Totals

    ----------------------------------------------------------------------

==============================================================================


      Code (inc. data)   RO Data    RW Data    ZI Data      Debug   

    111832       7208     272252       1048     931488     896256   Grand Totals
    111832       7208     272252        192     931488     896256   ELF Image Totals (compressed)
    111832       7208     272252        192          0          0   ROM Totals

==============================================================================

    Total RO  Size (Code + RO Data)               384084 ( 375.08kB)
    Total RW  Size (RW Data + ZI Data)            932536 ( 910.68kB)
    Total ROM Size (Code + RO Data + RW Data)     384276 ( 375.27kB)

==============================================================================

